Archive member included because of file (symbol)

C:\Users\fill\Documents\LPCXpresso_6.0.4_159\workspace\Club_robocon\mbed\TARGET_LPC1768\TOOLCHAIN_GCC_CR\libmbed.a(pwmout_api.o)
                              ./Motor/Motor.o (pwmout_write)
C:\Users\fill\Documents\LPCXpresso_6.0.4_159\workspace\Club_robocon\mbed\TARGET_LPC1768\TOOLCHAIN_GCC_CR\libmbed.a(serial_api.o)
                              C:/Users/fill/Documents/LPCXpresso_6.0.4_159/workspace/Club_robocon/mbed/TARGET_LPC1768/TOOLCHAIN_GCC_CR/retarget.o (serial_getc)
C:\Users\fill\Documents\LPCXpresso_6.0.4_159\workspace\Club_robocon\mbed\TARGET_LPC1768\TOOLCHAIN_GCC_CR\libmbed.a(FilePath.o)
                              C:/Users/fill/Documents/LPCXpresso_6.0.4_159/workspace/Club_robocon/mbed/TARGET_LPC1768/TOOLCHAIN_GCC_CR/retarget.o (mbed::FilePath::FilePath(char const*))
C:\Users\fill\Documents\LPCXpresso_6.0.4_159\workspace\Club_robocon\mbed\TARGET_LPC1768\TOOLCHAIN_GCC_CR\libmbed.a(FileSystemLike.o)
                              C:/Users/fill/Documents/LPCXpresso_6.0.4_159/workspace/Club_robocon/mbed/TARGET_LPC1768/TOOLCHAIN_GCC_CR/retarget.o (mbed::FileSystemLike::opendir())
C:\Users\fill\Documents\LPCXpresso_6.0.4_159\workspace\Club_robocon\mbed\TARGET_LPC1768\TOOLCHAIN_GCC_CR\libmbed.a(Serial.o)
                              ./main.o (mbed::Serial::Serial(PinName, PinName, char const*))
C:\Users\fill\Documents\LPCXpresso_6.0.4_159\workspace\Club_robocon\mbed\TARGET_LPC1768\TOOLCHAIN_GCC_CR\libmbed.a(SerialBase.o)
                              C:\Users\fill\Documents\LPCXpresso_6.0.4_159\workspace\Club_robocon\mbed\TARGET_LPC1768\TOOLCHAIN_GCC_CR\libmbed.a(Serial.o) (mbed::SerialBase::SerialBase(PinName, PinName))
C:\Users\fill\Documents\LPCXpresso_6.0.4_159\workspace\Club_robocon\mbed\TARGET_LPC1768\TOOLCHAIN_GCC_CR\libmbed.a(Stream.o)
                              C:\Users\fill\Documents\LPCXpresso_6.0.4_159\workspace\Club_robocon\mbed\TARGET_LPC1768\TOOLCHAIN_GCC_CR\libmbed.a(Serial.o) (mbed::Stream::close())
C:\Users\fill\Documents\LPCXpresso_6.0.4_159\workspace\Club_robocon\mbed\TARGET_LPC1768\TOOLCHAIN_GCC_CR\libmbed.a(Timer.o)
                              ./myLIB/mySerial.o (mbed::Timer::Timer())
C:\Users\fill\Documents\LPCXpresso_6.0.4_159\workspace\Club_robocon\mbed\TARGET_LPC1768\TOOLCHAIN_GCC_CR\libmbed.a(assert.o)
                              ./Motor/Motor.o (mbed_assert_internal)
C:\Users\fill\Documents\LPCXpresso_6.0.4_159\workspace\Club_robocon\mbed\TARGET_LPC1768\TOOLCHAIN_GCC_CR\libmbed.a(error.o)
                              C:/Users/fill/Documents/LPCXpresso_6.0.4_159/workspace/Club_robocon/mbed/TARGET_LPC1768/TOOLCHAIN_GCC_CR/retarget.o (error)
C:\Users\fill\Documents\LPCXpresso_6.0.4_159\workspace\Club_robocon\mbed\TARGET_LPC1768\TOOLCHAIN_GCC_CR\libmbed.a(gpio.o)
                              C:\Users\fill\Documents\LPCXpresso_6.0.4_159\workspace\Club_robocon\mbed\TARGET_LPC1768\TOOLCHAIN_GCC_CR\libmbed.a(serial_api.o) (gpio_init_in)
C:\Users\fill\Documents\LPCXpresso_6.0.4_159\workspace\Club_robocon\mbed\TARGET_LPC1768\TOOLCHAIN_GCC_CR\libmbed.a(mbed_interface.o)
                              C:/Users/fill/Documents/LPCXpresso_6.0.4_159/workspace/Club_robocon/mbed/TARGET_LPC1768/TOOLCHAIN_GCC_CR/retarget.o (mbed_interface_connected)
C:\Users\fill\Documents\LPCXpresso_6.0.4_159\workspace\Club_robocon\mbed\TARGET_LPC1768\TOOLCHAIN_GCC_CR\libmbed.a(pinmap_common.o)
                              C:\Users\fill\Documents\LPCXpresso_6.0.4_159\workspace\Club_robocon\mbed\TARGET_LPC1768\TOOLCHAIN_GCC_CR\libmbed.a(pwmout_api.o) (pinmap_pinout)
C:\Users\fill\Documents\LPCXpresso_6.0.4_159\workspace\Club_robocon\mbed\TARGET_LPC1768\TOOLCHAIN_GCC_CR\libmbed.a(semihost_api.o)
                              C:/Users/fill/Documents/LPCXpresso_6.0.4_159/workspace/Club_robocon/mbed/TARGET_LPC1768/TOOLCHAIN_GCC_CR/retarget.o (semihost_exit)
C:\Users\fill\Documents\LPCXpresso_6.0.4_159\workspace\Club_robocon\mbed\TARGET_LPC1768\TOOLCHAIN_GCC_CR\libmbed.a(wait_api.o)
                              C:\Users\fill\Documents\LPCXpresso_6.0.4_159\workspace\Club_robocon\mbed\TARGET_LPC1768\TOOLCHAIN_GCC_CR\libmbed.a(SerialBase.o) (wait_us)
C:\Users\fill\Documents\LPCXpresso_6.0.4_159\workspace\Club_robocon\mbed\TARGET_LPC1768\TOOLCHAIN_GCC_CR\libmbed.a(ticker_api.o)
                              C:\Users\fill\Documents\LPCXpresso_6.0.4_159\workspace\Club_robocon\mbed\TARGET_LPC1768\TOOLCHAIN_GCC_CR\libmbed.a(Timer.o) (ticker_read)
C:\Users\fill\Documents\LPCXpresso_6.0.4_159\workspace\Club_robocon\mbed\TARGET_LPC1768\TOOLCHAIN_GCC_CR\libmbed.a(us_ticker_api.o)
                              C:\Users\fill\Documents\LPCXpresso_6.0.4_159\workspace\Club_robocon\mbed\TARGET_LPC1768\TOOLCHAIN_GCC_CR\libmbed.a(Timer.o) (get_us_ticker_data)
C:\Users\fill\Documents\LPCXpresso_6.0.4_159\workspace\Club_robocon\mbed\TARGET_LPC1768\TOOLCHAIN_GCC_CR\libmbed.a(gpio_api.o)
[...]
Memory Configuration

Name             Origin             Length             Attributes
MFlash512        0x00000000         0x00080000         xr
RamLoc32         0x100000c8         0x00007f38         xrw
RamAHB_USB       0x2007c000         0x00004000         xrw
RamAHB_Eth       0x20080000         0x00004000         xrw
*default*        0x00000000         0xffffffff

Linker script and memory map

LOAD ./myLIB/button.o
LOAD ./myLIB/mySerial.o
LOAD ./Motor/Motor.o
LOAD ./main.o
LOAD C:/Users/fill/Documents/LPCXpresso_6.0.4_159/workspace/Club_robocon/mbed/TARGET_LPC1768/TOOLCHAIN_GCC_CR/board.o
LOAD C:/Users/fill/Documents/LPCXpresso_6.0.4_159/workspace/Club_robocon/mbed/TARGET_LPC1768/TOOLCHAIN_GCC_CR/cmsis_nvic.o
LOAD C:/Users/fill/Documents/LPCXpresso_6.0.4_159/workspace/Club_robocon/mbed/TARGET_LPC1768/TOOLCHAIN_GCC_CR/retarget.o
LOAD C:/Users/fill/Documents/LPCXpresso_6.0.4_159/workspace/Club_robocon/mbed/TARGET_LPC1768/TOOLCHAIN_GCC_CR/startup_LPC17xx.o
LOAD C:/Users/fill/Documents/LPCXpresso_6.0.4_159/workspace/Club_robocon/mbed/TARGET_LPC1768/TOOLCHAIN_GCC_CR/system_LPC17xx.o
LOAD C:\Users\fill\Documents\LPCXpresso_6.0.4_159\workspace\Club_robocon\mbed\TARGET_LPC1768\TOOLCHAIN_GCC_CR\libmbed.a
START GROUP
LOAD c:/nxp/lpcxpresso_6.0.4_159/lpcxpresso/tools/bin/../lib/gcc/arm-none-eabi/4.6.2/armv7-m\libgcc.a
LOAD c:/nxp/lpcxpresso_6.0.4_159/lpcxpresso/tools/bin/../lib/gcc/arm-none-eabi/4.6.2/../../../../arm-none-eabi/lib/armv7-m\libc.a
LOAD c:/nxp/lpcxpresso_6.0.4_159/lpcxpresso/tools/bin/../lib/gcc/arm-none-eabi/4.6.2/../../../../arm-none-eabi/lib/armv7-m\libstdc++.a
LOAD c:/nxp/lpcxpresso_6.0.4_159/lpcxpresso/tools/bin/../lib/gcc/arm-none-eabi/4.6.2/../../../../arm-none-eabi/lib/armv7-m\libm.a
LOAD c:/nxp/lpcxpresso_6.0.4_159/lpcxpresso/tools/bin/../lib/gcc/arm-none-eabi/4.6.2/../../../../arm-none-eabi/lib/armv7-m\libcr_newlib_nohost.a
LOAD c:/nxp/lpcxpresso_6.0.4_159/lpcxpresso/tools/bin/../lib/gcc/arm-none-eabi/4.6.2/armv7-m\crti.o
LOAD c:/nxp/lpcxpresso_6.0.4_159/lpcxpresso/tools/bin/../lib/gcc/arm-none-eabi/4.6.2/armv7-m\crtn.o
LOAD c:/nxp/lpcxpresso_6.0.4_159/lpcxpresso/tools/bin/../lib/gcc/arm-none-eabi/4.6.2/armv7-m\crtbegin.o
LOAD c:/nxp/lpcxpresso_6.0.4_159/lpcxpresso/tools/bin/../lib/gcc/arm-none-eabi/4.6.2/armv7-m\crtend.o
END GROUP
                0x00080000                __top_MFlash512 = 0x80000
                0x10008000                __top_RamLoc32 = 0x10008000
                0x20084000                __top_RamAHB32 = 0x20084000

.text           0x00000000     0xdc4c
 FILL mask 0xff
 *(.isr_vector)
 .isr_vector    0x00000000       0xcc C:/Users/fill/Documents/LPCXpresso_6.0.4_159/workspace/Club_robocon/mbed/TARGET_LPC1768/TOOLCHAIN_GCC_CR/startup_LPC17xx.o
                0x00000000                g_pfnVectors
                0x000000cc                . = ALIGN (0x4)
                0x000000cc                __section_table_start = .
                0x000000cc                __data_section_table = .
                0x000000cc        0x4 LONG 0xdc54 LOADADDR (.data)
                0x000000d0        0x4 LONG 0x100000c8 ADDR (.data)
                0x000000d4        0x4 LONG 0x8f0 SIZEOF (.data)
                0x000000d8        0x4 LONG 0xdc54 LOADADDR (.data_RAM2)
                0x000000dc        0x4 LONG 0x2007c000 ADDR (.data_RAM2)
                0x000000e0        0x4 LONG 0x0 SIZEOF (.data_RAM2)
                0x000000e4                __data_section_table_end = .
                0x000000e4                __bss_section_table = .
                0x000000e4        0x4 LONG 0x100009b8 ADDR (.bss)
                0x000000e8        0x4 LONG 0x4d4 SIZEOF (.bss)
                0x000000ec        0x4 LONG 0x2007c000 ADDR (.bss_RAM2)
                0x000000f0        0x4 LONG 0x0 SIZEOF (.bss_RAM2)
                0x000000f4                __bss_section_table_end = .
                0x000000f4                __section_table_end = .
 *(.after_vectors*)
 .after_vectors
                0x000000f4       0xd0 C:/Users/fill/Documents/LPCXpresso_6.0.4_159/workspace/Club_robocon/mbed/TARGET_LPC1768/TOOLCHAIN_GCC_CR/startup_LPC17xx.o
                0x000000f4                NMI_Handler
                0x000000f8                HardFault_Handler
                0x000000fc                MemManage_Handler
                0x00000100                BusFault_Handler
                0x00000104                UsageFault_Handler
                0x00000108                SVC_Handler
                0x0000010c                DebugMon_Handler
                0x00000110                PendSV_Handler
                0x00000114                SysTick_Handler
                0x00000118                PWM1_IRQHandler
                0x00000118                I2C1_IRQHandler
                0x00000118                EINT2_IRQHandler
                0x00000118                UART1_IRQHandler
                0x00000118                EINT3_IRQHandler
                0x00000118                CANActivity_IRQHandler
                0x00000118                TIMER3_IRQHandler
                0x00000118                UART0_IRQHandler
                0x00000118                MCPWM_IRQHandler
                0x00000118                I2C0_IRQHandler
                0x00000118                IntDefaultHandler
                0x00000118                RIT_IRQHandler
                0x00000118                CAN_IRQHandler
                0x00000118                PLL1_IRQHandler
                0x00000118                SSP0_IRQHandler
                0x00000118                I2S_IRQHandler
                0x00000118                I2C2_IRQHandler
                0x00000118                RTC_IRQHandler
                0x00000118                TIMER0_IRQHandler
                0x00000118                SPI_IRQHandler
                0x00000118                UART3_IRQHandler
                0x00000118                EINT1_IRQHandler
                0x00000118                TIMER1_IRQHandler
                0x00000118                UART2_IRQHandler
                0x00000118                ADC_IRQHandler
                0x00000118                SSP1_IRQHandler
                0x00000118                USB_IRQHandler
                0x00000118                BOD_IRQHandler
                0x00000118                USBActivity_IRQHandler
                0x00000118                WDT_IRQHandler
                0x00000118                PLL0_IRQHandler
                0x00000118                QEI_IRQHandler
                0x00000118                EINT0_IRQHandler
                0x00000118                TIMER2_IRQHandler
                0x00000118                DMA_IRQHandler
                0x00000118                ENET_IRQHandler
                0x0000011c                ResetISR
                0x0000019c                data_init
                0x000001b4                bss_init
 *(.text*)
 .text._ZN6ButtonC2Ev
                0x000001c4        0x8 ./myLIB/button.o
                0x000001c4                Button::Button()
                0x000001c4                Button::Button()
 .text._ZN6Button4pushEi
                0x000001cc        0xc ./myLIB/button.o
                0x000001cc                Button::push(int)
 .text._ZN6Button8set_DataEi
                0x000001d8        0x8 ./myLIB/button.o
                0x000001d8                Button::set_Data(int)
 .text._ZN8MySerialC2EPN4mbed6SerialE
                0x000001e0        0x4 ./myLIB/mySerial.o
                0x000001e0                MySerial::MySerial(mbed::Serial*)
                0x000001e0                MySerial::MySerial(mbed::Serial*)
 .text._ZN8MySerial5inputEv
                0x000001e4       0x38 ./myLIB/mySerial.o
                0x000001e4                MySerial::input()
 .text.startup._GLOBAL__sub_I_stopper_
                0x0000021c        0xc ./myLIB/mySerial.o
 .text._ZN4mbed10DigitalOutC2E7PinName
                0x00000228       0x1a ./Motor/Motor.o
                0x00000228                mbed::DigitalOut::DigitalOut(PinName)
                0x00000228                mbed::DigitalOut::DigitalOut(PinName)
 *fill*         0x00000242        0x2 00
 .text._ZN4mbed10DigitalOut5writeEi
                0x00000244       0x2c ./Motor/Motor.o
                0x00000244                mbed::DigitalOut::write(int)
 .text._ZN5MotorC2Ev
                0x00000270       0x1e ./Motor/Motor.o
                0x00000270                Motor::Motor()
                0x00000270                Motor::Motor()
 *fill*         0x0000028e        0x2 00
 .text._ZN5Motor4initEv
                0x00000290       0x50 ./Motor/Motor.o
                0x00000290                Motor::init()
 .text._ZN5Motor5driveEi
                0x000002e0      0x120 ./Motor/Motor.o
                0x000002e0                Motor::drive(int)
 .text._ZN5Motor8drive_LPEi
                0x00000400       0x7e ./Motor/Motor.o
                0x00000400                Motor::drive_LP(int)
 *fill*         0x0000047e        0x2 00
 .text.startup._GLOBAL__sub_I_p1
                0x00000480       0x64 ./Motor/Motor.o
 .text._ZN4mbed10SerialBaseD2Ev
                0x000004e4        0xc ./main.o
                0x000004e4                mbed::SerialBase::~SerialBase()
                0x000004e4                mbed::SerialBase::~SerialBase()
 .text._ZN4mbed6SerialD1Ev
                0x000004f0       0x10 ./main.o
                0x000004f0                non-virtual thunk to mbed::Serial::~Serial()
                0x000004f8                non-virtual thunk to mbed::Serial::~Serial()
 .text._ZN4mbed6SerialD2Ev
                0x00000500       0x2c ./main.o
                0x00000500                mbed::Serial::~Serial()
                0x00000500                mbed::Serial::~Serial()
 .text._ZN4mbed10SerialBaseD0Ev
                0x0000052c       0x14 ./main.o
                0x0000052c                mbed::SerialBase::~SerialBase()
 .text._Z8uartReadv
                0x00000540       0x90 ./main.o
                0x00000540                uartRead()
 .text._Z9input_valv
                0x000005d0       0xb4 ./main.o
                0x000005d0                input_val()
 *fill*         0x00000684        0x4 00
 .text._Z8arm_ctrlv
                0x00000688       0x80 ./main.o
                0x00000688                arm_ctrl()
 .text._Z12machine_movev
                0x00000708       0xd0 ./main.o
                0x00000708                machine_move()
 .text._Z5setupv
                0x000007d8       0x28 ./main.o
                0x000007d8                setup()
 .text._Z4loopv
                0x00000800       0x34 ./main.o
                0x00000800                loop()
 .text.startup.main
                0x00000834        0xc ./main.o
                0x00000834                main
 .text._ZN4mbed6SerialD0Ev
                0x00000840       0x1e ./main.o
                0x00000840                non-virtual thunk to mbed::Serial::~Serial()
                0x00000846                non-virtual thunk to mbed::Serial::~Serial()
                0x0000084c                mbed::Serial::~Serial()
 *fill*         0x0000085e        0x2 00
 .text.startup._GLOBAL__sub_I_slave
                0x00000860       0x84 ./main.o
 .text.mbed_die
                0x000008e4      0x10c C:/Users/fill/Documents/LPCXpresso_6.0.4_159/workspace/Club_robocon/mbed/TARGET_LPC1768/TOOLCHAIN_GCC_CR/board.o
                0x000008e4                mbed_die
 .text.NVIC_SetVector
                0x000009f0       0x3c C:/Users/fill/Documents/LPCXpresso_6.0.4_159/workspace/Club_robocon/mbed/TARGET_LPC1768/TOOLCHAIN_GCC_CR/cmsis_nvic.o
                0x000009f0                NVIC_SetVector
 .text._ZN4mbed10FileHandle4flenEv
                0x00000a2c       0x34 C:/Users/fill/Documents/LPCXpresso_6.0.4_159/workspace/Club_robocon/mbed/TARGET_LPC1768/TOOLCHAIN_GCC_CR/retarget.o
                0x00000a2c                mbed::FileHandle::flen()
 .text._ZN4mbed10FileHandleD2Ev
                0x00000a60       0x2c C:/Users/fill/Documents/LPCXpresso_6.0.4_159/workspace/Club_robocon/mbed/TARGET_LPC1768/TOOLCHAIN_GCC_CR/retarget.o
                0x00000a60                mbed::FileHandle::~FileHandle()
                0x00000a60                mbed::FileHandle::~FileHandle()
 .text._ZN4mbed10FileHandleD0Ev
                0x00000a8c       0x34 C:/Users/fill/Documents/LPCXpresso_6.0.4_159/workspace/Club_robocon/mbed/TARGET_LPC1768/TOOLCHAIN_GCC_CR/retarget.o
                0x00000a8c                mbed::FileHandle::~FileHandle()
 .text._ZL11init_serialv.part.0
                0x00000ac0       0x18 C:/Users/fill/Documents/LPCXpresso_6.0.4_159/workspace/Club_robocon/mbed/TARGET_LPC1768/TOOLCHAIN_GCC_CR/retarget.o
 .text._open    0x00000ad8       0xfc C:/Users/fill/Documents/LPCXpresso_6.0.4_159/workspace/Club_robocon/mbed/TARGET_LPC1768/TOOLCHAIN_GCC_CR/retarget.o
                0x00000ad8                _open
 .text._close   0x00000bd4       0x2c C:/Users/fill/Documents/LPCXpresso_6.0.4_159/workspace/Club_robocon/mbed/TARGET_LPC1768/TOOLCHAIN_GCC_CR/retarget.o
                0x00000bd4                _close
 .text._write   0x00000c00       0x50 C:/Users/fill/Documents/LPCXpresso_6.0.4_159/workspace/Club_robocon/mbed/TARGET_LPC1768/TOOLCHAIN_GCC_CR/retarget.o
                0x00000c00                _write
 .text._read    0x00000c50       0x4c C:/Users/fill/Documents/LPCXpresso_6.0.4_159/workspace/Club_robocon/mbed/TARGET_LPC1768/TOOLCHAIN_GCC_CR/retarget.o
                0x00000c50                _read
 .text._isatty  0x00000c9c       0x28 C:/Users/fill/Documents/LPCXpresso_6.0.4_159/workspace/Club_robocon/mbed/TARGET_LPC1768/TOOLCHAIN_GCC_CR/retarget.o
                0x00000c9c                _isatty
 .text._lseek   0x00000cc4       0x28 C:/Users/fill/Documents/LPCXpresso_6.0.4_159/workspace/Club_robocon/mbed/TARGET_LPC1768/TOOLCHAIN_GCC_CR/retarget.o
                0x00000cc4                _lseek
 .text._fstat   0x00000cec       0x20 C:/Users/fill/Documents/LPCXpresso_6.0.4_159/workspace/Club_robocon/mbed/TARGET_LPC1768/TOOLCHAIN_GCC_CR/retarget.o
                0x00000cec                _fstat
 .text.exit     0x00000d0c       0x30 C:/Users/fill/Documents/LPCXpresso_6.0.4_159/workspace/Club_robocon/mbed/TARGET_LPC1768/TOOLCHAIN_GCC_CR/retarget.o
                0x00000d0c                exit
 .text.__cxa_pure_virtual
                0x00000d3c        0x8 C:/Users/fill/Documents/LPCXpresso_6.0.4_159/workspace/Club_robocon/mbed/TARGET_LPC1768/TOOLCHAIN_GCC_CR/retarget.o
                0x00000d3c                __cxa_pure_virtual
 .text._ZN4mbed26mbed_set_unbuffered_streamEP7__sFILE
                0x00000d44        0x8 C:/Users/fill/Documents/LPCXpresso_6.0.4_159/workspace/Club_robocon/mbed/TARGET_LPC1768/TOOLCHAIN_GCC_CR/retarget.o
                0x00000d44                mbed::mbed_set_unbuffered_stream(__sFILE*)
 .text._ZN4mbed9mbed_getcEP7__sFILE
                0x00000d4c        0x4 C:/Users/fill/Documents/LPCXpresso_6.0.4_159/workspace/Club_robocon/mbed/TARGET_LPC1768/TOOLCHAIN_GCC_CR/retarget.o
                0x00000d4c                mbed::mbed_getc(__sFILE*)
 .text.__aeabi_atexit
                0x00000d50        0x4 C:/Users/fill/Documents/LPCXpresso_6.0.4_159/workspace/Club_robocon/mbed/TARGET_LPC1768/TOOLCHAIN_GCC_CR/startup_LPC17xx.o
                0x00000d50                __aeabi_atexit
 .text._ZdlPv   0x00000d54        0x4 C:/Users/fill/Documents/LPCXpresso_6.0.4_159/workspace/Club_robocon/mbed/TARGET_LPC1768/TOOLCHAIN_GCC_CR/startup_LPC17xx.o
                0x00000d54                operator delete(void*)
 .text.SystemInit
                0x00000d58       0xb8 C:/Users/fill/Documents/LPCXpresso_6.0.4_159/workspace/Club_robocon/mbed/TARGET_LPC1768/TOOLCHAIN_GCC_CR/system_LPC17xx.o
                0x00000d58                SystemInit
 .text.pwmout_write
                0x00000e10       0x5c C:\Users\fill\Documents\LPCXpresso_6.0.4_159\workspace\Club_robocon\mbed\TARGET_LPC1768\TOOLCHAIN_GCC_CR\libmbed.a(pwmout_api.o)
                0x00000e10                pwmout_write
 .text.pwmout_period_us
                0x00000e6c       0x44 C:\Users\fill\Documents\LPCXpresso_6.0.4_159\workspace\Club_robocon\mbed\TARGET_LPC1768\TOOLCHAIN_GCC_CR\libmbed.a(pwmout_api.o)
                0x00000e6c                pwmout_period_us
 .text.pwmout_period_ms
                0x00000eb0        0xc C:\Users\fill\Documents\LPCXpresso_6.0.4_159\workspace\Club_robocon\mbed\TARGET_LPC1768\TOOLCHAIN_GCC_CR\libmbed.a(pwmout_api.o)
                0x00000eb0                pwmout_period_ms
 .text.pwmout_init
                0x00000ebc       0xd8 C:\Users\fill\Documents\LPCXpresso_6.0.4_159\workspace\Club_robocon\mbed\TARGET_LPC1768\TOOLCHAIN_GCC_CR\libmbed.a(pwmout_api.o)
                0x00000ebc                pwmout_init
 .text.uart2_irq
                0x00000f94       0x64 C:\Users\fill\Documents\LPCXpresso_6.0.4_159\workspace\Club_robocon\mbed\TARGET_LPC1768\TOOLCHAIN_GCC_CR\libmbed.a(serial_api.o)
                0x00000f94                uart2_irq
 .text.serial_irq_set_internal
                0x00000ff8       0xcc C:\Users\fill\Documents\LPCXpresso_6.0.4_159\workspace\Club_robocon\mbed\TARGET_LPC1768\TOOLCHAIN_GCC_CR\libmbed.a(serial_api.o)
 .text.uart0_irq
                0x000010c4       0x64 C:\Users\fill\Documents\LPCXpresso_6.0.4_159\workspace\Club_robocon\mbed\TARGET_LPC1768\TOOLCHAIN_GCC_CR\libmbed.a(serial_api.o)
                0x000010c4                uart0_irq
 .text.uart3_irq
                0x00001128       0x6c C:\Users\fill\Documents\LPCXpresso_6.0.4_159\workspace\Club_robocon\mbed\TARGET_LPC1768\TOOLCHAIN_GCC_CR\libmbed.a(serial_api.o)
                0x00001128                uart3_irq
 .text.uart1_irq
                0x00001194       0x64 C:\Users\fill\Documents\LPCXpresso_6.0.4_159\workspace\Club_robocon\mbed\TARGET_LPC1768\TOOLCHAIN_GCC_CR\libmbed.a(serial_api.o)
                0x00001194                uart1_irq
 .text.serial_baud
                0x000011f8      0x244 C:\Users\fill\Documents\LPCXpresso_6.0.4_159\workspace\Club_robocon\mbed\TARGET_LPC1768\TOOLCHAIN_GCC_CR\libmbed.a(serial_api.o)
                0x000011f8                serial_baud
 .text.serial_format
                0x0000143c       0x78 C:\Users\fill\Documents\LPCXpresso_6.0.4_159\workspace\Club_robocon\mbed\TARGET_LPC1768\TOOLCHAIN_GCC_CR\libmbed.a(serial_api.o)
                0x0000143c                serial_format
 .text.serial_irq_handler
                0x000014b4       0x20 C:\Users\fill\Documents\LPCXpresso_6.0.4_159\workspace\Club_robocon\mbed\TARGET_LPC1768\TOOLCHAIN_GCC_CR\libmbed.a(serial_api.o)
                0x000014b4                serial_irq_handler
 .text.serial_getc
                0x000014d4       0x38 C:\Users\fill\Documents\LPCXpresso_6.0.4_159\workspace\Club_robocon\mbed\TARGET_LPC1768\TOOLCHAIN_GCC_CR\libmbed.a(serial_api.o)
                0x000014d4                serial_getc
 .text.serial_readable
                0x0000150c        0xc C:\Users\fill\Documents\LPCXpresso_6.0.4_159\workspace\Club_robocon\mbed\TARGET_LPC1768\TOOLCHAIN_GCC_CR\libmbed.a(serial_api.o)
                0x0000150c                serial_readable
 .text.serial_writable
                0x00001518       0x74 C:\Users\fill\Documents\LPCXpresso_6.0.4_159\workspace\Club_robocon\mbed\TARGET_LPC1768\TOOLCHAIN_GCC_CR\libmbed.a(serial_api.o)
                0x00001518                serial_writable
 .text.serial_putc
                0x0000158c       0x34 C:\Users\fill\Documents\LPCXpresso_6.0.4_159\workspace\Club_robocon\mbed\TARGET_LPC1768\TOOLCHAIN_GCC_CR\libmbed.a(serial_api.o)
                0x0000158c                serial_putc
 .text.serial_set_flow_control
                0x000015c0      0x12c C:\Users\fill\Documents\LPCXpresso_6.0.4_159\workspace\Club_robocon\mbed\TARGET_LPC1768\TOOLCHAIN_GCC_CR\libmbed.a(serial_api.o)
                0x000015c0                serial_set_flow_control
 .text.serial_init
                0x000016ec      0x1bc C:\Users\fill\Documents\LPCXpresso_6.0.4_159\workspace\Club_robocon\mbed\TARGET_LPC1768\TOOLCHAIN_GCC_CR\libmbed.a(serial_api.o)
                0x000016ec                serial_init
 .text._ZN4mbed8FilePathC2EPKc
                0x000018a8       0x58 C:\Users\fill\Documents\LPCXpresso_6.0.4_159\workspace\Club_robocon\mbed\TARGET_LPC1768\TOOLCHAIN_GCC_CR\libmbed.a(FilePath.o)
                0x000018a8                mbed::FilePath::FilePath(char const*)
                0x000018a8                mbed::FilePath::FilePath(char const*)
 .text._ZN4mbed8FilePath8fileNameEv
                0x00001900        0x4 C:\Users\fill\Documents\LPCXpresso_6.0.4_159\workspace\Club_robocon\mbed\TARGET_LPC1768\TOOLCHAIN_GCC_CR\libmbed.a(FilePath.o)
                0x00001900                mbed::FilePath::fileName()
 .text._ZN4mbed8FilePath10fileSystemEv
                0x00001904       0x18 C:\Users\fill\Documents\LPCXpresso_6.0.4_159\workspace\Club_robocon\mbed\TARGET_LPC1768\TOOLCHAIN_GCC_CR\libmbed.a(FilePath.o)
                0x00001904                mbed::FilePath::fileSystem()
 .text._ZN4mbed8FilePath6isFileEv
                0x0000191c       0x14 C:\Users\fill\Documents\LPCXpresso_6.0.4_159\workspace\Club_robocon\mbed\TARGET_LPC1768\TOOLCHAIN_GCC_CR\libmbed.a(FilePath.o)
                0x0000191c                mbed::FilePath::isFile()
 .text._ZN4mbed8FilePath4fileEv
                0x00001930       0x1c C:\Users\fill\Documents\LPCXpresso_6.0.4_159\workspace\Club_robocon\mbed\TARGET_LPC1768\TOOLCHAIN_GCC_CR\libmbed.a(FilePath.o)
                0x00001930                mbed::FilePath::file()
 .text._ZN4mbed8FilePath6existsEv
                0x0000194c        0xc C:\Users\fill\Documents\LPCXpresso_6.0.4_159\workspace\Club_robocon\mbed\TARGET_LPC1768\TOOLCHAIN_GCC_CR\libmbed.a(FilePath.o)
                0x0000194c                mbed::FilePath::exists()
 .text._ZN4mbed6Serial5_getcEv
                0x00001958        0x4 C:\Users\fill\Documents\LPCXpresso_6.0.4_159\workspace\Club_robocon\mbed\TARGET_LPC1768\TOOLCHAIN_GCC_CR\libmbed.a(Serial.o)
                0x00001958                mbed::Serial::_getc()
 .text._ZThn64_N4mbed6Serial5_getcEv
                0x0000195c        0x8 C:\Users\fill\Documents\LPCXpresso_6.0.4_159\workspace\Club_robocon\mbed\TARGET_LPC1768\TOOLCHAIN_GCC_CR\libmbed.a(Serial.o)
                0x0000195c                non-virtual thunk to mbed::Serial::_getc()
 .text._ZN4mbed6Serial5_putcEi
                0x00001964        0x4 C:\Users\fill\Documents\LPCXpresso_6.0.4_159\workspace\Club_robocon\mbed\TARGET_LPC1768\TOOLCHAIN_GCC_CR\libmbed.a(Serial.o)
                0x00001964                mbed::Serial::_putc(int)
 .text._ZThn64_N4mbed6Serial5_putcEi
                0x00001968        0x8 C:\Users\fill\Documents\LPCXpresso_6.0.4_159\workspace\Club_robocon\mbed\TARGET_LPC1768\TOOLCHAIN_GCC_CR\libmbed.a(Serial.o)
                0x00001968                non-virtual thunk to mbed::Serial::_putc(int)
 .text._ZN4mbed6SerialC2E7PinNameS1_PKc
                0x00001970       0x30 C:\Users\fill\Documents\LPCXpresso_6.0.4_159\workspace\Club_robocon\mbed\TARGET_LPC1768\TOOLCHAIN_GCC_CR\libmbed.a(Serial.o)
                0x00001970                mbed::Serial::Serial(PinName, PinName, char const*)
                0x00001970                mbed::Serial::Serial(PinName, PinName, char const*)
 .text._ZN4mbed10SerialBase12_irq_handlerEm9SerialIrq
                0x000019a0       0x28 C:\Users\fill\Documents\LPCXpresso_6.0.4_159\workspace\Club_robocon\mbed\TARGET_LPC1768\TOOLCHAIN_GCC_CR\libmbed.a(SerialBase.o)
                0x000019a0                mbed::SerialBase::_irq_handler(unsigned long, SerialIrq)
 .text._ZN4mbed10SerialBaseC2E7PinNameS1_
                0x000019c8       0x3c C:\Users\fill\Documents\LPCXpresso_6.0.4_159\workspace\Club_robocon\mbed\TARGET_LPC1768\TOOLCHAIN_GCC_CR\libmbed.a(SerialBase.o)
                0x000019c8                mbed::SerialBase::SerialBase(PinName, PinName)
                0x000019c8                mbed::SerialBase::SerialBase(PinName, PinName)
 .text._ZN4mbed10SerialBase4baudEi
                0x00001a04       0x10 C:\Users\fill\Documents\LPCXpresso_6.0.4_159\workspace\Club_robocon\mbed\TARGET_LPC1768\TOOLCHAIN_GCC_CR\libmbed.a(SerialBase.o)
                0x00001a04                mbed::SerialBase::baud(int)
 .text._ZN4mbed10SerialBase8readableEv
                0x00001a14        0x8 C:\Users\fill\Documents\LPCXpresso_6.0.4_159\workspace\Club_robocon\mbed\TARGET_LPC1768\TOOLCHAIN_GCC_CR\libmbed.a(SerialBase.o)
                0x00001a14                mbed::SerialBase::readable()
 .text._ZN4mbed10SerialBase10_base_getcEv
                0x00001a1c        0x8 C:\Users\fill\Documents\LPCXpresso_6.0.4_159\workspace\Club_robocon\mbed\TARGET_LPC1768\TOOLCHAIN_GCC_CR\libmbed.a(SerialBase.o)
                0x00001a1c                mbed::SerialBase::_base_getc()
 .text._ZN4mbed10SerialBase10_base_putcEi
                0x00001a24       0x10 C:\Users\fill\Documents\LPCXpresso_6.0.4_159\workspace\Club_robocon\mbed\TARGET_LPC1768\TOOLCHAIN_GCC_CR\libmbed.a(SerialBase.o)
                0x00001a24                mbed::SerialBase::_base_putc(int)
 .text._ZN4mbed6Stream5closeEv
                0x00001a34        0x4 C:\Users\fill\Documents\LPCXpresso_6.0.4_159\workspace\Club_robocon\mbed\TARGET_LPC1768\TOOLCHAIN_GCC_CR\libmbed.a(Stream.o)
                0x00001a34                mbed::Stream::close()
 .text._ZN4mbed6Stream5writeEPKvj
                0x00001a38       0x30 C:\Users\fill\Documents\LPCXpresso_6.0.4_159\workspace\Club_robocon\mbed\TARGET_LPC1768\TOOLCHAIN_GCC_CR\libmbed.a(Stream.o)
                0x00001a38                mbed::Stream::write(void const*, unsigned int)
 .text._ZN4mbed6Stream4readEPvj
                0x00001a68       0x30 C:\Users\fill\Documents\LPCXpresso_6.0.4_159\workspace\Club_robocon\mbed\TARGET_LPC1768\TOOLCHAIN_GCC_CR\libmbed.a(Stream.o)
                0x00001a68                mbed::Stream::read(void*, unsigned int)
 .text._ZN4mbed6Stream5lseekEli
                0x00001a98        0x4 C:\Users\fill\Documents\LPCXpresso_6.0.4_159\workspace\Club_robocon\mbed\TARGET_LPC1768\TOOLCHAIN_GCC_CR\libmbed.a(Stream.o)
                0x00001a98                mbed::Stream::lseek(long, int)
 .text._ZN4mbed6Stream6isattyEv
                0x00001a9c        0x4 C:\Users\fill\Documents\LPCXpresso_6.0.4_159\workspace\Club_robocon\mbed\TARGET_LPC1768\TOOLCHAIN_GCC_CR\libmbed.a(Stream.o)
                0x00001a9c                mbed::Stream::isatty()
 .text._ZN4mbed6Stream5fsyncEv
                0x00001aa0        0x4 C:\Users\fill\Documents\LPCXpresso_6.0.4_159\workspace\Club_robocon\mbed\TARGET_LPC1768\TOOLCHAIN_GCC_CR\libmbed.a(Stream.o)
                0x00001aa0                mbed::Stream::fsync()
 .text._ZN4mbed6Stream4flenEv
                0x00001aa4        0x4 C:\Users\fill\Documents\LPCXpresso_6.0.4_159\workspace\Club_robocon\mbed\TARGET_LPC1768\TOOLCHAIN_GCC_CR\libmbed.a(Stream.o)
                0x00001aa4                mbed::Stream::flen()
 .text._ZN4mbed6StreamD2Ev
                0x00001aa8       0x24 C:\Users\fill\Documents\LPCXpresso_6.0.4_159\workspace\Club_robocon\mbed\TARGET_LPC1768\TOOLCHAIN_GCC_CR\libmbed.a(Stream.o)
                0x00001aa8                mbed::Stream::~Stream()
                0x00001aa8                mbed::Stream::~Stream()
 .text._ZThn4_N4mbed6StreamD1Ev
                0x00001acc        0x8 C:\Users\fill\Documents\LPCXpresso_6.0.4_159\workspace\Club_robocon\mbed\TARGET_LPC1768\TOOLCHAIN_GCC_CR\libmbed.a(Stream.o)
                0x00001acc                non-virtual thunk to mbed::Stream::~Stream()
 .text._ZN4mbed6StreamD0Ev
                0x00001ad4       0x14 C:\Users\fill\Documents\LPCXpresso_6.0.4_159\workspace\Club_robocon\mbed\TARGET_LPC1768\TOOLCHAIN_GCC_CR\libmbed.a(Stream.o)
                0x00001ad4                mbed::Stream::~Stream()
 .text._ZThn4_N4mbed6StreamD0Ev
                0x00001ae8        0x8 C:\Users\fill\Documents\LPCXpresso_6.0.4_159\workspace\Club_robocon\mbed\TARGET_LPC1768\TOOLCHAIN_GCC_CR\libmbed.a(Stream.o)
                0x00001ae8                non-virtual thunk to mbed::Stream::~Stream()
 .text._ZN4mbed6StreamC2EPKc
                0x00001af0       0x44 C:\Users\fill\Documents\LPCXpresso_6.0.4_159\workspace\Club_robocon\mbed\TARGET_LPC1768\TOOLCHAIN_GCC_CR\libmbed.a(Stream.o)
                0x00001af0                mbed::Stream::Stream(char const*)
                0x00001af0                mbed::Stream::Stream(char const*)
 .text._ZN4mbed6Stream4getcEv
                0x00001b34       0x14 C:\Users\fill\Documents\LPCXpresso_6.0.4_159\workspace\Club_robocon\mbed\TARGET_LPC1768\TOOLCHAIN_GCC_CR\libmbed.a(Stream.o)
                0x00001b34                mbed::Stream::getc()
 .text._ZN4mbed5Timer9slicetimeEv.part.0
                0x00001b48       0x10 C:\Users\fill\Documents\LPCXpresso_6.0.4_159\workspace\Club_robocon\mbed\TARGET_LPC1768\TOOLCHAIN_GCC_CR\libmbed.a(Timer.o)
 .text._ZN4mbed5TimerC2Ev
                0x00001b58       0x20 C:\Users\fill\Documents\LPCXpresso_6.0.4_159\workspace\Club_robocon\mbed\TARGET_LPC1768\TOOLCHAIN_GCC_CR\libmbed.a(Timer.o)
                0x00001b58                mbed::Timer::Timer()
                0x00001b58                mbed::Timer::Timer()
 .text._ZN4mbed5Timer5startEv
                0x00001b78       0x18 C:\Users\fill\Documents\LPCXpresso_6.0.4_159\workspace\Club_robocon\mbed\TARGET_LPC1768\TOOLCHAIN_GCC_CR\libmbed.a(Timer.o)
                0x00001b78                mbed::Timer::start()
 .text._ZN4mbed5Timer7read_msEv
                0x00001b90       0x24 C:\Users\fill\Documents\LPCXpresso_6.0.4_159\workspace\Club_robocon\mbed\TARGET_LPC1768\TOOLCHAIN_GCC_CR\libmbed.a(Timer.o)
                0x00001b90                mbed::Timer::read_ms()
 .text._ZN4mbed5Timer5resetEv
                0x00001bb4       0x14 C:\Users\fill\Documents\LPCXpresso_6.0.4_159\workspace\Club_robocon\mbed\TARGET_LPC1768\TOOLCHAIN_GCC_CR\libmbed.a(Timer.o)
                0x00001bb4                mbed::Timer::reset()
 .text.mbed_assert_internal
                0x00001bc8       0x18 C:\Users\fill\Documents\LPCXpresso_6.0.4_159\workspace\Club_robocon\mbed\TARGET_LPC1768\TOOLCHAIN_GCC_CR\libmbed.a(assert.o)
                0x00001bc8                mbed_assert_internal
 .text.error    0x00001be0       0x24 C:\Users\fill\Documents\LPCXpresso_6.0.4_159\workspace\Club_robocon\mbed\TARGET_LPC1768\TOOLCHAIN_GCC_CR\libmbed.a(error.o)
                0x00001be0                error
 .text.gpio_init_in
                0x00001c04       0x24 C:\Users\fill\Documents\LPCXpresso_6.0.4_159\workspace\Club_robocon\mbed\TARGET_LPC1768\TOOLCHAIN_GCC_CR\libmbed.a(gpio.o)
                0x00001c04                gpio_init_in
 .text.gpio_init_out
                0x00001c28       0x44 C:\Users\fill\Documents\LPCXpresso_6.0.4_159\workspace\Club_robocon\mbed\TARGET_LPC1768\TOOLCHAIN_GCC_CR\libmbed.a(gpio.o)
                0x00001c28                gpio_init_out
 .text.gpio_init_out_ex
                0x00001c6c       0x54 C:\Users\fill\Documents\LPCXpresso_6.0.4_159\workspace\Club_robocon\mbed\TARGET_LPC1768\TOOLCHAIN_GCC_CR\libmbed.a(gpio.o)
                0x00001c6c                gpio_init_out_ex
 .text.mbed_interface_connected
                0x00001cc0        0x4 C:\Users\fill\Documents\LPCXpresso_6.0.4_159\workspace\Club_robocon\mbed\TARGET_LPC1768\TOOLCHAIN_GCC_CR\libmbed.a(mbed_interface.o)
                0x00001cc0                mbed_interface_connected
 .text.pinmap_pinout
                0x00001cc4       0x40 C:\Users\fill\Documents\LPCXpresso_6.0.4_159\workspace\Club_robocon\mbed\TARGET_LPC1768\TOOLCHAIN_GCC_CR\libmbed.a(pinmap_common.o)
                0x00001cc4                pinmap_pinout
 .text.pinmap_merge
                0x00001d04       0x24 C:\Users\fill\Documents\LPCXpresso_6.0.4_159\workspace\Club_robocon\mbed\TARGET_LPC1768\TOOLCHAIN_GCC_CR\libmbed.a(pinmap_common.o)
                0x00001d04                pinmap_merge
 .text.pinmap_find_peripheral
                0x00001d28       0x1c C:\Users\fill\Documents\LPCXpresso_6.0.4_159\workspace\Club_robocon\mbed\TARGET_LPC1768\TOOLCHAIN_GCC_CR\libmbed.a(pinmap_common.o)
                0x00001d28                pinmap_find_peripheral
 .text.pinmap_peripheral
                0x00001d44       0x34 C:\Users\fill\Documents\LPCXpresso_6.0.4_159\workspace\Club_robocon\mbed\TARGET_LPC1768\TOOLCHAIN_GCC_CR\libmbed.a(pinmap_common.o)
                0x00001d44                pinmap_peripheral
 .text.semihost_exit
                0x00001d78       0x18 C:\Users\fill\Documents\LPCXpresso_6.0.4_159\workspace\Club_robocon\mbed\TARGET_LPC1768\TOOLCHAIN_GCC_CR\libmbed.a(semihost_api.o)
                0x00001d78                semihost_exit
 .text.semihost_connected
                0x00001d90       0x10 C:\Users\fill\Documents\LPCXpresso_6.0.4_159\workspace\Club_robocon\mbed\TARGET_LPC1768\TOOLCHAIN_GCC_CR\libmbed.a(semihost_api.o)
                0x00001d90                semihost_connected
 .text.wait_us  0x00001da0       0x18 C:\Users\fill\Documents\LPCXpresso_6.0.4_159\workspace\Club_robocon\mbed\TARGET_LPC1768\TOOLCHAIN_GCC_CR\libmbed.a(wait_api.o)
                0x00001da0                wait_us
 .text.wait_ms  0x00001db8        0xc C:\Users\fill\Documents\LPCXpresso_6.0.4_159\workspace\Club_robocon\mbed\TARGET_LPC1768\TOOLCHAIN_GCC_CR\libmbed.a(wait_api.o)
                0x00001db8                wait_ms
 .text.ticker_irq_handler
                0x00001dc4       0x48 C:\Users\fill\Documents\LPCXpresso_6.0.4_159\workspace\Club_robocon\mbed\TARGET_LPC1768\TOOLCHAIN_GCC_CR\libmbed.a(ticker_api.o)
                0x00001dc4                ticker_irq_handler
 .text.ticker_read
                0x00001e0c        0xc C:\Users\fill\Documents\LPCXpresso_6.0.4_159\workspace\Club_robocon\mbed\TARGET_LPC1768\TOOLCHAIN_GCC_CR\libmbed.a(ticker_api.o)
                0x00001e0c                ticker_read
 .text.get_us_ticker_data
                0x00001e18        0x8 C:\Users\fill\Documents\LPCXpresso_6.0.4_159\workspace\Club_robocon\mbed\TARGET_LPC1768\TOOLCHAIN_GCC_CR\libmbed.a(us_ticker_api.o)
                0x00001e18                get_us_ticker_data
 .text.us_ticker_irq_handler
                0x00001e20        0xc C:\Users\fill\Documents\LPCXpresso_6.0.4_159\workspace\Club_robocon\mbed\TARGET_LPC1768\TOOLCHAIN_GCC_CR\libmbed.a(us_ticker_api.o)
                0x00001e20                us_ticker_irq_handler
 .text.gpio_set
                0x00001e2c       0x30 C:\Users\fill\Documents\LPCXpresso_6.0.4_159\workspace\Club_robocon\mbed\TARGET_LPC1768\TOOLCHAIN_GCC_CR\libmbed.a(gpio_api.o)
                0x00001e2c                gpio_set
 .text.gpio_init
                0x00001e5c       0x30 C:\Users\fill\Documents\LPCXpresso_6.0.4_159\workspace\Club_robocon\mbed\TARGET_LPC1768\TOOLCHAIN_GCC_CR\libmbed.a(gpio_api.o)
                0x00001e5c                gpio_init
 .text.gpio_mode
                0x00001e8c        0x8 C:\Users\fill\Documents\LPCXpresso_6.0.4_159\workspace\Club_robocon\mbed\TARGET_LPC1768\TOOLCHAIN_GCC_CR\libmbed.a(gpio_api.o)
                0x00001e8c                gpio_mode
 .text.gpio_dir
                0x00001e94       0x44 C:\Users\fill\Documents\LPCXpresso_6.0.4_159\workspace\Club_robocon\mbed\TARGET_LPC1768\TOOLCHAIN_GCC_CR\libmbed.a(gpio_api.o)
                0x00001e94                gpio_dir
 .text.pin_function
                0x00001ed8       0x50 C:\Users\fill\Documents\LPCXpresso_6.0.4_159\workspace\Club_robocon\mbed\TARGET_LPC1768\TOOLCHAIN_GCC_CR\libmbed.a(pinmap.o)
                0x00001ed8                pin_function
 .text.pin_mode
                0x00001f28       0x78 C:\Users\fill\Documents\LPCXpresso_6.0.4_159\workspace\Club_robocon\mbed\TARGET_LPC1768\TOOLCHAIN_GCC_CR\libmbed.a(pinmap.o)
                0x00001f28                pin_mode
 .text.us_ticker_init
                0x00001fa0       0x68 C:\Users\fill\Documents\LPCXpresso_6.0.4_159\workspace\Club_robocon\mbed\TARGET_LPC1768\TOOLCHAIN_GCC_CR\libmbed.a(us_ticker.o)
                0x00001fa0                us_ticker_init
 .text.us_ticker_read
                0x00002008       0x1c C:\Users\fill\Documents\LPCXpresso_6.0.4_159\workspace\Club_robocon\mbed\TARGET_LPC1768\TOOLCHAIN_GCC_CR\libmbed.a(us_ticker.o)
                0x00002008                us_ticker_read
 .text.us_ticker_set_interrupt
                0x00002024       0x14 C:\Users\fill\Documents\LPCXpresso_6.0.4_159\workspace\Club_robocon\mbed\TARGET_LPC1768\TOOLCHAIN_GCC_CR\libmbed.a(us_ticker.o)
                0x00002024                us_ticker_set_interrupt
 .text.us_ticker_disable_interrupt
                0x00002038       0x10 C:\Users\fill\Documents\LPCXpresso_6.0.4_159\workspace\Club_robocon\mbed\TARGET_LPC1768\TOOLCHAIN_GCC_CR\libmbed.a(us_ticker.o)
                0x00002038                us_ticker_disable_interrupt
 .text.us_ticker_clear_interrupt
                0x00002048        0xc C:\Users\fill\Documents\LPCXpresso_6.0.4_159\workspace\Club_robocon\mbed\TARGET_LPC1768\TOOLCHAIN_GCC_CR\libmbed.a(us_ticker.o)
                0x00002048                us_ticker_clear_interrupt
 .text._ZN4mbed8FileLikeD2Ev
                0x00002054       0x24 C:\Users\fill\Documents\LPCXpresso_6.0.4_159\workspace\Club_robocon\mbed\TARGET_LPC1768\TOOLCHAIN_GCC_CR\libmbed.a(FileLike.o)
                0x00002054                mbed::FileLike::~FileLike()
                0x00002054                mbed::FileLike::~FileLike()
 .text._ZThn4_N4mbed8FileLikeD1Ev
                0x00002078        0x8 C:\Users\fill\Documents\LPCXpresso_6.0.4_159\workspace\Club_robocon\mbed\TARGET_LPC1768\TOOLCHAIN_GCC_CR\libmbed.a(FileLike.o)
                0x00002078                non-virtual thunk to mbed::FileLike::~FileLike()
 .text._ZN4mbed8FileLikeD0Ev
                0x00002080       0x2c C:\Users\fill\Documents\LPCXpresso_6.0.4_159\workspace\Club_robocon\mbed\TARGET_LPC1768\TOOLCHAIN_GCC_CR\libmbed.a(FileLike.o)
                0x00002080                mbed::FileLike::~FileLike()
 .text._ZThn4_N4mbed8FileLikeD0Ev
                0x000020ac        0x8 C:\Users\fill\Documents\LPCXpresso_6.0.4_159\workspace\Club_robocon\mbed\TARGET_LPC1768\TOOLCHAIN_GCC_CR\libmbed.a(FileLike.o)
                0x000020ac                non-virtual thunk to mbed::FileLike::~FileLike()
 .text._ZN4mbed8FileLikeC2EPKc
                0x000020b4       0x28 C:\Users\fill\Documents\LPCXpresso_6.0.4_159\workspace\Club_robocon\mbed\TARGET_LPC1768\TOOLCHAIN_GCC_CR\libmbed.a(FileLike.o)
                0x000020b4                mbed::FileLike::FileLike(char const*)
                0x000020b4                mbed::FileLike::FileLike(char const*)
 .text._ZN4mbed8FileBaseD2Ev
                0x000020dc       0x30 C:\Users\fill\Documents\LPCXpresso_6.0.4_159\workspace\Club_robocon\mbed\TARGET_LPC1768\TOOLCHAIN_GCC_CR\libmbed.a(FileBase.o)
                0x000020dc                mbed::FileBase::~FileBase()
                0x000020dc                mbed::FileBase::~FileBase()
 .text._ZN4mbed8FileBaseD0Ev
                0x0000210c       0x3c C:\Users\fill\Documents\LPCXpresso_6.0.4_159\workspace\Club_robocon\mbed\TARGET_LPC1768\TOOLCHAIN_GCC_CR\libmbed.a(FileBase.o)
                0x0000210c                mbed::FileBase::~FileBase()
 .text._ZN4mbed8FileBaseC2EPKcNS_8PathTypeE
                0x00002148       0x28 C:\Users\fill\Documents\LPCXpresso_6.0.4_159\workspace\Club_robocon\mbed\TARGET_LPC1768\TOOLCHAIN_GCC_CR\libmbed.a(FileBase.o)
                0x00002148                mbed::FileBase::FileBase(char const*, mbed::PathType)
                0x00002148                mbed::FileBase::FileBase(char const*, mbed::PathType)
 .text._ZN4mbed8FileBase6lookupEPKcj
                0x00002170       0x3c C:\Users\fill\Documents\LPCXpresso_6.0.4_159\workspace\Club_robocon\mbed\TARGET_LPC1768\TOOLCHAIN_GCC_CR\libmbed.a(FileBase.o)
                0x00002170                mbed::FileBase::lookup(char const*, unsigned int)
 .text._ZN4mbed8FileBase11getPathTypeEv
                0x000021ac        0x4 C:\Users\fill\Documents\LPCXpresso_6.0.4_159\workspace\Club_robocon\mbed\TARGET_LPC1768\TOOLCHAIN_GCC_CR\libmbed.a(FileBase.o)
                0x000021ac                mbed::FileBase::getPathType()
 .text          0x000021b0      0x370 c:/nxp/lpcxpresso_6.0.4_159/lpcxpresso/tools/bin/../lib/gcc/arm-none-eabi/4.6.2/armv7-m\libgcc.a(_arm_addsubdf3.o)
                0x000021b0                __aeabi_drsub
                0x000021b8                __aeabi_dsub
                0x000021b8                __subdf3
                0x000021bc                __aeabi_dadd
                0x000021bc                __adddf3
                0x00002434                __floatunsidf
                0x00002434                __aeabi_ui2d
                0x00002454                __floatsidf
                0x00002454                __aeabi_i2d
                0x00002478                __aeabi_f2d
                0x00002478                __extendsfdf2
                0x000024b4                __floatundidf
                0x000024b4                __aeabi_ul2d
                0x000024c4                __floatdidf
                0x000024c4                __aeabi_l2d
 .text          0x00002520      0x424 c:/nxp/lpcxpresso_6.0.4_159/lpcxpresso/tools/bin/../lib/gcc/arm-none-eabi/4.6.2/armv7-m\libgcc.a(_arm_muldivdf3.o)
                0x00002520                __aeabi_dmul
                0x00002520                __muldf3
                0x00002774                __divdf3
                0x00002774                __aeabi_ddiv
 .text          0x00002944      0x110 c:/nxp/lpcxpresso_6.0.4_159/lpcxpresso/tools/bin/../lib/gcc/arm-none-eabi/4.6.2/armv7-m\libgcc.a(_arm_cmpdf2.o)
                0x00002944                __gtdf2
                0x00002944                __gedf2
                0x0000294c                __ltdf2
                0x0000294c                __ledf2
                0x00002954                __nedf2
                0x00002954                __eqdf2
                0x00002954                __cmpdf2
                0x000029d0                __aeabi_cdrcmple
                0x000029e0                __aeabi_cdcmpeq
                0x000029e0                __aeabi_cdcmple
                0x000029f0                __aeabi_dcmpeq
                0x00002a04                __aeabi_dcmplt
                0x00002a18                __aeabi_dcmple
                0x00002a2c                __aeabi_dcmpge
                0x00002a40                __aeabi_dcmpgt
 .text          0x00002a54       0x50 c:/nxp/lpcxpresso_6.0.4_159/lpcxpresso/tools/bin/../lib/gcc/arm-none-eabi/4.6.2/armv7-m\libgcc.a(_arm_fixdfsi.o)
                0x00002a54                __aeabi_d2iz
                0x00002a54                __fixdfsi
 .text          0x00002aa4       0xa0 c:/nxp/lpcxpresso_6.0.4_159/lpcxpresso/tools/bin/../lib/gcc/arm-none-eabi/4.6.2/armv7-m\libgcc.a(_arm_truncdfsf2.o)
                0x00002aa4                __truncdfsf2
                0x00002aa4                __aeabi_d2f
 .text          0x00002b44      0x21c c:/nxp/lpcxpresso_6.0.4_159/lpcxpresso/tools/bin/../lib/gcc/arm-none-eabi/4.6.2/armv7-m\libgcc.a(_arm_addsubsf3.o)
                0x00002b44                __aeabi_frsub
                0x00002b4c                __subsf3
                0x00002b4c                __aeabi_fsub
                0x00002b50                __aeabi_fadd
                0x00002b50                __addsf3
                0x00002cb0                __aeabi_ui2f
                0x00002cb0                __floatunsisf
                0x00002cb8                __aeabi_i2f
                0x00002cb8                __floatsisf
                0x00002cd4                __aeabi_ul2f
                0x00002cd4                __floatundisf
                0x00002ce4                __aeabi_l2f
                0x00002ce4                __floatdisf
 .text          0x00002d60      0x2a0 c:/nxp/lpcxpresso_6.0.4_159/lpcxpresso/tools/bin/../lib/gcc/arm-none-eabi/4.6.2/armv7-m\libgcc.a(_arm_muldivsf3.o)
                0x00002d60                __mulsf3
                0x00002d60                __aeabi_fmul
                0x00002ec8                __aeabi_fdiv
                0x00002ec8                __divsf3
 .text          0x00003000       0xec c:/nxp/lpcxpresso_6.0.4_159/lpcxpresso/tools/bin/../lib/gcc/arm-none-eabi/4.6.2/armv7-m\libgcc.a(_arm_cmpsf2.o)
                0x00003000                __gesf2
                0x00003000                __gtsf2
                0x00003008                __lesf2
                0x00003008                __ltsf2
                0x00003010                __nesf2
                0x00003010                __eqsf2
                0x00003010                __cmpsf2
                0x00003070                __aeabi_cfrcmple
                0x00003078                __aeabi_cfcmpeq
                0x00003078                __aeabi_cfcmple
                0x00003088                __aeabi_fcmpeq
                0x0000309c                __aeabi_fcmplt
                0x000030b0                __aeabi_fcmple
                0x000030c4                __aeabi_fcmpge
                0x000030d8                __aeabi_fcmpgt
 .text          0x000030ec       0x40 c:/nxp/lpcxpresso_6.0.4_159/lpcxpresso/tools/bin/../lib/gcc/arm-none-eabi/4.6.2/armv7-m\libgcc.a(_arm_fixunssfsi.o)
                0x000030ec                __fixunssfsi
                0x000030ec                __aeabi_f2uiz
 .text          0x0000312c       0x2c c:/nxp/lpcxpresso_6.0.4_159/lpcxpresso/tools/bin/../lib/gcc/arm-none-eabi/4.6.2/armv7-m\libgcc.a(_aeabi_uldivmod.o)
                0x0000312c                __aeabi_uldivmod
 .text          0x00003158       0x5c c:/nxp/lpcxpresso_6.0.4_159/lpcxpresso/tools/bin/../lib/gcc/arm-none-eabi/4.6.2/armv7-m\libgcc.a(bpabi.o)
                0x00003158                __gnu_ldivmod_helper
                0x00003188                __gnu_uldivmod_helper
 .text          0x000031b4        0x4 c:/nxp/lpcxpresso_6.0.4_159/lpcxpresso/tools/bin/../lib/gcc/arm-none-eabi/4.6.2/armv7-m\libgcc.a(_dvmd_tls.o)
                0x000031b4                __aeabi_idiv0
                0x000031b4                __aeabi_ldiv0
 .text          0x000031b8      0x2c8 c:/nxp/lpcxpresso_6.0.4_159/lpcxpresso/tools/bin/../lib/gcc/arm-none-eabi/4.6.2/armv7-m\libgcc.a(_divdi3.o)
                0x000031b8                __divdi3
 .text          0x00003480      0x298 c:/nxp/lpcxpresso_6.0.4_159/lpcxpresso/tools/bin/../lib/gcc/arm-none-eabi/4.6.2/armv7-m\libgcc.a(_udivdi3.o)
                0x00003480                __udivdi3
 .text.abs      0x00003718        0x8 c:/nxp/lpcxpresso_6.0.4_159/lpcxpresso/tools/bin/../lib/gcc/arm-none-eabi/4.6.2/../../../../arm-none-eabi/lib/armv7-m\libc.a(lib_a-abs.o)
                0x00003718                abs
 .text.__errno  0x00003720        0xc c:/nxp/lpcxpresso_6.0.4_159/lpcxpresso/tools/bin/../lib/gcc/arm-none-eabi/4.6.2/../../../../arm-none-eabi/lib/armv7-m\libc.a(lib_a-errno.o)
                0x00003720                __errno
 .text._fclose_r
                0x0000372c       0x90 c:/nxp/lpcxpresso_6.0.4_159/lpcxpresso/tools/bin/../lib/gcc/arm-none-eabi/4.6.2/../../../../arm-none-eabi/lib/armv7-m\libc.a(lib_a-fclose.o)
                0x0000372c                _fclose_r
 .text.fclose   0x000037bc       0x14 c:/nxp/lpcxpresso_6.0.4_159/lpcxpresso/tools/bin/../lib/gcc/arm-none-eabi/4.6.2/../../../../arm-none-eabi/lib/armv7-m\libc.a(lib_a-fclose.o)
                0x000037bc                fclose
 .text._fflush_r
                0x000037d0      0x16c c:/nxp/lpcxpresso_6.0.4_159/lpcxpresso/tools/bin/../lib/gcc/arm-none-eabi/4.6.2/../../../../arm-none-eabi/lib/armv7-m\libc.a(lib_a-fflush.o)
                0x000037d0                _fflush_r
 .text.fflush   0x0000393c       0x24 c:/nxp/lpcxpresso_6.0.4_159/lpcxpresso/tools/bin/../lib/gcc/arm-none-eabi/4.6.2/../../../../arm-none-eabi/lib/armv7-m\libc.a(lib_a-fflush.o)
                0x0000393c                fflush
 .text.fgetc    0x00003960       0x44 c:/nxp/lpcxpresso_6.0.4_159/lpcxpresso/tools/bin/../lib/gcc/arm-none-eabi/4.6.2/../../../../arm-none-eabi/lib/armv7-m\libc.a(lib_a-fgetc.o)
                0x00003960                fgetc
 .text._cleanup_r
                0x000039a4        0xc c:/nxp/lpcxpresso_6.0.4_159/lpcxpresso/tools/bin/../lib/gcc/arm-none-eabi/4.6.2/../../../../arm-none-eabi/lib/armv7-m\libc.a(lib_a-findfp.o)
                0x000039a4                _cleanup_r
 .text.std.isra.0
                0x000039b0       0x50 c:/nxp/lpcxpresso_6.0.4_159/lpcxpresso/tools/bin/../lib/gcc/arm-none-eabi/4.6.2/../../../../arm-none-eabi/lib/armv7-m\libc.a(lib_a-findfp.o)
 .text.__sfmoreglue
                0x00003a00       0x2c c:/nxp/lpcxpresso_6.0.4_159/lpcxpresso/tools/bin/../lib/gcc/arm-none-eabi/4.6.2/../../../../arm-none-eabi/lib/armv7-m\libc.a(lib_a-findfp.o)
                0x00003a00                __sfmoreglue
 .text.__sinit  0x00003a2c       0x4c c:/nxp/lpcxpresso_6.0.4_159/lpcxpresso/tools/bin/../lib/gcc/arm-none-eabi/4.6.2/../../../../arm-none-eabi/lib/armv7-m\libc.a(lib_a-findfp.o)
                0x00003a2c                __sinit
 .text.__sfp    0x00003a78       0x98 c:/nxp/lpcxpresso_6.0.4_159/lpcxpresso/tools/bin/../lib/gcc/arm-none-eabi/4.6.2/../../../../arm-none-eabi/lib/armv7-m\libc.a(lib_a-findfp.o)
                0x00003a78                __sfp
 .text.__sfp_lock_acquire
                0x00003b10        0x4 c:/nxp/lpcxpresso_6.0.4_159/lpcxpresso/tools/bin/../lib/gcc/arm-none-eabi/4.6.2/../../../../arm-none-eabi/lib/armv7-m\libc.a(lib_a-findfp.o)
                0x00003b10                __sfp_lock_acquire
 .text.__sfp_lock_release
                0x00003b14        0x4 c:/nxp/lpcxpresso_6.0.4_159/lpcxpresso/tools/bin/../lib/gcc/arm-none-eabi/4.6.2/../../../../arm-none-eabi/lib/armv7-m\libc.a(lib_a-findfp.o)
                0x00003b14                __sfp_lock_release
 .text._fopen_r
                0x00003b18       0x88 c:/nxp/lpcxpresso_6.0.4_159/lpcxpresso/tools/bin/../lib/gcc/arm-none-eabi/4.6.2/../../../../arm-none-eabi/lib/armv7-m\libc.a(lib_a-fopen.o)
                0x00003b18                _fopen_r
 .text.fopen    0x00003ba0       0x14 c:/nxp/lpcxpresso_6.0.4_159/lpcxpresso/tools/bin/../lib/gcc/arm-none-eabi/4.6.2/../../../../arm-none-eabi/lib/armv7-m\libc.a(lib_a-fopen.o)
                0x00003ba0                fopen
 .text._malloc_trim_r
                0x00003bb4       0xa0 c:/nxp/lpcxpresso_6.0.4_159/lpcxpresso/tools/bin/../lib/gcc/arm-none-eabi/4.6.2/../../../../arm-none-eabi/lib/armv7-m\libc.a(lib_a-freer.o)
                0x00003bb4                _malloc_trim_r
 .text._free_r  0x00003c54      0x190 c:/nxp/lpcxpresso_6.0.4_159/lpcxpresso/tools/bin/../lib/gcc/arm-none-eabi/4.6.2/../../../../arm-none-eabi/lib/armv7-m\libc.a(lib_a-freer.o)
                0x00003c54                _free_r
 .text._fseek_r
                0x00003de4      0x300 c:/nxp/lpcxpresso_6.0.4_159/lpcxpresso/tools/bin/../lib/gcc/arm-none-eabi/4.6.2/../../../../arm-none-eabi/lib/armv7-m\libc.a(lib_a-fseek.o)
                0x00003de4                _fseek_r
 .text._fstat_r
                0x000040e4       0x28 c:/nxp/lpcxpresso_6.0.4_159/lpcxpresso/tools/bin/../lib/gcc/arm-none-eabi/4.6.2/../../../../arm-none-eabi/lib/armv7-m\libc.a(lib_a-fstatr.o)
                0x000040e4                _fstat_r
 .text.__sfvwrite_r
                0x0000410c      0x2e8 c:/nxp/lpcxpresso_6.0.4_159/lpcxpresso/tools/bin/../lib/gcc/arm-none-eabi/4.6.2/../../../../arm-none-eabi/lib/armv7-m\libc.a(lib_a-fvwrite.o)
                0x0000410c                __sfvwrite_r
 .text._fwalk   0x000043f4       0x54 c:/nxp/lpcxpresso_6.0.4_159/lpcxpresso/tools/bin/../lib/gcc/arm-none-eabi/4.6.2/../../../../arm-none-eabi/lib/armv7-m\libc.a(lib_a-fwalk.o)
                0x000043f4                _fwalk
 .text._fwalk_reent
                0x00004448       0x58 c:/nxp/lpcxpresso_6.0.4_159/lpcxpresso/tools/bin/../lib/gcc/arm-none-eabi/4.6.2/../../../../arm-none-eabi/lib/armv7-m\libc.a(lib_a-fwalk.o)
                0x00004448                _fwalk_reent
 .text.__libc_init_array
                0x000044a0       0x48 c:/nxp/lpcxpresso_6.0.4_159/lpcxpresso/tools/bin/../lib/gcc/arm-none-eabi/4.6.2/../../../../arm-none-eabi/lib/armv7-m\libc.a(lib_a-init.o)
                0x000044a0                __libc_init_array
 .text.__smakebuf_r
                0x000044e8       0xe0 c:/nxp/lpcxpresso_6.0.4_159/lpcxpresso/tools/bin/../lib/gcc/arm-none-eabi/4.6.2/../../../../arm-none-eabi/lib/armv7-m\libc.a(lib_a-makebuf.o)
                0x000044e8                __smakebuf_r
 .text.malloc   0x000045c8       0x14 c:/nxp/lpcxpresso_6.0.4_159/lpcxpresso/tools/bin/../lib/gcc/arm-none-eabi/4.6.2/../../../../arm-none-eabi/lib/armv7-m\libc.a(lib_a-malloc.o)
                0x000045c8                malloc
 .text.free     0x000045dc       0x14 c:/nxp/lpcxpresso_6.0.4_159/lpcxpresso/tools/bin/../lib/gcc/arm-none-eabi/4.6.2/../../../../arm-none-eabi/lib/armv7-m\libc.a(lib_a-malloc.o)
                0x000045dc                free
 .text._malloc_r
                0x000045f0      0x528 c:/nxp/lpcxpresso_6.0.4_159/lpcxpresso/tools/bin/../lib/gcc/arm-none-eabi/4.6.2/../../../../arm-none-eabi/lib/armv7-m\libc.a(lib_a-mallocr.o)
                0x000045f0                _malloc_r
 .text.memchr   0x00004b18       0x84 c:/nxp/lpcxpresso_6.0.4_159/lpcxpresso/tools/bin/../lib/gcc/arm-none-eabi/4.6.2/../../../../arm-none-eabi/lib/armv7-m\libc.a(lib_a-memchr.o)
                0x00004b18                memchr
 .text.memcpy   0x00004b9c       0x84 c:/nxp/lpcxpresso_6.0.4_159/lpcxpresso/tools/bin/../lib/gcc/arm-none-eabi/4.6.2/../../../../arm-none-eabi/lib/armv7-m\libc.a(lib_a-memcpy.o)
                0x00004b9c                memcpy
 .text.memmove  0x00004c20       0xb0 c:/nxp/lpcxpresso_6.0.4_159/lpcxpresso/tools/bin/../lib/gcc/arm-none-eabi/4.6.2/../../../../arm-none-eabi/lib/armv7-m\libc.a(lib_a-memmove.o)
                0x00004c20                memmove
 .text.memset   0x00004cd0       0x90 c:/nxp/lpcxpresso_6.0.4_159/lpcxpresso/tools/bin/../lib/gcc/arm-none-eabi/4.6.2/../../../../arm-none-eabi/lib/armv7-m\libc.a(lib_a-memset.o)
                0x00004cd0                memset
 .text.__malloc_lock
                0x00004d60        0x4 c:/nxp/lpcxpresso_6.0.4_159/lpcxpresso/tools/bin/../lib/gcc/arm-none-eabi/4.6.2/../../../../arm-none-eabi/lib/armv7-m\libc.a(lib_a-mlock.o)
                0x00004d60                __malloc_lock
 .text.__malloc_unlock
                0x00004d64        0x4 c:/nxp/lpcxpresso_6.0.4_159/lpcxpresso/tools/bin/../lib/gcc/arm-none-eabi/4.6.2/../../../../arm-none-eabi/lib/armv7-m\libc.a(lib_a-mlock.o)
                0x00004d64                __malloc_unlock
 .text._open_r  0x00004d68       0x28 c:/nxp/lpcxpresso_6.0.4_159/lpcxpresso/tools/bin/../lib/gcc/arm-none-eabi/4.6.2/../../../../arm-none-eabi/lib/armv7-m\libc.a(lib_a-openr.o)
                0x00004d68                _open_r
 .text._realloc_r
                0x00004d90      0x3f4 c:/nxp/lpcxpresso_6.0.4_159/lpcxpresso/tools/bin/../lib/gcc/arm-none-eabi/4.6.2/../../../../arm-none-eabi/lib/armv7-m\libc.a(lib_a-reallocr.o)
                0x00004d90                _realloc_r
 .text.lflush   0x00005184       0x14 c:/nxp/lpcxpresso_6.0.4_159/lpcxpresso/tools/bin/../lib/gcc/arm-none-eabi/4.6.2/../../../../arm-none-eabi/lib/armv7-m\libc.a(lib_a-refill.o)
 .text.__srefill_r
                0x00005198      0x100 c:/nxp/lpcxpresso_6.0.4_159/lpcxpresso/tools/bin/../lib/gcc/arm-none-eabi/4.6.2/../../../../arm-none-eabi/lib/armv7-m\libc.a(lib_a-refill.o)
                0x00005198                __srefill_r
 .text.__srget_r
                0x00005298       0x34 c:/nxp/lpcxpresso_6.0.4_159/lpcxpresso/tools/bin/../lib/gcc/arm-none-eabi/4.6.2/../../../../arm-none-eabi/lib/armv7-m\libc.a(lib_a-rget.o)
                0x00005298                __srget_r
 .text._sbrk_r  0x000052cc       0x24 c:/nxp/lpcxpresso_6.0.4_159/lpcxpresso/tools/bin/../lib/gcc/arm-none-eabi/4.6.2/../../../../arm-none-eabi/lib/armv7-m\libc.a(lib_a-sbrkr.o)
                0x000052cc                _sbrk_r
 .text.setbuf   0x000052f0       0x10 c:/nxp/lpcxpresso_6.0.4_159/lpcxpresso/tools/bin/../lib/gcc/arm-none-eabi/4.6.2/../../../../arm-none-eabi/lib/armv7-m\libc.a(lib_a-setbuf.o)
                0x000052f0                setbuf
 .text.setvbuf  0x00005300      0x10c c:/nxp/lpcxpresso_6.0.4_159/lpcxpresso/tools/bin/../lib/gcc/arm-none-eabi/4.6.2/../../../../arm-none-eabi/lib/armv7-m\libc.a(lib_a-setvbuf.o)
                0x00005300                setvbuf
 .text.sprintf  0x0000540c       0x50 c:/nxp/lpcxpresso_6.0.4_159/lpcxpresso/tools/bin/../lib/gcc/arm-none-eabi/4.6.2/../../../../arm-none-eabi/lib/armv7-m\libc.a(lib_a-sprintf.o)
                0x0000540c                sprintf
 .text.sscanf   0x0000545c       0x5c c:/nxp/lpcxpresso_6.0.4_159/lpcxpresso/tools/bin/../lib/gcc/arm-none-eabi/4.6.2/../../../../arm-none-eabi/lib/armv7-m\libc.a(lib_a-sscanf.o)
                0x0000545c                sscanf
 .text.__sread  0x000054b8       0x24 c:/nxp/lpcxpresso_6.0.4_159/lpcxpresso/tools/bin/../lib/gcc/arm-none-eabi/4.6.2/../../../../arm-none-eabi/lib/armv7-m\libc.a(lib_a-stdio.o)
                0x000054b8                __sread
 .text.__seofread
                0x000054dc        0x4 c:/nxp/lpcxpresso_6.0.4_159/lpcxpresso/tools/bin/../lib/gcc/arm-none-eabi/4.6.2/../../../../arm-none-eabi/lib/armv7-m\libc.a(lib_a-stdio.o)
                0x000054dc                __seofread
 .text.__swrite
                0x000054e0       0x40 c:/nxp/lpcxpresso_6.0.4_159/lpcxpresso/tools/bin/../lib/gcc/arm-none-eabi/4.6.2/../../../../arm-none-eabi/lib/armv7-m\libc.a(lib_a-stdio.o)
                0x000054e0                __swrite
 .text.__sseek  0x00005520       0x24 c:/nxp/lpcxpresso_6.0.4_159/lpcxpresso/tools/bin/../lib/gcc/arm-none-eabi/4.6.2/../../../../arm-none-eabi/lib/armv7-m\libc.a(lib_a-stdio.o)
                0x00005520                __sseek
 .text.__sclose
                0x00005544        0x8 c:/nxp/lpcxpresso_6.0.4_159/lpcxpresso/tools/bin/../lib/gcc/arm-none-eabi/4.6.2/../../../../arm-none-eabi/lib/armv7-m\libc.a(lib_a-stdio.o)
                0x00005544                __sclose
 .text.strcmp   0x0000554c       0x80 c:/nxp/lpcxpresso_6.0.4_159/lpcxpresso/tools/bin/../lib/gcc/arm-none-eabi/4.6.2/../../../../arm-none-eabi/lib/armv7-m\libc.a(lib_a-strcmp.o)
                0x0000554c                strcmp
 .text.strcmp_unaligned
                0x000055cc      0x15c c:/nxp/lpcxpresso_6.0.4_159/lpcxpresso/tools/bin/../lib/gcc/arm-none-eabi/4.6.2/../../../../arm-none-eabi/lib/armv7-m\libc.a(lib_a-strcmp.o)
 .text.strlen   0x00005728       0x60 c:/nxp/lpcxpresso_6.0.4_159/lpcxpresso/tools/bin/../lib/gcc/arm-none-eabi/4.6.2/../../../../arm-none-eabi/lib/armv7-m\libc.a(lib_a-strlen.o)
                0x00005728                strlen
 .text.strncmp  0x00005788       0xa4 c:/nxp/lpcxpresso_6.0.4_159/lpcxpresso/tools/bin/../lib/gcc/arm-none-eabi/4.6.2/../../../../arm-none-eabi/lib/armv7-m\libc.a(lib_a-strncmp.o)
                0x00005788                strncmp
 .text._svfprintf_r
                0x0000582c     0x1408 c:/nxp/lpcxpresso_6.0.4_159/lpcxpresso/tools/bin/../lib/gcc/arm-none-eabi/4.6.2/../../../../arm-none-eabi/lib/armv7-m\libc.a(lib_a-svfprintf.o)
                0x0000582c                _svfprintf_r
 .text.__ssvfscanf_r
                0x00006c34      0xeac c:/nxp/lpcxpresso_6.0.4_159/lpcxpresso/tools/bin/../lib/gcc/arm-none-eabi/4.6.2/../../../../arm-none-eabi/lib/armv7-m\libc.a(lib_a-svfscanf.o)
                0x00006c34                __ssvfscanf_r
 .text._vfprintf_r
                0x00007ae0     0x171c c:/nxp/lpcxpresso_6.0.4_159/lpcxpresso/tools/bin/../lib/gcc/arm-none-eabi/4.6.2/../../../../arm-none-eabi/lib/armv7-m\libc.a(lib_a-vfprintf.o)
                0x00007ae0                _vfprintf_r
 .text.vfprintf
                0x000091fc       0x1c c:/nxp/lpcxpresso_6.0.4_159/lpcxpresso/tools/bin/../lib/gcc/arm-none-eabi/4.6.2/../../../../arm-none-eabi/lib/armv7-m\libc.a(lib_a-vfprintf.o)
                0x000091fc                vfprintf
 .text.__swbuf_r
                0x00009218       0xc0 c:/nxp/lpcxpresso_6.0.4_159/lpcxpresso/tools/bin/../lib/gcc/arm-none-eabi/4.6.2/../../../../arm-none-eabi/lib/armv7-m\libc.a(lib_a-wbuf.o)
                0x00009218                __swbuf_r
 .text._write_r
                0x000092d8       0x28 c:/nxp/lpcxpresso_6.0.4_159/lpcxpresso/tools/bin/../lib/gcc/arm-none-eabi/4.6.2/../../../../arm-none-eabi/lib/armv7-m\libc.a(lib_a-writer.o)
                0x000092d8                _write_r
 .text.__swsetup_r
                0x00009300       0xb8 c:/nxp/lpcxpresso_6.0.4_159/lpcxpresso/tools/bin/../lib/gcc/arm-none-eabi/4.6.2/../../../../arm-none-eabi/lib/armv7-m\libc.a(lib_a-wsetup.o)
                0x00009300                __swsetup_r
 .text._close_r
                0x000093b8       0x24 c:/nxp/lpcxpresso_6.0.4_159/lpcxpresso/tools/bin/../lib/gcc/arm-none-eabi/4.6.2/../../../../arm-none-eabi/lib/armv7-m\libc.a(lib_a-closer.o)
                0x000093b8                _close_r
 .text.quorem   0x000093dc      0x150 c:/nxp/lpcxpresso_6.0.4_159/lpcxpresso/tools/bin/../lib/gcc/arm-none-eabi/4.6.2/../../../../arm-none-eabi/lib/armv7-m\libc.a(lib_a-dtoa.o)
 *fill*         0x0000952c        0x4 00
 .text._dtoa_r  0x00009530      0xe60 c:/nxp/lpcxpresso_6.0.4_159/lpcxpresso/tools/bin/../lib/gcc/arm-none-eabi/4.6.2/../../../../arm-none-eabi/lib/armv7-m\libc.a(lib_a-dtoa.o)
                0x00009530                _dtoa_r
 .text.__sflags
                0x0000a390       0x6c c:/nxp/lpcxpresso_6.0.4_159/lpcxpresso/tools/bin/../lib/gcc/arm-none-eabi/4.6.2/../../../../arm-none-eabi/lib/armv7-m\libc.a(lib_a-flags.o)
                0x0000a390                __sflags
 .text._isatty_r
                0x0000a3fc       0x24 c:/nxp/lpcxpresso_6.0.4_159/lpcxpresso/tools/bin/../lib/gcc/arm-none-eabi/4.6.2/../../../../arm-none-eabi/lib/armv7-m\libc.a(lib_a-isattyr.o)
                0x0000a3fc                _isatty_r
 .text.iswspace
                0x0000a420       0x1c c:/nxp/lpcxpresso_6.0.4_159/lpcxpresso/tools/bin/../lib/gcc/arm-none-eabi/4.6.2/../../../../arm-none-eabi/lib/armv7-m\libc.a(lib_a-iswspace.o)
                0x0000a420                iswspace
 .text.__locale_charset
                0x0000a43c        0xc c:/nxp/lpcxpresso_6.0.4_159/lpcxpresso/tools/bin/../lib/gcc/arm-none-eabi/4.6.2/../../../../arm-none-eabi/lib/armv7-m\libc.a(lib_a-locale.o)
                0x0000a43c                __locale_charset
 .text.__locale_mb_cur_max
                0x0000a448        0xc c:/nxp/lpcxpresso_6.0.4_159/lpcxpresso/tools/bin/../lib/gcc/arm-none-eabi/4.6.2/../../../../arm-none-eabi/lib/armv7-m\libc.a(lib_a-locale.o)
                0x0000a448                __locale_mb_cur_max
 .text._localeconv_r
                0x0000a454        0xc c:/nxp/lpcxpresso_6.0.4_159/lpcxpresso/tools/bin/../lib/gcc/arm-none-eabi/4.6.2/../../../../arm-none-eabi/lib/armv7-m\libc.a(lib_a-locale.o)
                0x0000a454                _localeconv_r
 .text._lseek_r
                0x0000a460       0x28 c:/nxp/lpcxpresso_6.0.4_159/lpcxpresso/tools/bin/../lib/gcc/arm-none-eabi/4.6.2/../../../../arm-none-eabi/lib/armv7-m\libc.a(lib_a-lseekr.o)
                0x0000a460                _lseek_r
 .text._mbrtowc_r
                0x0000a488       0x58 c:/nxp/lpcxpresso_6.0.4_159/lpcxpresso/tools/bin/../lib/gcc/arm-none-eabi/4.6.2/../../../../arm-none-eabi/lib/armv7-m\libc.a(lib_a-mbrtowc.o)
                0x0000a488                _mbrtowc_r
 .text.__ascii_mbtowc
                0x0000a4e0       0x28 c:/nxp/lpcxpresso_6.0.4_159/lpcxpresso/tools/bin/../lib/gcc/arm-none-eabi/4.6.2/../../../../arm-none-eabi/lib/armv7-m\libc.a(lib_a-mbtowc_r.o)
                0x0000a4e0                __ascii_mbtowc
 .text._Balloc  0x0000a508       0x4c c:/nxp/lpcxpresso_6.0.4_159/lpcxpresso/tools/bin/../lib/gcc/arm-none-eabi/4.6.2/../../../../arm-none-eabi/lib/armv7-m\libc.a(lib_a-mprec.o)
                0x0000a508                _Balloc
 .text._Bfree   0x0000a554       0x14 c:/nxp/lpcxpresso_6.0.4_159/lpcxpresso/tools/bin/../lib/gcc/arm-none-eabi/4.6.2/../../../../arm-none-eabi/lib/armv7-m\libc.a(lib_a-mprec.o)
                0x0000a554                _Bfree
 .text.__multadd
                0x0000a568       0x84 c:/nxp/lpcxpresso_6.0.4_159/lpcxpresso/tools/bin/../lib/gcc/arm-none-eabi/4.6.2/../../../../arm-none-eabi/lib/armv7-m\libc.a(lib_a-mprec.o)
                0x0000a568                __multadd
 .text.__s2b    0x0000a5ec       0x98 c:/nxp/lpcxpresso_6.0.4_159/lpcxpresso/tools/bin/../lib/gcc/arm-none-eabi/4.6.2/../../../../arm-none-eabi/lib/armv7-m\libc.a(lib_a-mprec.o)
                0x0000a5ec                __s2b
 .text.__hi0bits
                0x0000a684       0x3c c:/nxp/lpcxpresso_6.0.4_159/lpcxpresso/tools/bin/../lib/gcc/arm-none-eabi/4.6.2/../../../../arm-none-eabi/lib/armv7-m\libc.a(lib_a-mprec.o)
                0x0000a684                __hi0bits
 .text.__lo0bits
                0x0000a6c0       0x5c c:/nxp/lpcxpresso_6.0.4_159/lpcxpresso/tools/bin/../lib/gcc/arm-none-eabi/4.6.2/../../../../arm-none-eabi/lib/armv7-m\libc.a(lib_a-mprec.o)
                0x0000a6c0                __lo0bits
 .text.__i2b    0x0000a71c       0x14 c:/nxp/lpcxpresso_6.0.4_159/lpcxpresso/tools/bin/../lib/gcc/arm-none-eabi/4.6.2/../../../../arm-none-eabi/lib/armv7-m\libc.a(lib_a-mprec.o)
                0x0000a71c                __i2b
 .text.__multiply
                0x0000a730      0x144 c:/nxp/lpcxpresso_6.0.4_159/lpcxpresso/tools/bin/../lib/gcc/arm-none-eabi/4.6.2/../../../../arm-none-eabi/lib/armv7-m\libc.a(lib_a-mprec.o)
                0x0000a730                __multiply
 .text.__pow5mult
                0x0000a874       0x98 c:/nxp/lpcxpresso_6.0.4_159/lpcxpresso/tools/bin/../lib/gcc/arm-none-eabi/4.6.2/../../../../arm-none-eabi/lib/armv7-m\libc.a(lib_a-mprec.o)
                0x0000a874                __pow5mult
 .text.__lshift
                0x0000a90c       0xc0 c:/nxp/lpcxpresso_6.0.4_159/lpcxpresso/tools/bin/../lib/gcc/arm-none-eabi/4.6.2/../../../../arm-none-eabi/lib/armv7-m\libc.a(lib_a-mprec.o)
                0x0000a90c                __lshift
 .text.__mcmp   0x0000a9cc       0x3c c:/nxp/lpcxpresso_6.0.4_159/lpcxpresso/tools/bin/../lib/gcc/arm-none-eabi/4.6.2/../../../../arm-none-eabi/lib/armv7-m\libc.a(lib_a-mprec.o)
                0x0000a9cc                __mcmp
 .text.__mdiff  0x0000aa08       0xd8 c:/nxp/lpcxpresso_6.0.4_159/lpcxpresso/tools/bin/../lib/gcc/arm-none-eabi/4.6.2/../../../../arm-none-eabi/lib/armv7-m\libc.a(lib_a-mprec.o)
                0x0000aa08                __mdiff
 .text.__ulp    0x0000aae0       0x44 c:/nxp/lpcxpresso_6.0.4_159/lpcxpresso/tools/bin/../lib/gcc/arm-none-eabi/4.6.2/../../../../arm-none-eabi/lib/armv7-m\libc.a(lib_a-mprec.o)
                0x0000aae0                __ulp
 .text.__b2d    0x0000ab24       0xb8 c:/nxp/lpcxpresso_6.0.4_159/lpcxpresso/tools/bin/../lib/gcc/arm-none-eabi/4.6.2/../../../../arm-none-eabi/lib/armv7-m\libc.a(lib_a-mprec.o)
                0x0000ab24                __b2d
 .text.__d2b    0x0000abdc       0xcc c:/nxp/lpcxpresso_6.0.4_159/lpcxpresso/tools/bin/../lib/gcc/arm-none-eabi/4.6.2/../../../../arm-none-eabi/lib/armv7-m\libc.a(lib_a-mprec.o)
                0x0000abdc                __d2b
 .text.__ratio  0x0000aca8       0x54 c:/nxp/lpcxpresso_6.0.4_159/lpcxpresso/tools/bin/../lib/gcc/arm-none-eabi/4.6.2/../../../../arm-none-eabi/lib/armv7-m\libc.a(lib_a-mprec.o)
                0x0000aca8                __ratio
 .text.__copybits
                0x0000acfc       0x48 c:/nxp/lpcxpresso_6.0.4_159/lpcxpresso/tools/bin/../lib/gcc/arm-none-eabi/4.6.2/../../../../arm-none-eabi/lib/armv7-m\libc.a(lib_a-mprec.o)
                0x0000acfc                __copybits
 .text.__any_on
                0x0000ad44       0x60 c:/nxp/lpcxpresso_6.0.4_159/lpcxpresso/tools/bin/../lib/gcc/arm-none-eabi/4.6.2/../../../../arm-none-eabi/lib/armv7-m\libc.a(lib_a-mprec.o)
                0x0000ad44                __any_on
 .text._read_r  0x0000ada4       0x28 c:/nxp/lpcxpresso_6.0.4_159/lpcxpresso/tools/bin/../lib/gcc/arm-none-eabi/4.6.2/../../../../arm-none-eabi/lib/armv7-m\libc.a(lib_a-readr.o)
                0x0000ada4                _read_r
 .text.__fpclassifyd
                0x0000adcc       0x68 c:/nxp/lpcxpresso_6.0.4_159/lpcxpresso/tools/bin/../lib/gcc/arm-none-eabi/4.6.2/../../../../arm-none-eabi/lib/armv7-m\libc.a(lib_a-s_fpclassify.o)
                0x0000adcc                __fpclassifyd
 .text.__sccl   0x0000ae34       0x68 c:/nxp/lpcxpresso_6.0.4_159/lpcxpresso/tools/bin/../lib/gcc/arm-none-eabi/4.6.2/../../../../arm-none-eabi/lib/armv7-m\libc.a(lib_a-sccl.o)
                0x0000ae34                __sccl
 .text.nanf     0x0000ae9c        0x8 c:/nxp/lpcxpresso_6.0.4_159/lpcxpresso/tools/bin/../lib/gcc/arm-none-eabi/4.6.2/../../../../arm-none-eabi/lib/armv7-m\libc.a(lib_a-sf_nan.o)
                0x0000ae9c                nanf
 .text.match    0x0000aea4       0x30 c:/nxp/lpcxpresso_6.0.4_159/lpcxpresso/tools/bin/../lib/gcc/arm-none-eabi/4.6.2/../../../../arm-none-eabi/lib/armv7-m\libc.a(lib_a-strtod.o)
 *fill*         0x0000aed4        0x4 00
 .text._strtod_r
                0x0000aed8      0xe38 c:/nxp/lpcxpresso_6.0.4_159/lpcxpresso/tools/bin/../lib/gcc/arm-none-eabi/4.6.2/../../../../arm-none-eabi/lib/armv7-m\libc.a(lib_a-strtod.o)
                0x0000aed8                _strtod_r
 .text._strtol_r
                0x0000bd10      0x120 c:/nxp/lpcxpresso_6.0.4_159/lpcxpresso/tools/bin/../lib/gcc/arm-none-eabi/4.6.2/../../../../arm-none-eabi/lib/armv7-m\libc.a(lib_a-strtol.o)
                0x0000bd10                _strtol_r
 .text._strtoll_r
                0x0000be30      0x1b4 c:/nxp/lpcxpresso_6.0.4_159/lpcxpresso/tools/bin/../lib/gcc/arm-none-eabi/4.6.2/../../../../arm-none-eabi/lib/armv7-m\libc.a(lib_a-strtoll_r.o)
                0x0000be30                _strtoll_r
 .text._strtoul_r
                0x0000bfe4      0x12c c:/nxp/lpcxpresso_6.0.4_159/lpcxpresso/tools/bin/../lib/gcc/arm-none-eabi/4.6.2/../../../../arm-none-eabi/lib/armv7-m\libc.a(lib_a-strtoul.o)
                0x0000bfe4                _strtoul_r
 .text._strtoull_r
                0x0000c110      0x1c8 c:/nxp/lpcxpresso_6.0.4_159/lpcxpresso/tools/bin/../lib/gcc/arm-none-eabi/4.6.2/../../../../arm-none-eabi/lib/armv7-m\libc.a(lib_a-strtoull_r.o)
                0x0000c110                _strtoull_r
 .text.__ssprint_r
                0x0000c2d8       0xf8 c:/nxp/lpcxpresso_6.0.4_159/lpcxpresso/tools/bin/../lib/gcc/arm-none-eabi/4.6.2/../../../../arm-none-eabi/lib/armv7-m\libc.a(lib_a-svfiprintf.o)
                0x0000c2d8                __ssprint_r
 .text._sungetc_r
                0x0000c3d0       0x84 c:/nxp/lpcxpresso_6.0.4_159/lpcxpresso/tools/bin/../lib/gcc/arm-none-eabi/4.6.2/../../../../arm-none-eabi/lib/armv7-m\libc.a(lib_a-svfiscanf.o)
                0x0000c3d0                _sungetc_r
 .text.__ssrefill_r
                0x0000c454       0x3c c:/nxp/lpcxpresso_6.0.4_159/lpcxpresso/tools/bin/../lib/gcc/arm-none-eabi/4.6.2/../../../../arm-none-eabi/lib/armv7-m\libc.a(lib_a-svfiscanf.o)
                0x0000c454                __ssrefill_r
 .text._sfread_r
                0x0000c490       0x74 c:/nxp/lpcxpresso_6.0.4_159/lpcxpresso/tools/bin/../lib/gcc/arm-none-eabi/4.6.2/../../../../arm-none-eabi/lib/armv7-m\libc.a(lib_a-svfiscanf.o)
                0x0000c490                _sfread_r
 .text.__submore
                0x0000c504       0x84 c:/nxp/lpcxpresso_6.0.4_159/lpcxpresso/tools/bin/../lib/gcc/arm-none-eabi/4.6.2/../../../../arm-none-eabi/lib/armv7-m\libc.a(lib_a-ungetc.o)
                0x0000c504                __submore
 .text.__sprint_r
                0x0000c588       0x80 c:/nxp/lpcxpresso_6.0.4_159/lpcxpresso/tools/bin/../lib/gcc/arm-none-eabi/4.6.2/../../../../arm-none-eabi/lib/armv7-m\libc.a(lib_a-vfiprintf.o)
                0x0000c588                __sprint_r
 .text._calloc_r
                0x0000c608       0x60 c:/nxp/lpcxpresso_6.0.4_159/lpcxpresso/tools/bin/../lib/gcc/arm-none-eabi/4.6.2/../../../../arm-none-eabi/lib/armv7-m\libc.a(lib_a-callocr.o)
                0x0000c608                _calloc_r
 .text._fputwc_r
                0x0000c668       0xd0 c:/nxp/lpcxpresso_6.0.4_159/lpcxpresso/tools/bin/../lib/gcc/arm-none-eabi/4.6.2/../../../../arm-none-eabi/lib/armv7-m\libc.a(lib_a-fputwc.o)
                0x0000c668                _fputwc_r
 .text.rshift   0x0000c738       0xa8 c:/nxp/lpcxpresso_6.0.4_159/lpcxpresso/tools/bin/../lib/gcc/arm-none-eabi/4.6.2/../../../../arm-none-eabi/lib/armv7-m\libc.a(lib_a-gdtoa-gethex.o)
 .text.__hexdig_init
                0x0000c7e0       0x50 c:/nxp/lpcxpresso_6.0.4_159/lpcxpresso/tools/bin/../lib/gcc/arm-none-eabi/4.6.2/../../../../arm-none-eabi/lib/armv7-m\libc.a(lib_a-gdtoa-gethex.o)
                0x0000c7e0                __hexdig_init
 .text.__gethex
                0x0000c830      0x558 c:/nxp/lpcxpresso_6.0.4_159/lpcxpresso/tools/bin/../lib/gcc/arm-none-eabi/4.6.2/../../../../arm-none-eabi/lib/armv7-m\libc.a(lib_a-gdtoa-gethex.o)
                0x0000c830                __gethex
 .text.__hexnan
                0x0000cd88      0x1c0 c:/nxp/lpcxpresso_6.0.4_159/lpcxpresso/tools/bin/../lib/gcc/arm-none-eabi/4.6.2/../../../../arm-none-eabi/lib/armv7-m\libc.a(lib_a-gdtoa-hexnan.o)
                0x0000cd88                __hexnan
 .text._wcrtomb_r
                0x0000cf48       0x4c c:/nxp/lpcxpresso_6.0.4_159/lpcxpresso/tools/bin/../lib/gcc/arm-none-eabi/4.6.2/../../../../arm-none-eabi/lib/armv7-m\libc.a(lib_a-wcrtomb.o)
                0x0000cf48                _wcrtomb_r
 .text.__ascii_wctomb
                0x0000cf94       0x1c c:/nxp/lpcxpresso_6.0.4_159/lpcxpresso/tools/bin/../lib/gcc/arm-none-eabi/4.6.2/../../../../arm-none-eabi/lib/armv7-m\libc.a(lib_a-wctomb_r.o)
                0x0000cf94                __ascii_wctomb
 .text._sbrk    0x0000cfb0       0x3c c:/nxp/lpcxpresso_6.0.4_159/lpcxpresso/tools/bin/../lib/gcc/arm-none-eabi/4.6.2/../../../../arm-none-eabi/lib/armv7-m\libcr_newlib_nohost.a(_cr_sbrk.o)
                0x0000cfb0                _sbrk
 .text.__check_heap_overflow
                0x0000cfec       0x2c c:/nxp/lpcxpresso_6.0.4_159/lpcxpresso/tools/bin/../lib/gcc/arm-none-eabi/4.6.2/../../../../arm-none-eabi/lib/armv7-m\libcr_newlib_nohost.a(_cr_check_heap.o)
                0x0000cfec                __check_heap_overflow
 .text          0x0000d018       0x54 c:/nxp/lpcxpresso_6.0.4_159/lpcxpresso/tools/bin/../lib/gcc/arm-none-eabi/4.6.2/armv7-m\crtbegin.o
 .text          0x0000d06c       0x40 c:/nxp/lpcxpresso_6.0.4_159/lpcxpresso/tools/bin/../lib/gcc/arm-none-eabi/4.6.2/armv7-m\libgcc.a(_arm_fixunsdfsi.o)
                0x0000d06c                __aeabi_d2uiz
                0x0000d06c                __fixunsdfsi
 *(.rodata .rodata.*)
 .rodata.str1.1
                0x0000d0ac       0x98 ./Motor/Motor.o
 *fill*         0x0000d144        0x4 00
 .rodata._ZTVN4mbed10SerialBaseE
                0x0000d148       0x10 ./main.o
                0x0000d148                vtable for mbed::SerialBase
 .rodata.str1.4
                0x0000d158       0x80 C:/Users/fill/Documents/LPCXpresso_6.0.4_159/workspace/Club_robocon/mbed/TARGET_LPC1768/TOOLCHAIN_GCC_CR/board.o
 .rodata.__stdin_name
                0x0000d1d8        0x8 C:/Users/fill/Documents/LPCXpresso_6.0.4_159/workspace/Club_robocon/mbed/TARGET_LPC1768/TOOLCHAIN_GCC_CR/retarget.o
                0x0000d1d8                __stdin_name
 .rodata.__stderr_name
                0x0000d1e0        0x8 C:/Users/fill/Documents/LPCXpresso_6.0.4_159/workspace/Club_robocon/mbed/TARGET_LPC1768/TOOLCHAIN_GCC_CR/retarget.o
                0x0000d1e0                __stderr_name
 .rodata.__stdout_name
                0x0000d1e8        0x8 C:/Users/fill/Documents/LPCXpresso_6.0.4_159/workspace/Club_robocon/mbed/TARGET_LPC1768/TOOLCHAIN_GCC_CR/retarget.o
                0x0000d1e8                __stdout_name
 .rodata._ZTVN4mbed10FileHandleE
                0x0000d1f0       0x30 C:/Users/fill/Documents/LPCXpresso_6.0.4_159/workspace/Club_robocon/mbed/TARGET_LPC1768/TOOLCHAIN_GCC_CR/retarget.o
                0x0000d1f0                vtable for mbed::FileHandle
 .rodata.str1.4
                0x0000d220        0xe C:/Users/fill/Documents/LPCXpresso_6.0.4_159/workspace/Club_robocon/mbed/TARGET_LPC1768/TOOLCHAIN_GCC_CR/retarget.o
                                 0x10 (size before relaxing)
 *fill*         0x0000d22e        0x2 00
 .rodata.PinMap_PWM
                0x0000d230       0xb4 C:\Users\fill\Documents\LPCXpresso_6.0.4_159\workspace\Club_robocon\mbed\TARGET_LPC1768\TOOLCHAIN_GCC_CR\libmbed.a(pwmout_api.o)
 .rodata.str1.4
                0x0000d2e4       0x7c C:\Users\fill\Documents\LPCXpresso_6.0.4_159\workspace\Club_robocon\mbed\TARGET_LPC1768\TOOLCHAIN_GCC_CR\libmbed.a(pwmout_api.o)
 .rodata.PinMap_UART_RTS
                0x0000d360       0x24 C:\Users\fill\Documents\LPCXpresso_6.0.4_159\workspace\Club_robocon\mbed\TARGET_LPC1768\TOOLCHAIN_GCC_CR\libmbed.a(serial_api.o)
 .rodata.CSWTCH.24
                0x0000d384       0x10 C:\Users\fill\Documents\LPCXpresso_6.0.4_159\workspace\Club_robocon\mbed\TARGET_LPC1768\TOOLCHAIN_GCC_CR\libmbed.a(serial_api.o)
 .rodata.PinMap_UART_RX
                0x0000d394       0x6c C:\Users\fill\Documents\LPCXpresso_6.0.4_159\workspace\Club_robocon\mbed\TARGET_LPC1768\TOOLCHAIN_GCC_CR\libmbed.a(serial_api.o)
 .rodata.str1.4
                0x0000d400      0x1d0 C:\Users\fill\Documents\LPCXpresso_6.0.4_159\workspace\Club_robocon\mbed\TARGET_LPC1768\TOOLCHAIN_GCC_CR\libmbed.a(serial_api.o)
                                0x1e8 (size before relaxing)
 .rodata.PinMap_UART_TX
                0x0000d5d0       0x6c C:\Users\fill\Documents\LPCXpresso_6.0.4_159\workspace\Club_robocon\mbed\TARGET_LPC1768\TOOLCHAIN_GCC_CR\libmbed.a(serial_api.o)
 .rodata.PinMap_UART_CTS
                0x0000d63c       0x24 C:\Users\fill\Documents\LPCXpresso_6.0.4_159\workspace\Club_robocon\mbed\TARGET_LPC1768\TOOLCHAIN_GCC_CR\libmbed.a(serial_api.o)
 .rodata._ZTVN4mbed6SerialE
                0x0000d660       0x60 C:\Users\fill\Documents\LPCXpresso_6.0.4_159\workspace\Club_robocon\mbed\TARGET_LPC1768\TOOLCHAIN_GCC_CR\libmbed.a(Serial.o)
                0x0000d660                vtable for mbed::Serial
 .rodata._ZTVN4mbed6StreamE
                0x0000d6c0       0x48 C:\Users\fill\Documents\LPCXpresso_6.0.4_159\workspace\Club_robocon\mbed\TARGET_LPC1768\TOOLCHAIN_GCC_CR\libmbed.a(Stream.o)
                0x0000d6c0                vtable for mbed::Stream
 .rodata.str1.4
                0x0000d708        0x3 C:\Users\fill\Documents\LPCXpresso_6.0.4_159\workspace\Club_robocon\mbed\TARGET_LPC1768\TOOLCHAIN_GCC_CR\libmbed.a(Stream.o)
                                  0x8 (size before relaxing)
 *fill*         0x0000d70b        0x1 00
 .rodata.str1.4
                0x0000d70c       0x31 C:\Users\fill\Documents\LPCXpresso_6.0.4_159\workspace\Club_robocon\mbed\TARGET_LPC1768\TOOLCHAIN_GCC_CR\libmbed.a(assert.o)
                                 0x34 (size before relaxing)
 .rodata.str1.4
                0x00000000       0x80 C:\Users\fill\Documents\LPCXpresso_6.0.4_159\workspace\Club_robocon\mbed\TARGET_LPC1768\TOOLCHAIN_GCC_CR\libmbed.a(gpio.o)
 *fill*         0x0000d73d        0x3 00
 .rodata.str1.4
                0x0000d740       0x66 C:\Users\fill\Documents\LPCXpresso_6.0.4_159\workspace\Club_robocon\mbed\TARGET_LPC1768\TOOLCHAIN_GCC_CR\libmbed.a(pinmap_common.o)
                                 0x68 (size before relaxing)
 *fill*         0x0000d7a6        0x2 00
 .rodata.us_interface
                0x0000d7a8       0x14 C:\Users\fill\Documents\LPCXpresso_6.0.4_159\workspace\Club_robocon\mbed\TARGET_LPC1768\TOOLCHAIN_GCC_CR\libmbed.a(us_ticker_api.o)
 .rodata.us_data
                0x0000d7bc        0x8 C:\Users\fill\Documents\LPCXpresso_6.0.4_159\workspace\Club_robocon\mbed\TARGET_LPC1768\TOOLCHAIN_GCC_CR\libmbed.a(us_ticker_api.o)
 .rodata.str1.4
                0x0000d7c4       0x7a C:\Users\fill\Documents\LPCXpresso_6.0.4_159\workspace\Club_robocon\mbed\TARGET_LPC1768\TOOLCHAIN_GCC_CR\libmbed.a(gpio_api.o)
                                 0x94 (size before relaxing)
 *fill*         0x0000d83e        0x2 00
 .rodata.str1.4
                0x0000d840       0x64 C:\Users\fill\Documents\LPCXpresso_6.0.4_159\workspace\Club_robocon\mbed\TARGET_LPC1768\TOOLCHAIN_GCC_CR\libmbed.a(pinmap.o)
                                 0x78 (size before relaxing)
 *fill*         0x0000d8a4        0x4 00
 .rodata._ZTVN4mbed8FileLikeE
                0x0000d8a8       0x40 C:\Users\fill\Documents\LPCXpresso_6.0.4_159\workspace\Club_robocon\mbed\TARGET_LPC1768\TOOLCHAIN_GCC_CR\libmbed.a(FileLike.o)
                0x0000d8a8                vtable for mbed::FileLike
 .rodata._ZTVN4mbed8FileBaseE
                0x0000d8e8       0x10 C:\Users\fill\Documents\LPCXpresso_6.0.4_159\workspace\Club_robocon\mbed\TARGET_LPC1768\TOOLCHAIN_GCC_CR\libmbed.a(FileBase.o)
                0x0000d8e8                vtable for mbed::FileBase
 .rodata.str1.4
                0x0000d8f8        0x2 c:/nxp/lpcxpresso_6.0.4_159/lpcxpresso/tools/bin/../lib/gcc/arm-none-eabi/4.6.2/../../../../arm-none-eabi/lib/armv7-m\libc.a(lib_a-impure.o)
                                  0x4 (size before relaxing)
 *fill*         0x0000d8fa        0x2 00
 .rodata._global_impure_ptr
                0x0000d8fc        0x4 c:/nxp/lpcxpresso_6.0.4_159/lpcxpresso/tools/bin/../lib/gcc/arm-none-eabi/4.6.2/../../../../arm-none-eabi/lib/armv7-m\libc.a(lib_a-impure.o)
                0x0000d8fc                _global_impure_ptr
 .rodata.zeroes.6590
                0x0000d900       0x10 c:/nxp/lpcxpresso_6.0.4_159/lpcxpresso/tools/bin/../lib/gcc/arm-none-eabi/4.6.2/../../../../arm-none-eabi/lib/armv7-m\libc.a(lib_a-svfprintf.o)
 .rodata.str1.4
                0x0000d910       0x42 c:/nxp/lpcxpresso_6.0.4_159/lpcxpresso/tools/bin/../lib/gcc/arm-none-eabi/4.6.2/../../../../arm-none-eabi/lib/armv7-m\libc.a(lib_a-svfprintf.o)
                                 0x44 (size before relaxing)
 *fill*         0x0000d952        0x2 00
 .rodata.blanks.6589
                0x0000d954       0x10 c:/nxp/lpcxpresso_6.0.4_159/lpcxpresso/tools/bin/../lib/gcc/arm-none-eabi/4.6.2/../../../../arm-none-eabi/lib/armv7-m\libc.a(lib_a-svfprintf.o)
 .rodata.str1.4
                0x0000d964        0x5 c:/nxp/lpcxpresso_6.0.4_159/lpcxpresso/tools/bin/../lib/gcc/arm-none-eabi/4.6.2/../../../../arm-none-eabi/lib/armv7-m\libc.a(lib_a-svfscanf.o)
                                  0x8 (size before relaxing)
 *fill*         0x0000d969        0x3 00
 .rodata.basefix.6510
                0x0000d96c       0x24 c:/nxp/lpcxpresso_6.0.4_159/lpcxpresso/tools/bin/../lib/gcc/arm-none-eabi/4.6.2/../../../../arm-none-eabi/lib/armv7-m\libc.a(lib_a-svfscanf.o)
 .rodata.zeroes.6605
                0x0000d990       0x10 c:/nxp/lpcxpresso_6.0.4_159/lpcxpresso/tools/bin/../lib/gcc/arm-none-eabi/4.6.2/../../../../arm-none-eabi/lib/armv7-m\libc.a(lib_a-vfprintf.o)
 .rodata.str1.4
                0x00000000       0x44 c:/nxp/lpcxpresso_6.0.4_159/lpcxpresso/tools/bin/../lib/gcc/arm-none-eabi/4.6.2/../../../../arm-none-eabi/lib/armv7-m\libc.a(lib_a-vfprintf.o)
 .rodata.blanks.6604
                0x0000d9a0       0x10 c:/nxp/lpcxpresso_6.0.4_159/lpcxpresso/tools/bin/../lib/gcc/arm-none-eabi/4.6.2/../../../../arm-none-eabi/lib/armv7-m\libc.a(lib_a-vfprintf.o)
 .rodata._ctype_
                0x0000d9b0      0x104 c:/nxp/lpcxpresso_6.0.4_159/lpcxpresso/tools/bin/../lib/gcc/arm-none-eabi/4.6.2/../../../../arm-none-eabi/lib/armv7-m\libc.a(lib_a-ctype_.o)
                0x0000d9b0                _ctype_
 .rodata.str1.4
                0x0000dab4       0x10 c:/nxp/lpcxpresso_6.0.4_159/lpcxpresso/tools/bin/../lib/gcc/arm-none-eabi/4.6.2/../../../../arm-none-eabi/lib/armv7-m\libc.a(lib_a-dtoa.o)
                                 0x14 (size before relaxing)
 .rodata.str1.4
                0x0000dac4        0xa c:/nxp/lpcxpresso_6.0.4_159/lpcxpresso/tools/bin/../lib/gcc/arm-none-eabi/4.6.2/../../../../arm-none-eabi/lib/armv7-m\libc.a(lib_a-locale.o)
                                 0x14 (size before relaxing)
 .rodata.str1.4
                0x00000000        0x4 c:/nxp/lpcxpresso_6.0.4_159/lpcxpresso/tools/bin/../lib/gcc/arm-none-eabi/4.6.2/../../../../arm-none-eabi/lib/armv7-m\libc.a(lib_a-mbrtowc.o)
 *fill*         0x0000dace        0x2 00
 .rodata.__mprec_tens
                0x0000dad0       0xc8 c:/nxp/lpcxpresso_6.0.4_159/lpcxpresso/tools/bin/../lib/gcc/arm-none-eabi/4.6.2/../../../../arm-none-eabi/lib/armv7-m\libc.a(lib_a-mprec.o)
                0x0000dad0                __mprec_tens
 .rodata.__mprec_bigtens
                0x0000db98       0x28 c:/nxp/lpcxpresso_6.0.4_159/lpcxpresso/tools/bin/../lib/gcc/arm-none-eabi/4.6.2/../../../../arm-none-eabi/lib/armv7-m\libc.a(lib_a-mprec.o)
                0x0000db98                __mprec_bigtens
 .rodata.p05.5111
                0x0000dbc0        0xc c:/nxp/lpcxpresso_6.0.4_159/lpcxpresso/tools/bin/../lib/gcc/arm-none-eabi/4.6.2/../../../../arm-none-eabi/lib/armv7-m\libc.a(lib_a-mprec.o)
 .rodata.str1.4
                0x0000dbcc        0xf c:/nxp/lpcxpresso_6.0.4_159/lpcxpresso/tools/bin/../lib/gcc/arm-none-eabi/4.6.2/../../../../arm-none-eabi/lib/armv7-m\libc.a(lib_a-strtod.o)
                                 0x10 (size before relaxing)
 *fill*         0x0000dbdb        0x5 00
 .rodata.tinytens
                0x0000dbe0       0x28 c:/nxp/lpcxpresso_6.0.4_159/lpcxpresso/tools/bin/../lib/gcc/arm-none-eabi/4.6.2/../../../../arm-none-eabi/lib/armv7-m\libc.a(lib_a-strtod.o)
 .rodata.str1.4
                0x0000dc08       0x1c c:/nxp/lpcxpresso_6.0.4_159/lpcxpresso/tools/bin/../lib/gcc/arm-none-eabi/4.6.2/../../../../arm-none-eabi/lib/armv7-m\libc.a(lib_a-gdtoa-gethex.o)
                0x0000dc24                . = ALIGN (0x4)
                0x0000dc24                . = ALIGN (0x4)
 *(.init)
 .init          0x0000dc24        0x4 c:/nxp/lpcxpresso_6.0.4_159/lpcxpresso/tools/bin/../lib/gcc/arm-none-eabi/4.6.2/armv7-m\crti.o
                0x0000dc24                _init
 .init          0x0000dc28        0x8 c:/nxp/lpcxpresso_6.0.4_159/lpcxpresso/tools/bin/../lib/gcc/arm-none-eabi/4.6.2/armv7-m\crtn.o
                0x0000dc30                . = ALIGN (0x4)
                0x0000dc30                __preinit_array_start = .
 *(.preinit_array)
                0x0000dc30                __preinit_array_end = .
                0x0000dc30                . = ALIGN (0x4)
                0x0000dc30                __init_array_start = .
 *(SORT(.init_array.*))
 *(.init_array)
 .init_array    0x0000dc30        0x4 ./myLIB/mySerial.o
 .init_array    0x0000dc34        0x4 ./Motor/Motor.o
 .init_array    0x0000dc38        0x4 ./main.o
 .init_array    0x0000dc3c        0x4 c:/nxp/lpcxpresso_6.0.4_159/lpcxpresso/tools/bin/../lib/gcc/arm-none-eabi/4.6.2/armv7-m\crtbegin.o
                0x0000dc40                __init_array_end = .
 *(.fini)
 .fini          0x0000dc40        0x4 c:/nxp/lpcxpresso_6.0.4_159/lpcxpresso/tools/bin/../lib/gcc/arm-none-eabi/4.6.2/armv7-m\crti.o
                0x0000dc40                _fini
 .fini          0x0000dc44        0x8 c:/nxp/lpcxpresso_6.0.4_159/lpcxpresso/tools/bin/../lib/gcc/arm-none-eabi/4.6.2/armv7-m\crtn.o
                0x0000dc4c                . = ALIGN (0x4)
 *crtbegin.o(.ctors)
 *(EXCLUDE_FILE(*crtend.o) .ctors)
 *(SORT(.ctors.*))
 *crtend.o(.ctors)
                0x0000dc4c                . = ALIGN (0x4)
 *crtbegin.o(.dtors)
 *(EXCLUDE_FILE(*crtend.o) .dtors)
 *(SORT(.dtors.*))
 *crtend.o(.dtors)

.glue_7         0x0000dc4c        0x0
 .glue_7        0x00000000        0x0 linker stubs

.glue_7t        0x0000dc4c        0x0
 .glue_7t       0x00000000        0x0 linker stubs

.vfp11_veneer   0x0000dc4c        0x0
 .vfp11_veneer  0x00000000        0x0 linker stubs

.v4_bx          0x0000dc4c        0x0
 .v4_bx         0x00000000        0x0 linker stubs

.ARM.extab
 *(.ARM.extab* .gnu.linkonce.armextab.*)
                0x0000dc4c                __exidx_start = .

.ARM.exidx      0x0000dc4c        0x8
 *(.ARM.exidx* .gnu.linkonce.armexidx.*)
 .ARM.exidx     0x0000dc4c        0x8 c:/nxp/lpcxpresso_6.0.4_159/lpcxpresso/tools/bin/../lib/gcc/arm-none-eabi/4.6.2/armv7-m\libgcc.a(_divdi3.o)
 .ARM.exidx     0x0000dc54        0x0 c:/nxp/lpcxpresso_6.0.4_159/lpcxpresso/tools/bin/../lib/gcc/arm-none-eabi/4.6.2/armv7-m\libgcc.a(_udivdi3.o)
                                  0x8 (size before relaxing)
                0x0000dc54                __exidx_end = .
                0x0000dc54                _etext = .

.eh_frame       0x0000dc54        0x0
 .eh_frame      0x0000dc54        0x0 c:/nxp/lpcxpresso_6.0.4_159/lpcxpresso/tools/bin/../lib/gcc/arm-none-eabi/4.6.2/armv7-m\crtbegin.o

.data_RAM2      0x2007c000        0x0 load address 0x0000dc54
 FILL mask 0xff
 *(.data.$RAM2*)
 *(.data.$RamAHB32*)
                0x2007c000                . = ALIGN (0x4)

.uninit_RESERVED
 *(.bss.$RESERVED*)

.data           0x100000c8      0x8f0 load address 0x0000dc54
 FILL mask 0xff
                0x100000c8                _data = .
 *(vtable)
 *(.data*)
 .data.SystemCoreClock
                0x100000c8        0x4 C:/Users/fill/Documents/LPCXpresso_6.0.4_159/workspace/Club_robocon/mbed/TARGET_LPC1768/TOOLCHAIN_GCC_CR/system_LPC17xx.o
                0x100000c8                SystemCoreClock
 .data.PWM_MATCH
                0x100000cc       0x1c C:\Users\fill\Documents\LPCXpresso_6.0.4_159\workspace\Club_robocon\mbed\TARGET_LPC1768\TOOLCHAIN_GCC_CR\libmbed.a(pwmout_api.o)
                0x100000cc                PWM_MATCH
 .data.impure_data
                0x100000e8      0x428 c:/nxp/lpcxpresso_6.0.4_159/lpcxpresso/tools/bin/../lib/gcc/arm-none-eabi/4.6.2/../../../../arm-none-eabi/lib/armv7-m\libc.a(lib_a-impure.o)
 .data._impure_ptr
                0x10000510        0x4 c:/nxp/lpcxpresso_6.0.4_159/lpcxpresso/tools/bin/../lib/gcc/arm-none-eabi/4.6.2/../../../../arm-none-eabi/lib/armv7-m\libc.a(lib_a-impure.o)
                0x10000510                _impure_ptr
 .data.__malloc_av_
                0x10000514      0x408 c:/nxp/lpcxpresso_6.0.4_159/lpcxpresso/tools/bin/../lib/gcc/arm-none-eabi/4.6.2/../../../../arm-none-eabi/lib/armv7-m\libc.a(lib_a-mallocr.o)
                0x10000514                __malloc_av_
 .data.__malloc_trim_threshold
                0x1000091c        0x4 c:/nxp/lpcxpresso_6.0.4_159/lpcxpresso/tools/bin/../lib/gcc/arm-none-eabi/4.6.2/../../../../arm-none-eabi/lib/armv7-m\libc.a(lib_a-mallocr.o)
                0x1000091c                __malloc_trim_threshold
 .data.__malloc_sbrk_base
                0x10000920        0x4 c:/nxp/lpcxpresso_6.0.4_159/lpcxpresso/tools/bin/../lib/gcc/arm-none-eabi/4.6.2/../../../../arm-none-eabi/lib/armv7-m\libc.a(lib_a-mallocr.o)
                0x10000920                __malloc_sbrk_base
 .data.__ctype_ptr__
                0x10000924        0x4 c:/nxp/lpcxpresso_6.0.4_159/lpcxpresso/tools/bin/../lib/gcc/arm-none-eabi/4.6.2/../../../../arm-none-eabi/lib/armv7-m\libc.a(lib_a-ctype_.o)
                0x10000924                __ctype_ptr__
 .data.lconv    0x10000928       0x38 c:/nxp/lpcxpresso_6.0.4_159/lpcxpresso/tools/bin/../lib/gcc/arm-none-eabi/4.6.2/../../../../arm-none-eabi/lib/armv7-m\libc.a(lib_a-locale.o)
 .data.lc_ctype_charset
                0x10000960       0x20 c:/nxp/lpcxpresso_6.0.4_159/lpcxpresso/tools/bin/../lib/gcc/arm-none-eabi/4.6.2/../../../../arm-none-eabi/lib/armv7-m\libc.a(lib_a-locale.o)
 .data.__mb_cur_max
                0x10000980        0x4 c:/nxp/lpcxpresso_6.0.4_159/lpcxpresso/tools/bin/../lib/gcc/arm-none-eabi/4.6.2/../../../../arm-none-eabi/lib/armv7-m\libc.a(lib_a-locale.o)
                0x10000980                __mb_cur_max
 .data.__mbtowc
                0x10000984        0x4 c:/nxp/lpcxpresso_6.0.4_159/lpcxpresso/tools/bin/../lib/gcc/arm-none-eabi/4.6.2/../../../../arm-none-eabi/lib/armv7-m\libc.a(lib_a-mbtowc_r.o)
                0x10000984                __mbtowc
 .data.fpinan.5107
                0x10000988       0x14 c:/nxp/lpcxpresso_6.0.4_159/lpcxpresso/tools/bin/../lib/gcc/arm-none-eabi/4.6.2/../../../../arm-none-eabi/lib/armv7-m\libc.a(lib_a-strtod.o)
 .data.fpi.5071
                0x1000099c       0x14 c:/nxp/lpcxpresso_6.0.4_159/lpcxpresso/tools/bin/../lib/gcc/arm-none-eabi/4.6.2/../../../../arm-none-eabi/lib/armv7-m\libc.a(lib_a-strtod.o)
 .data.__wctomb
                0x100009b0        0x4 c:/nxp/lpcxpresso_6.0.4_159/lpcxpresso/tools/bin/../lib/gcc/arm-none-eabi/4.6.2/../../../../arm-none-eabi/lib/armv7-m\libc.a(lib_a-wctomb_r.o)
                0x100009b0                __wctomb
 .data          0x100009b4        0x4 c:/nxp/lpcxpresso_6.0.4_159/lpcxpresso/tools/bin/../lib/gcc/arm-none-eabi/4.6.2/armv7-m\crtbegin.o
                0x100009b4                __dso_handle
                0x100009b8                . = ALIGN (0x4)
                0x100009b8                _edata = .

.jcr            0x100009b8        0x0 load address 0x0000e544
 .jcr           0x100009b8        0x0 c:/nxp/lpcxpresso_6.0.4_159/lpcxpresso/tools/bin/../lib/gcc/arm-none-eabi/4.6.2/armv7-m\crtbegin.o

.bss_RAM2       0x2007c000        0x0
 *(.bss.$RAM2*)
 *(.bss.$RamAHB32*)
 *(AHBSRAM0)
                0x2007c000                . = ALIGN (0x4)

.bss_RAM3       0x20080000        0x0
 *(AHBSRAM1)
                0x20080000                . = ALIGN (0x4)

.bss            0x100009b8      0x4d4
                0x100009b8                _bss = .
 *(.bss*)