Archive member included because of file (symbol)

C:\Users\fill\Documents\LPCXpresso_6.0.4_159\workspace\Cruz_2WD_mothor\mbed\TARGET_LPC1768\TOOLCHAIN_GCC_CR\libmbed.a(pwmout_api.o)
                              ./Motor/Motor.o (pwmout_write)
C:\Users\fill\Documents\LPCXpresso_6.0.4_159\workspace\Cruz_2WD_mothor\mbed\TARGET_LPC1768\TOOLCHAIN_GCC_CR\libmbed.a(serial_api.o)
                              C:/Users/fill/Documents/LPCXpresso_6.0.4_159/workspace/Cruz_2WD_mothor/mbed/TARGET_LPC1768/TOOLCHAIN_GCC_CR/retarget.o (serial_getc)
C:\Users\fill\Documents\LPCXpresso_6.0.4_159\workspace\Cruz_2WD_mothor\mbed\TARGET_LPC1768\TOOLCHAIN_GCC_CR\libmbed.a(FilePath.o)
                              C:/Users/fill/Documents/LPCXpresso_6.0.4_159/workspace/Cruz_2WD_mothor/mbed/TARGET_LPC1768/TOOLCHAIN_GCC_CR/retarget.o (mbed::FilePath::FilePath(char const*))
C:\Users\fill\Documents\LPCXpresso_6.0.4_159\workspace\Cruz_2WD_mothor\mbed\TARGET_LPC1768\TOOLCHAIN_GCC_CR\libmbed.a(FileSystemLike.o)
                              C:/Users/fill/Documents/LPCXpresso_6.0.4_159/workspace/Cruz_2WD_mothor/mbed/TARGET_LPC1768/TOOLCHAIN_GCC_CR/retarget.o (mbed::FileSystemLike::opendir())
C:\Users\fill\Documents\LPCXpresso_6.0.4_159\workspace\Cruz_2WD_mothor\mbed\TARGET_LPC1768\TOOLCHAIN_GCC_CR\libmbed.a(Serial.o)
                              ./main.o (mbed::Serial::Serial(PinName, PinName, char const*))
C:\Users\fill\Documents\LPCXpresso_6.0.4_159\workspace\Cruz_2WD_mothor\mbed\TARGET_LPC1768\TOOLCHAIN_GCC_CR\libmbed.a(SerialBase.o)
                              C:\Users\fill\Documents\LPCXpresso_6.0.4_159\workspace\Cruz_2WD_mothor\mbed\TARGET_LPC1768\TOOLCHAIN_GCC_CR\libmbed.a(Serial.o) (mbed::SerialBase::SerialBase(PinName, PinName))
C:\Users\fill\Documents\LPCXpresso_6.0.4_159\workspace\Cruz_2WD_mothor\mbed\TARGET_LPC1768\TOOLCHAIN_GCC_CR\libmbed.a(Timeout.o)
                              ./main.o (vtable for mbed::Timeout)
C:\Users\fill\Documents\LPCXpresso_6.0.4_159\workspace\Cruz_2WD_mothor\mbed\TARGET_LPC1768\TOOLCHAIN_GCC_CR\libmbed.a(Stream.o)
                              C:\Users\fill\Documents\LPCXpresso_6.0.4_159\workspace\Cruz_2WD_mothor\mbed\TARGET_LPC1768\TOOLCHAIN_GCC_CR\libmbed.a(Serial.o) (mbed::Stream::close())
C:\Users\fill\Documents\LPCXpresso_6.0.4_159\workspace\Cruz_2WD_mothor\mbed\TARGET_LPC1768\TOOLCHAIN_GCC_CR\libmbed.a(Ticker.o)
                              ./main.o (mbed::Ticker::detach())
C:\Users\fill\Documents\LPCXpresso_6.0.4_159\workspace\Cruz_2WD_mothor\mbed\TARGET_LPC1768\TOOLCHAIN_GCC_CR\libmbed.a(Timer.o)
                              ./myLIB/mySerial.o (mbed::Timer::Timer())
C:\Users\fill\Documents\LPCXpresso_6.0.4_159\workspace\Cruz_2WD_mothor\mbed\TARGET_LPC1768\TOOLCHAIN_GCC_CR\libmbed.a(assert.o)
                              ./main.o (mbed_assert_internal)
C:\Users\fill\Documents\LPCXpresso_6.0.4_159\workspace\Cruz_2WD_mothor\mbed\TARGET_LPC1768\TOOLCHAIN_GCC_CR\libmbed.a(TimerEvent.o)
                              ./main.o (mbed::TimerEvent::~TimerEvent())
C:\Users\fill\Documents\LPCXpresso_6.0.4_159\workspace\Cruz_2WD_mothor\mbed\TARGET_LPC1768\TOOLCHAIN_GCC_CR\libmbed.a(error.o)
                              C:/Users/fill/Documents/LPCXpresso_6.0.4_159/workspace/Cruz_2WD_mothor/mbed/TARGET_LPC1768/TOOLCHAIN_GCC_CR/retarget.o (error)
C:\Users\fill\Documents\LPCXpresso_6.0.4_159\workspace\Cruz_2WD_mothor\mbed\TARGET_LPC1768\TOOLCHAIN_GCC_CR\libmbed.a(gpio.o)
                              ./main.o (gpio_init_in)
C:\Users\fill\Documents\LPCXpresso_6.0.4_159\workspace\Cruz_2WD_mothor\mbed\TARGET_LPC1768\TOOLCHAIN_GCC_CR\libmbed.a(mbed_interface.o)
                              C:/Users/fill/Documents/LPCXpresso_6.0.4_159/workspace/Cruz_2WD_mothor/mbed/TARGET_LPC1768/TOOLCHAIN_GCC_CR/retarget.o (mbed_interface_connected)
C:\Users\fill\Documents\LPCXpresso_6.0.4_159\workspace\Cruz_2WD_mothor\mbed\TARGET_LPC1768\TOOLCHAIN_GCC_CR\libmbed.a(pinmap_common.o)
                              C:\Users\fill\Documents\LPCXpresso_6.0.4_159\workspace\Cruz_2WD_mothor\mbed\TARGET_LPC1768\TOOLCHAIN_GCC_CR\libmbed.a(pwmout_api.o) (pinmap_pinout)
C:\Users\fill\Documents\LPCXpresso_6.0.4_159\workspace\Cruz_2WD_mothor\mbed\TARGET_LPC1768\TOOLCHAIN_GCC_CR\libmbed.a(semihost_api.o)
                              C:/Users/fill/Documents/LPCXpresso_6.0.4_159/workspace/Cruz_2WD_mothor/mbed/TARGET_LPC1768/TOOLCHAIN_GCC_CR/retarget.o (semihost_exit)
C:\Users\fill\Documents\LPCXpresso_6.0.4_159\workspace\Cruz_2WD_mothor\mbed\TARGET_LPC1768\TOOLCHAIN_GCC_CR\libmbed.a(wait_api.o)
                              C:\Users\fill\Documents\LPCXpresso_6.0.4_159\workspace\Cruz_2WD_mothor\mbed\TARGET_LPC1768\TOOLCHAIN_GCC_CR\libmbed.a(SerialBase.o) (wait_us)
C:\Users\fill\Documents\LPCXpresso_6.0.4_159\workspace\Cruz_2WD_mothor\mbed\TARGET_LPC1768\TOOLCHAIN_GCC_CR\libmbed.a(ticker_api.o)
[...]
Memory Configuration

Name             Origin             Length             Attributes
MFlash512        0x00000000         0x00080000         xr
RamLoc32         0x100000c8         0x00007f38         xrw
RamAHB_USB       0x2007c000         0x00004000         xrw
RamAHB_Eth       0x20080000         0x00004000         xrw
*default*        0x00000000         0xffffffff

Linker script and memory map

LOAD ./myLIB/button.o
LOAD ./myLIB/mySerial.o
LOAD ./Motor/Motor.o
LOAD ./main.o
LOAD C:/Users/fill/Documents/LPCXpresso_6.0.4_159/workspace/Cruz_2WD_mothor/mbed/TARGET_LPC1768/TOOLCHAIN_GCC_CR/board.o
LOAD C:/Users/fill/Documents/LPCXpresso_6.0.4_159/workspace/Cruz_2WD_mothor/mbed/TARGET_LPC1768/TOOLCHAIN_GCC_CR/cmsis_nvic.o
LOAD C:/Users/fill/Documents/LPCXpresso_6.0.4_159/workspace/Cruz_2WD_mothor/mbed/TARGET_LPC1768/TOOLCHAIN_GCC_CR/retarget.o
LOAD C:/Users/fill/Documents/LPCXpresso_6.0.4_159/workspace/Cruz_2WD_mothor/mbed/TARGET_LPC1768/TOOLCHAIN_GCC_CR/startup_LPC17xx.o
LOAD C:/Users/fill/Documents/LPCXpresso_6.0.4_159/workspace/Cruz_2WD_mothor/mbed/TARGET_LPC1768/TOOLCHAIN_GCC_CR/system_LPC17xx.o
LOAD C:\Users\fill\Documents\LPCXpresso_6.0.4_159\workspace\Cruz_2WD_mothor\mbed\TARGET_LPC1768\TOOLCHAIN_GCC_CR\libmbed.a
START GROUP
LOAD c:/nxp/lpcxpresso_6.0.4_159/lpcxpresso/tools/bin/../lib/gcc/arm-none-eabi/4.6.2/armv7-m\libgcc.a
LOAD c:/nxp/lpcxpresso_6.0.4_159/lpcxpresso/tools/bin/../lib/gcc/arm-none-eabi/4.6.2/../../../../arm-none-eabi/lib/armv7-m\libc.a
LOAD c:/nxp/lpcxpresso_6.0.4_159/lpcxpresso/tools/bin/../lib/gcc/arm-none-eabi/4.6.2/../../../../arm-none-eabi/lib/armv7-m\libstdc++.a
LOAD c:/nxp/lpcxpresso_6.0.4_159/lpcxpresso/tools/bin/../lib/gcc/arm-none-eabi/4.6.2/../../../../arm-none-eabi/lib/armv7-m\libm.a
LOAD c:/nxp/lpcxpresso_6.0.4_159/lpcxpresso/tools/bin/../lib/gcc/arm-none-eabi/4.6.2/../../../../arm-none-eabi/lib/armv7-m\libcr_newlib_nohost.a
LOAD c:/nxp/lpcxpresso_6.0.4_159/lpcxpresso/tools/bin/../lib/gcc/arm-none-eabi/4.6.2/armv7-m\crti.o
LOAD c:/nxp/lpcxpresso_6.0.4_159/lpcxpresso/tools/bin/../lib/gcc/arm-none-eabi/4.6.2/armv7-m\crtn.o
LOAD c:/nxp/lpcxpresso_6.0.4_159/lpcxpresso/tools/bin/../lib/gcc/arm-none-eabi/4.6.2/armv7-m\crtbegin.o
LOAD c:/nxp/lpcxpresso_6.0.4_159/lpcxpresso/tools/bin/../lib/gcc/arm-none-eabi/4.6.2/armv7-m\crtend.o
END GROUP
                0x00080000                __top_MFlash512 = 0x80000
                0x10008000                __top_RamLoc32 = 0x10008000
                0x20084000                __top_RamAHB32 = 0x20084000

.text           0x00000000     0xe444
 FILL mask 0xff
 *(.isr_vector)
 .isr_vector    0x00000000       0xcc C:/Users/fill/Documents/LPCXpresso_6.0.4_159/workspace/Cruz_2WD_mothor/mbed/TARGET_LPC1768/TOOLCHAIN_GCC_CR/startup_LPC17xx.o
                0x00000000                g_pfnVectors
                0x000000cc                . = ALIGN (0x4)
                0x000000cc                __section_table_start = .
                0x000000cc                __data_section_table = .
                0x000000cc        0x4 LONG 0xe44c LOADADDR (.data)
                0x000000d0        0x4 LONG 0x100000c8 ADDR (.data)
                0x000000d4        0x4 LONG 0x8f0 SIZEOF (.data)
                0x000000d8        0x4 LONG 0xe44c LOADADDR (.data_RAM2)
                0x000000dc        0x4 LONG 0x2007c000 ADDR (.data_RAM2)
                0x000000e0        0x4 LONG 0x0 SIZEOF (.data_RAM2)
                0x000000e4                __data_section_table_end = .
                0x000000e4                __bss_section_table = .
                0x000000e4        0x4 LONG 0x100009b8 ADDR (.bss)
                0x000000e8        0x4 LONG 0x600 SIZEOF (.bss)
                0x000000ec        0x4 LONG 0x2007c000 ADDR (.bss_RAM2)
                0x000000f0        0x4 LONG 0x0 SIZEOF (.bss_RAM2)
                0x000000f4                __bss_section_table_end = .
                0x000000f4                __section_table_end = .
 *(.after_vectors*)
 .after_vectors
                0x000000f4       0xd0 C:/Users/fill/Documents/LPCXpresso_6.0.4_159/workspace/Cruz_2WD_mothor/mbed/TARGET_LPC1768/TOOLCHAIN_GCC_CR/startup_LPC17xx.o
                0x000000f4                NMI_Handler
                0x000000f8                HardFault_Handler
                0x000000fc                MemManage_Handler
                0x00000100                BusFault_Handler
                0x00000104                UsageFault_Handler
                0x00000108                SVC_Handler
                0x0000010c                DebugMon_Handler
                0x00000110                PendSV_Handler
                0x00000114                SysTick_Handler
                0x00000118                PWM1_IRQHandler
                0x00000118                I2C1_IRQHandler
                0x00000118                EINT2_IRQHandler
                0x00000118                UART1_IRQHandler
                0x00000118                EINT3_IRQHandler
                0x00000118                CANActivity_IRQHandler
                0x00000118                TIMER3_IRQHandler
                0x00000118                UART0_IRQHandler
                0x00000118                MCPWM_IRQHandler
                0x00000118                I2C0_IRQHandler
                0x00000118                IntDefaultHandler
                0x00000118                RIT_IRQHandler
                0x00000118                CAN_IRQHandler
                0x00000118                PLL1_IRQHandler
                0x00000118                SSP0_IRQHandler
                0x00000118                I2S_IRQHandler
                0x00000118                I2C2_IRQHandler
                0x00000118                RTC_IRQHandler
                0x00000118                TIMER0_IRQHandler
                0x00000118                SPI_IRQHandler
                0x00000118                UART3_IRQHandler
                0x00000118                EINT1_IRQHandler
                0x00000118                TIMER1_IRQHandler
                0x00000118                UART2_IRQHandler
                0x00000118                ADC_IRQHandler
                0x00000118                SSP1_IRQHandler
                0x00000118                USB_IRQHandler
                0x00000118                BOD_IRQHandler
                0x00000118                USBActivity_IRQHandler
                0x00000118                WDT_IRQHandler
                0x00000118                PLL0_IRQHandler
                0x00000118                QEI_IRQHandler
                0x00000118                EINT0_IRQHandler
                0x00000118                TIMER2_IRQHandler
                0x00000118                DMA_IRQHandler
                0x00000118                ENET_IRQHandler
                0x0000011c                ResetISR
                0x0000019c                data_init
                0x000001b4                bss_init
 *(.text*)
 .text._ZN6ButtonC2Ev
                0x000001c4        0x8 ./myLIB/button.o
                0x000001c4                Button::Button()
                0x000001c4                Button::Button()
 .text._ZN6Button4riseEi
                0x000001cc       0x16 ./myLIB/button.o
                0x000001cc                Button::rise(int)
 .text._ZN6Button4pushEi
                0x000001e2        0xc ./myLIB/button.o
                0x000001e2                Button::push(int)
 .text._ZN6Button8set_DataEi
                0x000001ee        0x8 ./myLIB/button.o
                0x000001ee                Button::set_Data(int)
 .text._ZN8MySerialC2EPN4mbed6SerialE
                0x000001f6        0x4 ./myLIB/mySerial.o
                0x000001f6                MySerial::MySerial(mbed::Serial*)
                0x000001f6                MySerial::MySerial(mbed::Serial*)
 *fill*         0x000001fa        0x2 00
 .text._ZN8MySerial5inputEv
                0x000001fc       0x38 ./myLIB/mySerial.o
                0x000001fc                MySerial::input()
 .text.startup._GLOBAL__sub_I_stopper_
                0x00000234        0xc ./myLIB/mySerial.o
 .text._ZN5MotorC2Ev
                0x00000240       0x1e ./Motor/Motor.o
                0x00000240                Motor::Motor()
                0x00000240                Motor::Motor()
 *fill*         0x0000025e        0x2 00
 .text._ZN5Motor4initEv
                0x00000260       0x40 ./Motor/Motor.o
                0x00000260                Motor::init()
 .text._ZN5Motor5driveEi
                0x000002a0       0xf8 ./Motor/Motor.o
                0x000002a0                Motor::drive(int)
 .text._ZN5Motor8drive_LPEi
                0x00000398       0x7e ./Motor/Motor.o
                0x00000398                Motor::drive_LP(int)
 .text._ZN5Motor11allDrive_LPEv
                0x00000416       0x16 ./Motor/Motor.o
                0x00000416                Motor::allDrive_LP()
 .text.startup._GLOBAL__sub_I_p1
                0x0000042c       0x38 ./Motor/Motor.o
 .text._ZN4mbed10SerialBaseD2Ev
                0x00000464        0xc ./main.o
                0x00000464                mbed::SerialBase::~SerialBase()
                0x00000464                mbed::SerialBase::~SerialBase()
 .text._ZN4mbed10SerialBaseD0Ev
                0x00000470       0x14 ./main.o
                0x00000470                mbed::SerialBase::~SerialBase()
 .text._ZN4mbed7TimeoutD2Ev
                0x00000484       0x1c ./main.o
                0x00000484                mbed::Timeout::~Timeout()
                0x00000484                mbed::Timeout::~Timeout()
 .text._ZN4mbed6SerialD1Ev
                0x000004a0       0x10 ./main.o
                0x000004a0                non-virtual thunk to mbed::Serial::~Serial()
                0x000004a8                non-virtual thunk to mbed::Serial::~Serial()
 .text._ZN4mbed6SerialD2Ev
                0x000004b0       0x2c ./main.o
                0x000004b0                mbed::Serial::~Serial()
                0x000004b0                mbed::Serial::~Serial()
 .text._ZN4mbed9DigitalInC2E7PinName
                0x000004dc       0x1a ./main.o
                0x000004dc                mbed::DigitalIn::DigitalIn(PinName)
                0x000004dc                mbed::DigitalIn::DigitalIn(PinName)
 *fill*         0x000004f6        0x2 00
 .text._ZN4mbed9DigitalIncviEv
                0x000004f8       0x2c ./main.o
                0x000004f8                mbed::DigitalIn::operator int()
 .text._ZN4mbed10DigitalOutC2E7PinName
                0x00000524       0x1a ./main.o
                0x00000524                mbed::DigitalOut::DigitalOut(PinName)
                0x00000524                mbed::DigitalOut::DigitalOut(PinName)
 *fill*         0x0000053e        0x2 00
 .text._ZN4mbed10DigitalOut5writeEi
                0x00000540       0x2c ./main.o
                0x00000540                mbed::DigitalOut::write(int)
 .text._Z5stop3v
                0x0000056c       0x10 ./main.o
                0x0000056c                stop3()
 .text._Z5stop2v
                0x0000057c       0x10 ./main.o
                0x0000057c                stop2()
 .text._Z5stop1v
                0x0000058c       0x10 ./main.o
                0x0000058c                stop1()
 .text._Z9pomp_ctrlv
                0x0000059c      0x134 ./main.o
                0x0000059c                pomp_ctrl()
 .text._Z8uratReadv
                0x000006d0       0x90 ./main.o
                0x000006d0                uratRead()
 .text._Z9input_valv
                0x00000760       0xb4 ./main.o
                0x00000760                input_val()
 *fill*         0x00000814        0x4 00
 .text._Z11normal_movev
                0x00000818      0x148 ./main.o
                0x00000818                normal_move()
 .text._Z8arm_ctrlv
                0x00000960       0xe0 ./main.o
                0x00000960                arm_ctrl()
 .text._Z6turn_Li
                0x00000a40       0x38 ./main.o
                0x00000a40                turn_L(int)
 .text._Z6turn_Ri
                0x00000a78       0x38 ./main.o
                0x00000a78                turn_R(int)
 .text._Z8turn_L_Si
                0x00000ab0       0x38 ./main.o
                0x00000ab0                turn_L_S(int)
 .text._Z8turn_R_Si
                0x00000ae8       0x38 ./main.o
                0x00000ae8                turn_R_S(int)
 .text._Z12machine_movev
                0x00000b20      0x100 ./main.o
                0x00000b20                machine_move()
 .text._Z5setupv
                0x00000c20       0x7c ./main.o
                0x00000c20                setup()
 .text._Z4loopv
                0x00000c9c       0x38 ./main.o
                0x00000c9c                loop()
 .text.startup.main
                0x00000cd4        0xc ./main.o
                0x00000cd4                main
 .text._ZN4mbed6SerialD0Ev
                0x00000ce0       0x1e ./main.o
                0x00000ce0                non-virtual thunk to mbed::Serial::~Serial()
                0x00000ce6                non-virtual thunk to mbed::Serial::~Serial()
                0x00000cec                mbed::Serial::~Serial()
 .text._ZN4mbed7TimeoutD0Ev
                0x00000cfe       0x12 ./main.o
                0x00000cfe                mbed::Timeout::~Timeout()
 .text.startup._GLOBAL__sub_I_slave
                0x00000d10      0x190 ./main.o
 .text.mbed_die
                0x00000ea0      0x10c C:/Users/fill/Documents/LPCXpresso_6.0.4_159/workspace/Cruz_2WD_mothor/mbed/TARGET_LPC1768/TOOLCHAIN_GCC_CR/board.o
                0x00000ea0                mbed_die
 .text.NVIC_SetVector
                0x00000fac       0x3c C:/Users/fill/Documents/LPCXpresso_6.0.4_159/workspace/Cruz_2WD_mothor/mbed/TARGET_LPC1768/TOOLCHAIN_GCC_CR/cmsis_nvic.o
                0x00000fac                NVIC_SetVector
 .text._ZN4mbed10FileHandle4flenEv
                0x00000fe8       0x34 C:/Users/fill/Documents/LPCXpresso_6.0.4_159/workspace/Cruz_2WD_mothor/mbed/TARGET_LPC1768/TOOLCHAIN_GCC_CR/retarget.o
                0x00000fe8                mbed::FileHandle::flen()
 .text._ZN4mbed10FileHandleD2Ev
                0x0000101c       0x2c C:/Users/fill/Documents/LPCXpresso_6.0.4_159/workspace/Cruz_2WD_mothor/mbed/TARGET_LPC1768/TOOLCHAIN_GCC_CR/retarget.o
                0x0000101c                mbed::FileHandle::~FileHandle()
                0x0000101c                mbed::FileHandle::~FileHandle()
 .text._ZN4mbed10FileHandleD0Ev
                0x00001048       0x34 C:/Users/fill/Documents/LPCXpresso_6.0.4_159/workspace/Cruz_2WD_mothor/mbed/TARGET_LPC1768/TOOLCHAIN_GCC_CR/retarget.o
                0x00001048                mbed::FileHandle::~FileHandle()
 .text._ZL11init_serialv.part.0
                0x0000107c       0x18 C:/Users/fill/Documents/LPCXpresso_6.0.4_159/workspace/Cruz_2WD_mothor/mbed/TARGET_LPC1768/TOOLCHAIN_GCC_CR/retarget.o
 .text._open    0x00001094       0xfc C:/Users/fill/Documents/LPCXpresso_6.0.4_159/workspace/Cruz_2WD_mothor/mbed/TARGET_LPC1768/TOOLCHAIN_GCC_CR/retarget.o
                0x00001094                _open
 .text._close   0x00001190       0x2c C:/Users/fill/Documents/LPCXpresso_6.0.4_159/workspace/Cruz_2WD_mothor/mbed/TARGET_LPC1768/TOOLCHAIN_GCC_CR/retarget.o
                0x00001190                _close
 .text._write   0x000011bc       0x50 C:/Users/fill/Documents/LPCXpresso_6.0.4_159/workspace/Cruz_2WD_mothor/mbed/TARGET_LPC1768/TOOLCHAIN_GCC_CR/retarget.o
                0x000011bc                _write
 .text._read    0x0000120c       0x4c C:/Users/fill/Documents/LPCXpresso_6.0.4_159/workspace/Cruz_2WD_mothor/mbed/TARGET_LPC1768/TOOLCHAIN_GCC_CR/retarget.o
                0x0000120c                _read
 .text._isatty  0x00001258       0x28 C:/Users/fill/Documents/LPCXpresso_6.0.4_159/workspace/Cruz_2WD_mothor/mbed/TARGET_LPC1768/TOOLCHAIN_GCC_CR/retarget.o
                0x00001258                _isatty
 .text._lseek   0x00001280       0x28 C:/Users/fill/Documents/LPCXpresso_6.0.4_159/workspace/Cruz_2WD_mothor/mbed/TARGET_LPC1768/TOOLCHAIN_GCC_CR/retarget.o
                0x00001280                _lseek
 .text._fstat   0x000012a8       0x20 C:/Users/fill/Documents/LPCXpresso_6.0.4_159/workspace/Cruz_2WD_mothor/mbed/TARGET_LPC1768/TOOLCHAIN_GCC_CR/retarget.o
                0x000012a8                _fstat
 .text.exit     0x000012c8       0x30 C:/Users/fill/Documents/LPCXpresso_6.0.4_159/workspace/Cruz_2WD_mothor/mbed/TARGET_LPC1768/TOOLCHAIN_GCC_CR/retarget.o
                0x000012c8                exit
 .text.__cxa_pure_virtual
                0x000012f8        0x8 C:/Users/fill/Documents/LPCXpresso_6.0.4_159/workspace/Cruz_2WD_mothor/mbed/TARGET_LPC1768/TOOLCHAIN_GCC_CR/retarget.o
                0x000012f8                __cxa_pure_virtual
 .text._ZN4mbed26mbed_set_unbuffered_streamEP7__sFILE
                0x00001300        0x8 C:/Users/fill/Documents/LPCXpresso_6.0.4_159/workspace/Cruz_2WD_mothor/mbed/TARGET_LPC1768/TOOLCHAIN_GCC_CR/retarget.o
                0x00001300                mbed::mbed_set_unbuffered_stream(__sFILE*)
 .text._ZN4mbed9mbed_getcEP7__sFILE
                0x00001308        0x4 C:/Users/fill/Documents/LPCXpresso_6.0.4_159/workspace/Cruz_2WD_mothor/mbed/TARGET_LPC1768/TOOLCHAIN_GCC_CR/retarget.o
                0x00001308                mbed::mbed_getc(__sFILE*)
 .text.__aeabi_atexit
                0x0000130c        0x4 C:/Users/fill/Documents/LPCXpresso_6.0.4_159/workspace/Cruz_2WD_mothor/mbed/TARGET_LPC1768/TOOLCHAIN_GCC_CR/startup_LPC17xx.o
                0x0000130c                __aeabi_atexit
 .text._ZdlPv   0x00001310        0x4 C:/Users/fill/Documents/LPCXpresso_6.0.4_159/workspace/Cruz_2WD_mothor/mbed/TARGET_LPC1768/TOOLCHAIN_GCC_CR/startup_LPC17xx.o
                0x00001310                operator delete(void*)
 .text.SystemInit
                0x00001314       0xb8 C:/Users/fill/Documents/LPCXpresso_6.0.4_159/workspace/Cruz_2WD_mothor/mbed/TARGET_LPC1768/TOOLCHAIN_GCC_CR/system_LPC17xx.o
                0x00001314                SystemInit
 .text.pwmout_write
                0x000013cc       0x5c C:\Users\fill\Documents\LPCXpresso_6.0.4_159\workspace\Cruz_2WD_mothor\mbed\TARGET_LPC1768\TOOLCHAIN_GCC_CR\libmbed.a(pwmout_api.o)
                0x000013cc                pwmout_write
 .text.pwmout_period_us
                0x00001428       0x44 C:\Users\fill\Documents\LPCXpresso_6.0.4_159\workspace\Cruz_2WD_mothor\mbed\TARGET_LPC1768\TOOLCHAIN_GCC_CR\libmbed.a(pwmout_api.o)
                0x00001428                pwmout_period_us
 .text.pwmout_period_ms
                0x0000146c        0xc C:\Users\fill\Documents\LPCXpresso_6.0.4_159\workspace\Cruz_2WD_mothor\mbed\TARGET_LPC1768\TOOLCHAIN_GCC_CR\libmbed.a(pwmout_api.o)
                0x0000146c                pwmout_period_ms
 .text.pwmout_init
                0x00001478       0xd8 C:\Users\fill\Documents\LPCXpresso_6.0.4_159\workspace\Cruz_2WD_mothor\mbed\TARGET_LPC1768\TOOLCHAIN_GCC_CR\libmbed.a(pwmout_api.o)
                0x00001478                pwmout_init
 .text.uart2_irq
                0x00001550       0x64 C:\Users\fill\Documents\LPCXpresso_6.0.4_159\workspace\Cruz_2WD_mothor\mbed\TARGET_LPC1768\TOOLCHAIN_GCC_CR\libmbed.a(serial_api.o)
                0x00001550                uart2_irq
 .text.serial_irq_set_internal
                0x000015b4       0xcc C:\Users\fill\Documents\LPCXpresso_6.0.4_159\workspace\Cruz_2WD_mothor\mbed\TARGET_LPC1768\TOOLCHAIN_GCC_CR\libmbed.a(serial_api.o)
 .text.uart0_irq
                0x00001680       0x64 C:\Users\fill\Documents\LPCXpresso_6.0.4_159\workspace\Cruz_2WD_mothor\mbed\TARGET_LPC1768\TOOLCHAIN_GCC_CR\libmbed.a(serial_api.o)
                0x00001680                uart0_irq
 .text.uart3_irq
                0x000016e4       0x6c C:\Users\fill\Documents\LPCXpresso_6.0.4_159\workspace\Cruz_2WD_mothor\mbed\TARGET_LPC1768\TOOLCHAIN_GCC_CR\libmbed.a(serial_api.o)
                0x000016e4                uart3_irq
 .text.uart1_irq
                0x00001750       0x64 C:\Users\fill\Documents\LPCXpresso_6.0.4_159\workspace\Cruz_2WD_mothor\mbed\TARGET_LPC1768\TOOLCHAIN_GCC_CR\libmbed.a(serial_api.o)
                0x00001750                uart1_irq
 .text.serial_baud
                0x000017b4      0x244 C:\Users\fill\Documents\LPCXpresso_6.0.4_159\workspace\Cruz_2WD_mothor\mbed\TARGET_LPC1768\TOOLCHAIN_GCC_CR\libmbed.a(serial_api.o)
                0x000017b4                serial_baud
 .text.serial_format
                0x000019f8       0x78 C:\Users\fill\Documents\LPCXpresso_6.0.4_159\workspace\Cruz_2WD_mothor\mbed\TARGET_LPC1768\TOOLCHAIN_GCC_CR\libmbed.a(serial_api.o)
                0x000019f8                serial_format
 .text.serial_irq_handler
                0x00001a70       0x20 C:\Users\fill\Documents\LPCXpresso_6.0.4_159\workspace\Cruz_2WD_mothor\mbed\TARGET_LPC1768\TOOLCHAIN_GCC_CR\libmbed.a(serial_api.o)
                0x00001a70                serial_irq_handler
 .text.serial_getc
                0x00001a90       0x38 C:\Users\fill\Documents\LPCXpresso_6.0.4_159\workspace\Cruz_2WD_mothor\mbed\TARGET_LPC1768\TOOLCHAIN_GCC_CR\libmbed.a(serial_api.o)
                0x00001a90                serial_getc
 .text.serial_readable
                0x00001ac8        0xc C:\Users\fill\Documents\LPCXpresso_6.0.4_159\workspace\Cruz_2WD_mothor\mbed\TARGET_LPC1768\TOOLCHAIN_GCC_CR\libmbed.a(serial_api.o)
                0x00001ac8                serial_readable
 .text.serial_writable
                0x00001ad4       0x74 C:\Users\fill\Documents\LPCXpresso_6.0.4_159\workspace\Cruz_2WD_mothor\mbed\TARGET_LPC1768\TOOLCHAIN_GCC_CR\libmbed.a(serial_api.o)
                0x00001ad4                serial_writable
 .text.serial_putc
                0x00001b48       0x34 C:\Users\fill\Documents\LPCXpresso_6.0.4_159\workspace\Cruz_2WD_mothor\mbed\TARGET_LPC1768\TOOLCHAIN_GCC_CR\libmbed.a(serial_api.o)
                0x00001b48                serial_putc
 .text.serial_set_flow_control
                0x00001b7c      0x12c C:\Users\fill\Documents\LPCXpresso_6.0.4_159\workspace\Cruz_2WD_mothor\mbed\TARGET_LPC1768\TOOLCHAIN_GCC_CR\libmbed.a(serial_api.o)
                0x00001b7c                serial_set_flow_control
 .text.serial_init
                0x00001ca8      0x1bc C:\Users\fill\Documents\LPCXpresso_6.0.4_159\workspace\Cruz_2WD_mothor\mbed\TARGET_LPC1768\TOOLCHAIN_GCC_CR\libmbed.a(serial_api.o)
                0x00001ca8                serial_init
 .text._ZN4mbed8FilePathC2EPKc
                0x00001e64       0x58 C:\Users\fill\Documents\LPCXpresso_6.0.4_159\workspace\Cruz_2WD_mothor\mbed\TARGET_LPC1768\TOOLCHAIN_GCC_CR\libmbed.a(FilePath.o)
                0x00001e64                mbed::FilePath::FilePath(char const*)
                0x00001e64                mbed::FilePath::FilePath(char const*)
 .text._ZN4mbed8FilePath8fileNameEv
                0x00001ebc        0x4 C:\Users\fill\Documents\LPCXpresso_6.0.4_159\workspace\Cruz_2WD_mothor\mbed\TARGET_LPC1768\TOOLCHAIN_GCC_CR\libmbed.a(FilePath.o)
                0x00001ebc                mbed::FilePath::fileName()
 .text._ZN4mbed8FilePath10fileSystemEv
                0x00001ec0       0x18 C:\Users\fill\Documents\LPCXpresso_6.0.4_159\workspace\Cruz_2WD_mothor\mbed\TARGET_LPC1768\TOOLCHAIN_GCC_CR\libmbed.a(FilePath.o)
                0x00001ec0                mbed::FilePath::fileSystem()
 .text._ZN4mbed8FilePath6isFileEv
                0x00001ed8       0x14 C:\Users\fill\Documents\LPCXpresso_6.0.4_159\workspace\Cruz_2WD_mothor\mbed\TARGET_LPC1768\TOOLCHAIN_GCC_CR\libmbed.a(FilePath.o)
                0x00001ed8                mbed::FilePath::isFile()
 .text._ZN4mbed8FilePath4fileEv
                0x00001eec       0x1c C:\Users\fill\Documents\LPCXpresso_6.0.4_159\workspace\Cruz_2WD_mothor\mbed\TARGET_LPC1768\TOOLCHAIN_GCC_CR\libmbed.a(FilePath.o)
                0x00001eec                mbed::FilePath::file()
 .text._ZN4mbed8FilePath6existsEv
                0x00001f08        0xc C:\Users\fill\Documents\LPCXpresso_6.0.4_159\workspace\Cruz_2WD_mothor\mbed\TARGET_LPC1768\TOOLCHAIN_GCC_CR\libmbed.a(FilePath.o)
                0x00001f08                mbed::FilePath::exists()
 .text._ZN4mbed6Serial5_getcEv
                0x00001f14        0x4 C:\Users\fill\Documents\LPCXpresso_6.0.4_159\workspace\Cruz_2WD_mothor\mbed\TARGET_LPC1768\TOOLCHAIN_GCC_CR\libmbed.a(Serial.o)
                0x00001f14                mbed::Serial::_getc()
 .text._ZThn64_N4mbed6Serial5_getcEv
                0x00001f18        0x8 C:\Users\fill\Documents\LPCXpresso_6.0.4_159\workspace\Cruz_2WD_mothor\mbed\TARGET_LPC1768\TOOLCHAIN_GCC_CR\libmbed.a(Serial.o)
                0x00001f18                non-virtual thunk to mbed::Serial::_getc()
 .text._ZN4mbed6Serial5_putcEi
                0x00001f20        0x4 C:\Users\fill\Documents\LPCXpresso_6.0.4_159\workspace\Cruz_2WD_mothor\mbed\TARGET_LPC1768\TOOLCHAIN_GCC_CR\libmbed.a(Serial.o)
                0x00001f20                mbed::Serial::_putc(int)
 .text._ZThn64_N4mbed6Serial5_putcEi
                0x00001f24        0x8 C:\Users\fill\Documents\LPCXpresso_6.0.4_159\workspace\Cruz_2WD_mothor\mbed\TARGET_LPC1768\TOOLCHAIN_GCC_CR\libmbed.a(Serial.o)
                0x00001f24                non-virtual thunk to mbed::Serial::_putc(int)
 .text._ZN4mbed6SerialC2E7PinNameS1_PKc
                0x00001f2c       0x30 C:\Users\fill\Documents\LPCXpresso_6.0.4_159\workspace\Cruz_2WD_mothor\mbed\TARGET_LPC1768\TOOLCHAIN_GCC_CR\libmbed.a(Serial.o)
                0x00001f2c                mbed::Serial::Serial(PinName, PinName, char const*)
                0x00001f2c                mbed::Serial::Serial(PinName, PinName, char const*)
 .text._ZN4mbed10SerialBase12_irq_handlerEm9SerialIrq
                0x00001f5c       0x28 C:\Users\fill\Documents\LPCXpresso_6.0.4_159\workspace\Cruz_2WD_mothor\mbed\TARGET_LPC1768\TOOLCHAIN_GCC_CR\libmbed.a(SerialBase.o)
                0x00001f5c                mbed::SerialBase::_irq_handler(unsigned long, SerialIrq)
 .text._ZN4mbed10SerialBaseC2E7PinNameS1_
                0x00001f84       0x3c C:\Users\fill\Documents\LPCXpresso_6.0.4_159\workspace\Cruz_2WD_mothor\mbed\TARGET_LPC1768\TOOLCHAIN_GCC_CR\libmbed.a(SerialBase.o)
                0x00001f84                mbed::SerialBase::SerialBase(PinName, PinName)
                0x00001f84                mbed::SerialBase::SerialBase(PinName, PinName)
 .text._ZN4mbed10SerialBase4baudEi
                0x00001fc0       0x10 C:\Users\fill\Documents\LPCXpresso_6.0.4_159\workspace\Cruz_2WD_mothor\mbed\TARGET_LPC1768\TOOLCHAIN_GCC_CR\libmbed.a(SerialBase.o)
                0x00001fc0                mbed::SerialBase::baud(int)
 .text._ZN4mbed10SerialBase8readableEv
                0x00001fd0        0x8 C:\Users\fill\Documents\LPCXpresso_6.0.4_159\workspace\Cruz_2WD_mothor\mbed\TARGET_LPC1768\TOOLCHAIN_GCC_CR\libmbed.a(SerialBase.o)
                0x00001fd0                mbed::SerialBase::readable()
 .text._ZN4mbed10SerialBase10_base_getcEv
                0x00001fd8        0x8 C:\Users\fill\Documents\LPCXpresso_6.0.4_159\workspace\Cruz_2WD_mothor\mbed\TARGET_LPC1768\TOOLCHAIN_GCC_CR\libmbed.a(SerialBase.o)
                0x00001fd8                mbed::SerialBase::_base_getc()
 .text._ZN4mbed10SerialBase10_base_putcEi
                0x00001fe0       0x10 C:\Users\fill\Documents\LPCXpresso_6.0.4_159\workspace\Cruz_2WD_mothor\mbed\TARGET_LPC1768\TOOLCHAIN_GCC_CR\libmbed.a(SerialBase.o)
                0x00001fe0                mbed::SerialBase::_base_putc(int)
 .text._ZN4mbed7Timeout7handlerEv
                0x00001ff0       0x1c C:\Users\fill\Documents\LPCXpresso_6.0.4_159\workspace\Cruz_2WD_mothor\mbed\TARGET_LPC1768\TOOLCHAIN_GCC_CR\libmbed.a(Timeout.o)
                0x00001ff0                mbed::Timeout::handler()
 .text._ZN4mbed6Stream5closeEv
                0x0000200c        0x4 C:\Users\fill\Documents\LPCXpresso_6.0.4_159\workspace\Cruz_2WD_mothor\mbed\TARGET_LPC1768\TOOLCHAIN_GCC_CR\libmbed.a(Stream.o)
                0x0000200c                mbed::Stream::close()
 .text._ZN4mbed6Stream5writeEPKvj
                0x00002010       0x30 C:\Users\fill\Documents\LPCXpresso_6.0.4_159\workspace\Cruz_2WD_mothor\mbed\TARGET_LPC1768\TOOLCHAIN_GCC_CR\libmbed.a(Stream.o)
                0x00002010                mbed::Stream::write(void const*, unsigned int)
 .text._ZN4mbed6Stream4readEPvj
                0x00002040       0x30 C:\Users\fill\Documents\LPCXpresso_6.0.4_159\workspace\Cruz_2WD_mothor\mbed\TARGET_LPC1768\TOOLCHAIN_GCC_CR\libmbed.a(Stream.o)
                0x00002040                mbed::Stream::read(void*, unsigned int)
 .text._ZN4mbed6Stream5lseekEli
                0x00002070        0x4 C:\Users\fill\Documents\LPCXpresso_6.0.4_159\workspace\Cruz_2WD_mothor\mbed\TARGET_LPC1768\TOOLCHAIN_GCC_CR\libmbed.a(Stream.o)
                0x00002070                mbed::Stream::lseek(long, int)
 .text._ZN4mbed6Stream6isattyEv
                0x00002074        0x4 C:\Users\fill\Documents\LPCXpresso_6.0.4_159\workspace\Cruz_2WD_mothor\mbed\TARGET_LPC1768\TOOLCHAIN_GCC_CR\libmbed.a(Stream.o)
                0x00002074                mbed::Stream::isatty()
 .text._ZN4mbed6Stream5fsyncEv
                0x00002078        0x4 C:\Users\fill\Documents\LPCXpresso_6.0.4_159\workspace\Cruz_2WD_mothor\mbed\TARGET_LPC1768\TOOLCHAIN_GCC_CR\libmbed.a(Stream.o)
                0x00002078                mbed::Stream::fsync()
 .text._ZN4mbed6Stream4flenEv
                0x0000207c        0x4 C:\Users\fill\Documents\LPCXpresso_6.0.4_159\workspace\Cruz_2WD_mothor\mbed\TARGET_LPC1768\TOOLCHAIN_GCC_CR\libmbed.a(Stream.o)
                0x0000207c                mbed::Stream::flen()
 .text._ZN4mbed6StreamD2Ev
                0x00002080       0x24 C:\Users\fill\Documents\LPCXpresso_6.0.4_159\workspace\Cruz_2WD_mothor\mbed\TARGET_LPC1768\TOOLCHAIN_GCC_CR\libmbed.a(Stream.o)
                0x00002080                mbed::Stream::~Stream()
                0x00002080                mbed::Stream::~Stream()
 .text._ZThn4_N4mbed6StreamD1Ev
                0x000020a4        0x8 C:\Users\fill\Documents\LPCXpresso_6.0.4_159\workspace\Cruz_2WD_mothor\mbed\TARGET_LPC1768\TOOLCHAIN_GCC_CR\libmbed.a(Stream.o)
                0x000020a4                non-virtual thunk to mbed::Stream::~Stream()
 .text._ZN4mbed6StreamD0Ev
                0x000020ac       0x14 C:\Users\fill\Documents\LPCXpresso_6.0.4_159\workspace\Cruz_2WD_mothor\mbed\TARGET_LPC1768\TOOLCHAIN_GCC_CR\libmbed.a(Stream.o)
                0x000020ac                mbed::Stream::~Stream()
 .text._ZThn4_N4mbed6StreamD0Ev
                0x000020c0        0x8 C:\Users\fill\Documents\LPCXpresso_6.0.4_159\workspace\Cruz_2WD_mothor\mbed\TARGET_LPC1768\TOOLCHAIN_GCC_CR\libmbed.a(Stream.o)
                0x000020c0                non-virtual thunk to mbed::Stream::~Stream()
 .text._ZN4mbed6StreamC2EPKc
                0x000020c8       0x44 C:\Users\fill\Documents\LPCXpresso_6.0.4_159\workspace\Cruz_2WD_mothor\mbed\TARGET_LPC1768\TOOLCHAIN_GCC_CR\libmbed.a(Stream.o)
                0x000020c8                mbed::Stream::Stream(char const*)
                0x000020c8                mbed::Stream::Stream(char const*)
 .text._ZN4mbed6Stream4getcEv
                0x0000210c       0x14 C:\Users\fill\Documents\LPCXpresso_6.0.4_159\workspace\Cruz_2WD_mothor\mbed\TARGET_LPC1768\TOOLCHAIN_GCC_CR\libmbed.a(Stream.o)
                0x0000210c                mbed::Stream::getc()
 .text._ZN4mbed6TickerD2Ev
                0x00002120       0x20 C:\Users\fill\Documents\LPCXpresso_6.0.4_159\workspace\Cruz_2WD_mothor\mbed\TARGET_LPC1768\TOOLCHAIN_GCC_CR\libmbed.a(Ticker.o)
                0x00002120                mbed::Ticker::~Ticker()
                0x00002120                mbed::Ticker::~Ticker()
 .text._ZN4mbed6Ticker7handlerEv
                0x00002140       0x28 C:\Users\fill\Documents\LPCXpresso_6.0.4_159\workspace\Cruz_2WD_mothor\mbed\TARGET_LPC1768\TOOLCHAIN_GCC_CR\libmbed.a(Ticker.o)
                0x00002140                mbed::Ticker::handler()
 .text._ZN4mbed6TickerD0Ev
                0x00002168       0x28 C:\Users\fill\Documents\LPCXpresso_6.0.4_159\workspace\Cruz_2WD_mothor\mbed\TARGET_LPC1768\TOOLCHAIN_GCC_CR\libmbed.a(Ticker.o)
                0x00002168                mbed::Ticker::~Ticker()
 .text._ZN4mbed6Ticker6detachEv
                0x00002190       0x10 C:\Users\fill\Documents\LPCXpresso_6.0.4_159\workspace\Cruz_2WD_mothor\mbed\TARGET_LPC1768\TOOLCHAIN_GCC_CR\libmbed.a(Ticker.o)
                0x00002190                mbed::Ticker::detach()
 .text._ZN4mbed6Ticker5setupEm
                0x000021a0       0x20 C:\Users\fill\Documents\LPCXpresso_6.0.4_159\workspace\Cruz_2WD_mothor\mbed\TARGET_LPC1768\TOOLCHAIN_GCC_CR\libmbed.a(Ticker.o)
                0x000021a0                mbed::Ticker::setup(unsigned long)
 .text._ZN4mbed5Timer9slicetimeEv.part.0
                0x000021c0       0x10 C:\Users\fill\Documents\LPCXpresso_6.0.4_159\workspace\Cruz_2WD_mothor\mbed\TARGET_LPC1768\TOOLCHAIN_GCC_CR\libmbed.a(Timer.o)
 .text._ZN4mbed5TimerC2Ev
                0x000021d0       0x20 C:\Users\fill\Documents\LPCXpresso_6.0.4_159\workspace\Cruz_2WD_mothor\mbed\TARGET_LPC1768\TOOLCHAIN_GCC_CR\libmbed.a(Timer.o)
                0x000021d0                mbed::Timer::Timer()
                0x000021d0                mbed::Timer::Timer()
 .text._ZN4mbed5Timer5startEv
                0x000021f0       0x18 C:\Users\fill\Documents\LPCXpresso_6.0.4_159\workspace\Cruz_2WD_mothor\mbed\TARGET_LPC1768\TOOLCHAIN_GCC_CR\libmbed.a(Timer.o)
                0x000021f0                mbed::Timer::start()
 .text._ZN4mbed5Timer7read_msEv
                0x00002208       0x24 C:\Users\fill\Documents\LPCXpresso_6.0.4_159\workspace\Cruz_2WD_mothor\mbed\TARGET_LPC1768\TOOLCHAIN_GCC_CR\libmbed.a(Timer.o)
                0x00002208                mbed::Timer::read_ms()
 .text._ZN4mbed5Timer5resetEv
                0x0000222c       0x14 C:\Users\fill\Documents\LPCXpresso_6.0.4_159\workspace\Cruz_2WD_mothor\mbed\TARGET_LPC1768\TOOLCHAIN_GCC_CR\libmbed.a(Timer.o)
                0x0000222c                mbed::Timer::reset()
 .text.mbed_assert_internal
                0x00002240       0x18 C:\Users\fill\Documents\LPCXpresso_6.0.4_159\workspace\Cruz_2WD_mothor\mbed\TARGET_LPC1768\TOOLCHAIN_GCC_CR\libmbed.a(assert.o)
                0x00002240                mbed_assert_internal
 .text._ZN4mbed10TimerEvent3irqEm
                0x00002258        0xc C:\Users\fill\Documents\LPCXpresso_6.0.4_159\workspace\Cruz_2WD_mothor\mbed\TARGET_LPC1768\TOOLCHAIN_GCC_CR\libmbed.a(TimerEvent.o)
                0x00002258                mbed::TimerEvent::irq(unsigned long)
 .text._ZN4mbed10TimerEventD2Ev
                0x00002264       0x18 C:\Users\fill\Documents\LPCXpresso_6.0.4_159\workspace\Cruz_2WD_mothor\mbed\TARGET_LPC1768\TOOLCHAIN_GCC_CR\libmbed.a(TimerEvent.o)
                0x00002264                mbed::TimerEvent::~TimerEvent()
                0x00002264                mbed::TimerEvent::~TimerEvent()
 .text._ZN4mbed10TimerEventD0Ev
                0x0000227c       0x20 C:\Users\fill\Documents\LPCXpresso_6.0.4_159\workspace\Cruz_2WD_mothor\mbed\TARGET_LPC1768\TOOLCHAIN_GCC_CR\libmbed.a(TimerEvent.o)
                0x0000227c                mbed::TimerEvent::~TimerEvent()
 .text._ZN4mbed10TimerEventC2Ev
                0x0000229c       0x28 C:\Users\fill\Documents\LPCXpresso_6.0.4_159\workspace\Cruz_2WD_mothor\mbed\TARGET_LPC1768\TOOLCHAIN_GCC_CR\libmbed.a(TimerEvent.o)
                0x0000229c                mbed::TimerEvent::TimerEvent()
                0x0000229c                mbed::TimerEvent::TimerEvent()
 .text._ZN4mbed10TimerEvent6insertEm
                0x000022c4        0xc C:\Users\fill\Documents\LPCXpresso_6.0.4_159\workspace\Cruz_2WD_mothor\mbed\TARGET_LPC1768\TOOLCHAIN_GCC_CR\libmbed.a(TimerEvent.o)
                0x000022c4                mbed::TimerEvent::insert(unsigned long)
 .text._ZN4mbed10TimerEvent6removeEv
                0x000022d0        0xc C:\Users\fill\Documents\LPCXpresso_6.0.4_159\workspace\Cruz_2WD_mothor\mbed\TARGET_LPC1768\TOOLCHAIN_GCC_CR\libmbed.a(TimerEvent.o)
                0x000022d0                mbed::TimerEvent::remove()
 .text.error    0x000022dc       0x24 C:\Users\fill\Documents\LPCXpresso_6.0.4_159\workspace\Cruz_2WD_mothor\mbed\TARGET_LPC1768\TOOLCHAIN_GCC_CR\libmbed.a(error.o)
                0x000022dc                error
 .text.gpio_init_in
                0x00002300       0x24 C:\Users\fill\Documents\LPCXpresso_6.0.4_159\workspace\Cruz_2WD_mothor\mbed\TARGET_LPC1768\TOOLCHAIN_GCC_CR\libmbed.a(gpio.o)
                0x00002300                gpio_init_in
 .text.gpio_init_out
                0x00002324       0x44 C:\Users\fill\Documents\LPCXpresso_6.0.4_159\workspace\Cruz_2WD_mothor\mbed\TARGET_LPC1768\TOOLCHAIN_GCC_CR\libmbed.a(gpio.o)
                0x00002324                gpio_init_out
 .text.gpio_init_out_ex
                0x00002368       0x54 C:\Users\fill\Documents\LPCXpresso_6.0.4_159\workspace\Cruz_2WD_mothor\mbed\TARGET_LPC1768\TOOLCHAIN_GCC_CR\libmbed.a(gpio.o)
                0x00002368                gpio_init_out_ex
 .text.mbed_interface_connected
                0x000023bc        0x4 C:\Users\fill\Documents\LPCXpresso_6.0.4_159\workspace\Cruz_2WD_mothor\mbed\TARGET_LPC1768\TOOLCHAIN_GCC_CR\libmbed.a(mbed_interface.o)
                0x000023bc                mbed_interface_connected
 .text.pinmap_pinout
                0x000023c0       0x40 C:\Users\fill\Documents\LPCXpresso_6.0.4_159\workspace\Cruz_2WD_mothor\mbed\TARGET_LPC1768\TOOLCHAIN_GCC_CR\libmbed.a(pinmap_common.o)
                0x000023c0                pinmap_pinout
 .text.pinmap_merge
                0x00002400       0x24 C:\Users\fill\Documents\LPCXpresso_6.0.4_159\workspace\Cruz_2WD_mothor\mbed\TARGET_LPC1768\TOOLCHAIN_GCC_CR\libmbed.a(pinmap_common.o)
                0x00002400                pinmap_merge
 .text.pinmap_find_peripheral
                0x00002424       0x1c C:\Users\fill\Documents\LPCXpresso_6.0.4_159\workspace\Cruz_2WD_mothor\mbed\TARGET_LPC1768\TOOLCHAIN_GCC_CR\libmbed.a(pinmap_common.o)
                0x00002424                pinmap_find_peripheral
 .text.pinmap_peripheral
                0x00002440       0x34 C:\Users\fill\Documents\LPCXpresso_6.0.4_159\workspace\Cruz_2WD_mothor\mbed\TARGET_LPC1768\TOOLCHAIN_GCC_CR\libmbed.a(pinmap_common.o)
                0x00002440                pinmap_peripheral
 .text.semihost_exit
                0x00002474       0x18 C:\Users\fill\Documents\LPCXpresso_6.0.4_159\workspace\Cruz_2WD_mothor\mbed\TARGET_LPC1768\TOOLCHAIN_GCC_CR\libmbed.a(semihost_api.o)
                0x00002474                semihost_exit
 .text.semihost_connected
                0x0000248c       0x10 C:\Users\fill\Documents\LPCXpresso_6.0.4_159\workspace\Cruz_2WD_mothor\mbed\TARGET_LPC1768\TOOLCHAIN_GCC_CR\libmbed.a(semihost_api.o)
                0x0000248c                semihost_connected
 .text.wait_us  0x0000249c       0x18 C:\Users\fill\Documents\LPCXpresso_6.0.4_159\workspace\Cruz_2WD_mothor\mbed\TARGET_LPC1768\TOOLCHAIN_GCC_CR\libmbed.a(wait_api.o)
                0x0000249c                wait_us
 .text.wait_ms  0x000024b4        0xc C:\Users\fill\Documents\LPCXpresso_6.0.4_159\workspace\Cruz_2WD_mothor\mbed\TARGET_LPC1768\TOOLCHAIN_GCC_CR\libmbed.a(wait_api.o)
                0x000024b4                wait_ms
 .text.ticker_set_handler
                0x000024c0       0x14 C:\Users\fill\Documents\LPCXpresso_6.0.4_159\workspace\Cruz_2WD_mothor\mbed\TARGET_LPC1768\TOOLCHAIN_GCC_CR\libmbed.a(ticker_api.o)
                0x000024c0                ticker_set_handler
 .text.ticker_irq_handler
                0x000024d4       0x48 C:\Users\fill\Documents\LPCXpresso_6.0.4_159\workspace\Cruz_2WD_mothor\mbed\TARGET_LPC1768\TOOLCHAIN_GCC_CR\libmbed.a(ticker_api.o)
                0x000024d4                ticker_irq_handler
 .text.ticker_insert_event
                0x0000251c       0x48 C:\Users\fill\Documents\LPCXpresso_6.0.4_159\workspace\Cruz_2WD_mothor\mbed\TARGET_LPC1768\TOOLCHAIN_GCC_CR\libmbed.a(ticker_api.o)
                0x0000251c                ticker_insert_event
 .text.ticker_remove_event
                0x00002564       0x48 C:\Users\fill\Documents\LPCXpresso_6.0.4_159\workspace\Cruz_2WD_mothor\mbed\TARGET_LPC1768\TOOLCHAIN_GCC_CR\libmbed.a(ticker_api.o)
                0x00002564                ticker_remove_event
 .text.ticker_read
                0x000025ac        0xc C:\Users\fill\Documents\LPCXpresso_6.0.4_159\workspace\Cruz_2WD_mothor\mbed\TARGET_LPC1768\TOOLCHAIN_GCC_CR\libmbed.a(ticker_api.o)
                0x000025ac                ticker_read
 .text.get_us_ticker_data
                0x000025b8        0x8 C:\Users\fill\Documents\LPCXpresso_6.0.4_159\workspace\Cruz_2WD_mothor\mbed\TARGET_LPC1768\TOOLCHAIN_GCC_CR\libmbed.a(us_ticker_api.o)
                0x000025b8                get_us_ticker_data
 .text.us_ticker_irq_handler
                0x000025c0        0xc C:\Users\fill\Documents\LPCXpresso_6.0.4_159\workspace\Cruz_2WD_mothor\mbed\TARGET_LPC1768\TOOLCHAIN_GCC_CR\libmbed.a(us_ticker_api.o)
                0x000025c0                us_ticker_irq_handler
 .text.gpio_set
                0x000025cc       0x30 C:\Users\fill\Documents\LPCXpresso_6.0.4_159\workspace\Cruz_2WD_mothor\mbed\TARGET_LPC1768\TOOLCHAIN_GCC_CR\libmbed.a(gpio_api.o)
                0x000025cc                gpio_set
 .text.gpio_init
                0x000025fc       0x30 C:\Users\fill\Documents\LPCXpresso_6.0.4_159\workspace\Cruz_2WD_mothor\mbed\TARGET_LPC1768\TOOLCHAIN_GCC_CR\libmbed.a(gpio_api.o)
                0x000025fc                gpio_init
 .text.gpio_mode
                0x0000262c        0x8 C:\Users\fill\Documents\LPCXpresso_6.0.4_159\workspace\Cruz_2WD_mothor\mbed\TARGET_LPC1768\TOOLCHAIN_GCC_CR\libmbed.a(gpio_api.o)
                0x0000262c                gpio_mode
 .text.gpio_dir
                0x00002634       0x44 C:\Users\fill\Documents\LPCXpresso_6.0.4_159\workspace\Cruz_2WD_mothor\mbed\TARGET_LPC1768\TOOLCHAIN_GCC_CR\libmbed.a(gpio_api.o)
                0x00002634                gpio_dir
 .text.pin_function
                0x00002678       0x50 C:\Users\fill\Documents\LPCXpresso_6.0.4_159\workspace\Cruz_2WD_mothor\mbed\TARGET_LPC1768\TOOLCHAIN_GCC_CR\libmbed.a(pinmap.o)
                0x00002678                pin_function
 .text.pin_mode
                0x000026c8       0x78 C:\Users\fill\Documents\LPCXpresso_6.0.4_159\workspace\Cruz_2WD_mothor\mbed\TARGET_LPC1768\TOOLCHAIN_GCC_CR\libmbed.a(pinmap.o)
                0x000026c8                pin_mode
 .text.us_ticker_init
                0x00002740       0x68 C:\Users\fill\Documents\LPCXpresso_6.0.4_159\workspace\Cruz_2WD_mothor\mbed\TARGET_LPC1768\TOOLCHAIN_GCC_CR\libmbed.a(us_ticker.o)
                0x00002740                us_ticker_init
 .text.us_ticker_read
                0x000027a8       0x1c C:\Users\fill\Documents\LPCXpresso_6.0.4_159\workspace\Cruz_2WD_mothor\mbed\TARGET_LPC1768\TOOLCHAIN_GCC_CR\libmbed.a(us_ticker.o)
                0x000027a8                us_ticker_read
 .text.us_ticker_set_interrupt
                0x000027c4       0x14 C:\Users\fill\Documents\LPCXpresso_6.0.4_159\workspace\Cruz_2WD_mothor\mbed\TARGET_LPC1768\TOOLCHAIN_GCC_CR\libmbed.a(us_ticker.o)
                0x000027c4                us_ticker_set_interrupt
 .text.us_ticker_disable_interrupt
                0x000027d8       0x10 C:\Users\fill\Documents\LPCXpresso_6.0.4_159\workspace\Cruz_2WD_mothor\mbed\TARGET_LPC1768\TOOLCHAIN_GCC_CR\libmbed.a(us_ticker.o)
                0x000027d8                us_ticker_disable_interrupt
 .text.us_ticker_clear_interrupt
                0x000027e8        0xc C:\Users\fill\Documents\LPCXpresso_6.0.4_159\workspace\Cruz_2WD_mothor\mbed\TARGET_LPC1768\TOOLCHAIN_GCC_CR\libmbed.a(us_ticker.o)
                0x000027e8                us_ticker_clear_interrupt
 .text._ZN4mbed8FileLikeD2Ev
                0x000027f4       0x24 C:\Users\fill\Documents\LPCXpresso_6.0.4_159\workspace\Cruz_2WD_mothor\mbed\TARGET_LPC1768\TOOLCHAIN_GCC_CR\libmbed.a(FileLike.o)
                0x000027f4                mbed::FileLike::~FileLike()
                0x000027f4                mbed::FileLike::~FileLike()
 .text._ZThn4_N4mbed8FileLikeD1Ev
                0x00002818        0x8 C:\Users\fill\Documents\LPCXpresso_6.0.4_159\workspace\Cruz_2WD_mothor\mbed\TARGET_LPC1768\TOOLCHAIN_GCC_CR\libmbed.a(FileLike.o)
                0x00002818                non-virtual thunk to mbed::FileLike::~FileLike()
 .text._ZN4mbed8FileLikeD0Ev
                0x00002820       0x2c C:\Users\fill\Documents\LPCXpresso_6.0.4_159\workspace\Cruz_2WD_mothor\mbed\TARGET_LPC1768\TOOLCHAIN_GCC_CR\libmbed.a(FileLike.o)
                0x00002820                mbed::FileLike::~FileLike()
 .text._ZThn4_N4mbed8FileLikeD0Ev
                0x0000284c        0x8 C:\Users\fill\Documents\LPCXpresso_6.0.4_159\workspace\Cruz_2WD_mothor\mbed\TARGET_LPC1768\TOOLCHAIN_GCC_CR\libmbed.a(FileLike.o)
                0x0000284c                non-virtual thunk to mbed::FileLike::~FileLike()
 .text._ZN4mbed8FileLikeC2EPKc
                0x00002854       0x28 C:\Users\fill\Documents\LPCXpresso_6.0.4_159\workspace\Cruz_2WD_mothor\mbed\TARGET_LPC1768\TOOLCHAIN_GCC_CR\libmbed.a(FileLike.o)
                0x00002854                mbed::FileLike::FileLike(char const*)
                0x00002854                mbed::FileLike::FileLike(char const*)
 .text._ZN4mbed8FileBaseD2Ev
                0x0000287c       0x30 C:\Users\fill\Documents\LPCXpresso_6.0.4_159\workspace\Cruz_2WD_mothor\mbed\TARGET_LPC1768\TOOLCHAIN_GCC_CR\libmbed.a(FileBase.o)
                0x0000287c                mbed::FileBase::~FileBase()
                0x0000287c                mbed::FileBase::~FileBase()
 .text._ZN4mbed8FileBaseD0Ev
                0x000028ac       0x3c C:\Users\fill\Documents\LPCXpresso_6.0.4_159\workspace\Cruz_2WD_mothor\mbed\TARGET_LPC1768\TOOLCHAIN_GCC_CR\libmbed.a(FileBase.o)
                0x000028ac                mbed::FileBase::~FileBase()
 .text._ZN4mbed8FileBaseC2EPKcNS_8PathTypeE
                0x000028e8       0x28 C:\Users\fill\Documents\LPCXpresso_6.0.4_159\workspace\Cruz_2WD_mothor\mbed\TARGET_LPC1768\TOOLCHAIN_GCC_CR\libmbed.a(FileBase.o)
                0x000028e8                mbed::FileBase::FileBase(char const*, mbed::PathType)
                0x000028e8                mbed::FileBase::FileBase(char const*, mbed::PathType)
 .text._ZN4mbed8FileBase6lookupEPKcj
                0x00002910       0x3c C:\Users\fill\Documents\LPCXpresso_6.0.4_159\workspace\Cruz_2WD_mothor\mbed\TARGET_LPC1768\TOOLCHAIN_GCC_CR\libmbed.a(FileBase.o)
                0x00002910                mbed::FileBase::lookup(char const*, unsigned int)
 .text._ZN4mbed8FileBase11getPathTypeEv
                0x0000294c        0x4 C:\Users\fill\Documents\LPCXpresso_6.0.4_159\workspace\Cruz_2WD_mothor\mbed\TARGET_LPC1768\TOOLCHAIN_GCC_CR\libmbed.a(FileBase.o)
                0x0000294c                mbed::FileBase::getPathType()
 .text          0x00002950      0x370 c:/nxp/lpcxpresso_6.0.4_159/lpcxpresso/tools/bin/../lib/gcc/arm-none-eabi/4.6.2/armv7-m\libgcc.a(_arm_addsubdf3.o)
                0x00002950                __aeabi_drsub
                0x00002958                __aeabi_dsub
                0x00002958                __subdf3
                0x0000295c                __aeabi_dadd
                0x0000295c                __adddf3
                0x00002bd4                __floatunsidf
                0x00002bd4                __aeabi_ui2d
                0x00002bf4                __floatsidf
                0x00002bf4                __aeabi_i2d
                0x00002c18                __aeabi_f2d
                0x00002c18                __extendsfdf2
                0x00002c54                __floatundidf
                0x00002c54                __aeabi_ul2d
                0x00002c64                __floatdidf
                0x00002c64                __aeabi_l2d
 .text          0x00002cc0      0x424 c:/nxp/lpcxpresso_6.0.4_159/lpcxpresso/tools/bin/../lib/gcc/arm-none-eabi/4.6.2/armv7-m\libgcc.a(_arm_muldivdf3.o)
                0x00002cc0                __aeabi_dmul
                0x00002cc0                __muldf3
                0x00002f14                __divdf3
                0x00002f14                __aeabi_ddiv
 .text          0x000030e4      0x110 c:/nxp/lpcxpresso_6.0.4_159/lpcxpresso/tools/bin/../lib/gcc/arm-none-eabi/4.6.2/armv7-m\libgcc.a(_arm_cmpdf2.o)
                0x000030e4                __gtdf2
                0x000030e4                __gedf2
                0x000030ec                __ltdf2
                0x000030ec                __ledf2
                0x000030f4                __nedf2
                0x000030f4                __eqdf2
                0x000030f4                __cmpdf2
                0x00003170                __aeabi_cdrcmple
                0x00003180                __aeabi_cdcmpeq
                0x00003180                __aeabi_cdcmple
                0x00003190                __aeabi_dcmpeq
                0x000031a4                __aeabi_dcmplt
                0x000031b8                __aeabi_dcmple
                0x000031cc                __aeabi_dcmpge
                0x000031e0                __aeabi_dcmpgt
 .text          0x000031f4       0x50 c:/nxp/lpcxpresso_6.0.4_159/lpcxpresso/tools/bin/../lib/gcc/arm-none-eabi/4.6.2/armv7-m\libgcc.a(_arm_fixdfsi.o)
                0x000031f4                __aeabi_d2iz
                0x000031f4                __fixdfsi
 .text          0x00003244       0xa0 c:/nxp/lpcxpresso_6.0.4_159/lpcxpresso/tools/bin/../lib/gcc/arm-none-eabi/4.6.2/armv7-m\libgcc.a(_arm_truncdfsf2.o)
                0x00003244                __truncdfsf2
                0x00003244                __aeabi_d2f
 .text          0x000032e4      0x21c c:/nxp/lpcxpresso_6.0.4_159/lpcxpresso/tools/bin/../lib/gcc/arm-none-eabi/4.6.2/armv7-m\libgcc.a(_arm_addsubsf3.o)
                0x000032e4                __aeabi_frsub
                0x000032ec                __subsf3
                0x000032ec                __aeabi_fsub
                0x000032f0                __aeabi_fadd
                0x000032f0                __addsf3
                0x00003450                __aeabi_ui2f
                0x00003450                __floatunsisf
                0x00003458                __aeabi_i2f
                0x00003458                __floatsisf
                0x00003474                __aeabi_ul2f
                0x00003474                __floatundisf
                0x00003484                __aeabi_l2f
                0x00003484                __floatdisf
 .text          0x00003500      0x2a0 c:/nxp/lpcxpresso_6.0.4_159/lpcxpresso/tools/bin/../lib/gcc/arm-none-eabi/4.6.2/armv7-m\libgcc.a(_arm_muldivsf3.o)
                0x00003500                __mulsf3
                0x00003500                __aeabi_fmul
                0x00003668                __aeabi_fdiv
                0x00003668                __divsf3
 .text          0x000037a0       0xec c:/nxp/lpcxpresso_6.0.4_159/lpcxpresso/tools/bin/../lib/gcc/arm-none-eabi/4.6.2/armv7-m\libgcc.a(_arm_cmpsf2.o)
                0x000037a0                __gesf2
                0x000037a0                __gtsf2
                0x000037a8                __lesf2
                0x000037a8                __ltsf2
                0x000037b0                __nesf2
                0x000037b0                __eqsf2
                0x000037b0                __cmpsf2
                0x00003810                __aeabi_cfrcmple
                0x00003818                __aeabi_cfcmpeq
                0x00003818                __aeabi_cfcmple
                0x00003828                __aeabi_fcmpeq
                0x0000383c                __aeabi_fcmplt
                0x00003850                __aeabi_fcmple
                0x00003864                __aeabi_fcmpge
                0x00003878                __aeabi_fcmpgt
 .text          0x0000388c       0x40 c:/nxp/lpcxpresso_6.0.4_159/lpcxpresso/tools/bin/../lib/gcc/arm-none-eabi/4.6.2/armv7-m\libgcc.a(_arm_fixunssfsi.o)
                0x0000388c                __fixunssfsi
                0x0000388c                __aeabi_f2uiz
 .text          0x000038cc       0x2c c:/nxp/lpcxpresso_6.0.4_159/lpcxpresso/tools/bin/../lib/gcc/arm-none-eabi/4.6.2/armv7-m\libgcc.a(_aeabi_uldivmod.o)
                0x000038cc                __aeabi_uldivmod
 .text          0x000038f8       0x5c c:/nxp/lpcxpresso_6.0.4_159/lpcxpresso/tools/bin/../lib/gcc/arm-none-eabi/4.6.2/armv7-m\libgcc.a(bpabi.o)
                0x000038f8                __gnu_ldivmod_helper
                0x00003928                __gnu_uldivmod_helper
 .text          0x00003954        0x4 c:/nxp/lpcxpresso_6.0.4_159/lpcxpresso/tools/bin/../lib/gcc/arm-none-eabi/4.6.2/armv7-m\libgcc.a(_dvmd_tls.o)
                0x00003954                __aeabi_idiv0
                0x00003954                __aeabi_ldiv0
 .text          0x00003958      0x2c8 c:/nxp/lpcxpresso_6.0.4_159/lpcxpresso/tools/bin/../lib/gcc/arm-none-eabi/4.6.2/armv7-m\libgcc.a(_divdi3.o)
                0x00003958                __divdi3
 .text          0x00003c20      0x298 c:/nxp/lpcxpresso_6.0.4_159/lpcxpresso/tools/bin/../lib/gcc/arm-none-eabi/4.6.2/armv7-m\libgcc.a(_udivdi3.o)
                0x00003c20                __udivdi3
 .text.abs      0x00003eb8        0x8 c:/nxp/lpcxpresso_6.0.4_159/lpcxpresso/tools/bin/../lib/gcc/arm-none-eabi/4.6.2/../../../../arm-none-eabi/lib/armv7-m\libc.a(lib_a-abs.o)
                0x00003eb8                abs
 .text.__errno  0x00003ec0        0xc c:/nxp/lpcxpresso_6.0.4_159/lpcxpresso/tools/bin/../lib/gcc/arm-none-eabi/4.6.2/../../../../arm-none-eabi/lib/armv7-m\libc.a(lib_a-errno.o)
                0x00003ec0                __errno
 .text._fclose_r
                0x00003ecc       0x90 c:/nxp/lpcxpresso_6.0.4_159/lpcxpresso/tools/bin/../lib/gcc/arm-none-eabi/4.6.2/../../../../arm-none-eabi/lib/armv7-m\libc.a(lib_a-fclose.o)
                0x00003ecc                _fclose_r
 .text.fclose   0x00003f5c       0x14 c:/nxp/lpcxpresso_6.0.4_159/lpcxpresso/tools/bin/../lib/gcc/arm-none-eabi/4.6.2/../../../../arm-none-eabi/lib/armv7-m\libc.a(lib_a-fclose.o)
                0x00003f5c                fclose
 .text._fflush_r
                0x00003f70      0x16c c:/nxp/lpcxpresso_6.0.4_159/lpcxpresso/tools/bin/../lib/gcc/arm-none-eabi/4.6.2/../../../../arm-none-eabi/lib/armv7-m\libc.a(lib_a-fflush.o)
                0x00003f70                _fflush_r
 .text.fflush   0x000040dc       0x24 c:/nxp/lpcxpresso_6.0.4_159/lpcxpresso/tools/bin/../lib/gcc/arm-none-eabi/4.6.2/../../../../arm-none-eabi/lib/armv7-m\libc.a(lib_a-fflush.o)
                0x000040dc                fflush
 .text.fgetc    0x00004100       0x44 c:/nxp/lpcxpresso_6.0.4_159/lpcxpresso/tools/bin/../lib/gcc/arm-none-eabi/4.6.2/../../../../arm-none-eabi/lib/armv7-m\libc.a(lib_a-fgetc.o)
                0x00004100                fgetc
 .text._cleanup_r
                0x00004144        0xc c:/nxp/lpcxpresso_6.0.4_159/lpcxpresso/tools/bin/../lib/gcc/arm-none-eabi/4.6.2/../../../../arm-none-eabi/lib/armv7-m\libc.a(lib_a-findfp.o)
                0x00004144                _cleanup_r
 .text.std.isra.0
                0x00004150       0x50 c:/nxp/lpcxpresso_6.0.4_159/lpcxpresso/tools/bin/../lib/gcc/arm-none-eabi/4.6.2/../../../../arm-none-eabi/lib/armv7-m\libc.a(lib_a-findfp.o)
 .text.__sfmoreglue
                0x000041a0       0x2c c:/nxp/lpcxpresso_6.0.4_159/lpcxpresso/tools/bin/../lib/gcc/arm-none-eabi/4.6.2/../../../../arm-none-eabi/lib/armv7-m\libc.a(lib_a-findfp.o)
                0x000041a0                __sfmoreglue
 .text.__sinit  0x000041cc       0x4c c:/nxp/lpcxpresso_6.0.4_159/lpcxpresso/tools/bin/../lib/gcc/arm-none-eabi/4.6.2/../../../../arm-none-eabi/lib/armv7-m\libc.a(lib_a-findfp.o)
                0x000041cc                __sinit
 .text.__sfp    0x00004218       0x98 c:/nxp/lpcxpresso_6.0.4_159/lpcxpresso/tools/bin/../lib/gcc/arm-none-eabi/4.6.2/../../../../arm-none-eabi/lib/armv7-m\libc.a(lib_a-findfp.o)
                0x00004218                __sfp
 .text.__sfp_lock_acquire
                0x000042b0        0x4 c:/nxp/lpcxpresso_6.0.4_159/lpcxpresso/tools/bin/../lib/gcc/arm-none-eabi/4.6.2/../../../../arm-none-eabi/lib/armv7-m\libc.a(lib_a-findfp.o)
                0x000042b0                __sfp_lock_acquire
 .text.__sfp_lock_release
                0x000042b4        0x4 c:/nxp/lpcxpresso_6.0.4_159/lpcxpresso/tools/bin/../lib/gcc/arm-none-eabi/4.6.2/../../../../arm-none-eabi/lib/armv7-m\libc.a(lib_a-findfp.o)
                0x000042b4                __sfp_lock_release
 .text._fopen_r
                0x000042b8       0x88 c:/nxp/lpcxpresso_6.0.4_159/lpcxpresso/tools/bin/../lib/gcc/arm-none-eabi/4.6.2/../../../../arm-none-eabi/lib/armv7-m\libc.a(lib_a-fopen.o)
                0x000042b8                _fopen_r
 .text.fopen    0x00004340       0x14 c:/nxp/lpcxpresso_6.0.4_159/lpcxpresso/tools/bin/../lib/gcc/arm-none-eabi/4.6.2/../../../../arm-none-eabi/lib/armv7-m\libc.a(lib_a-fopen.o)
                0x00004340                fopen
 .text._malloc_trim_r
                0x00004354       0xa0 c:/nxp/lpcxpresso_6.0.4_159/lpcxpresso/tools/bin/../lib/gcc/arm-none-eabi/4.6.2/../../../../arm-none-eabi/lib/armv7-m\libc.a(lib_a-freer.o)
                0x00004354                _malloc_trim_r
 .text._free_r  0x000043f4      0x190 c:/nxp/lpcxpresso_6.0.4_159/lpcxpresso/tools/bin/../lib/gcc/arm-none-eabi/4.6.2/../../../../arm-none-eabi/lib/armv7-m\libc.a(lib_a-freer.o)
                0x000043f4                _free_r
 .text._fseek_r
                0x00004584      0x300 c:/nxp/lpcxpresso_6.0.4_159/lpcxpresso/tools/bin/../lib/gcc/arm-none-eabi/4.6.2/../../../../arm-none-eabi/lib/armv7-m\libc.a(lib_a-fseek.o)
                0x00004584                _fseek_r
 .text._fstat_r
                0x00004884       0x28 c:/nxp/lpcxpresso_6.0.4_159/lpcxpresso/tools/bin/../lib/gcc/arm-none-eabi/4.6.2/../../../../arm-none-eabi/lib/armv7-m\libc.a(lib_a-fstatr.o)
                0x00004884                _fstat_r
 .text.__sfvwrite_r
                0x000048ac      0x2e8 c:/nxp/lpcxpresso_6.0.4_159/lpcxpresso/tools/bin/../lib/gcc/arm-none-eabi/4.6.2/../../../../arm-none-eabi/lib/armv7-m\libc.a(lib_a-fvwrite.o)
                0x000048ac                __sfvwrite_r
 .text._fwalk   0x00004b94       0x54 c:/nxp/lpcxpresso_6.0.4_159/lpcxpresso/tools/bin/../lib/gcc/arm-none-eabi/4.6.2/../../../../arm-none-eabi/lib/armv7-m\libc.a(lib_a-fwalk.o)
                0x00004b94                _fwalk
 .text._fwalk_reent
                0x00004be8       0x58 c:/nxp/lpcxpresso_6.0.4_159/lpcxpresso/tools/bin/../lib/gcc/arm-none-eabi/4.6.2/../../../../arm-none-eabi/lib/armv7-m\libc.a(lib_a-fwalk.o)
                0x00004be8                _fwalk_reent
 .text.__libc_init_array
                0x00004c40       0x48 c:/nxp/lpcxpresso_6.0.4_159/lpcxpresso/tools/bin/../lib/gcc/arm-none-eabi/4.6.2/../../../../arm-none-eabi/lib/armv7-m\libc.a(lib_a-init.o)
                0x00004c40                __libc_init_array
 .text.__smakebuf_r
                0x00004c88       0xe0 c:/nxp/lpcxpresso_6.0.4_159/lpcxpresso/tools/bin/../lib/gcc/arm-none-eabi/4.6.2/../../../../arm-none-eabi/lib/armv7-m\libc.a(lib_a-makebuf.o)
                0x00004c88                __smakebuf_r
 .text.malloc   0x00004d68       0x14 c:/nxp/lpcxpresso_6.0.4_159/lpcxpresso/tools/bin/../lib/gcc/arm-none-eabi/4.6.2/../../../../arm-none-eabi/lib/armv7-m\libc.a(lib_a-malloc.o)
                0x00004d68                malloc
 .text.free     0x00004d7c       0x14 c:/nxp/lpcxpresso_6.0.4_159/lpcxpresso/tools/bin/../lib/gcc/arm-none-eabi/4.6.2/../../../../arm-none-eabi/lib/armv7-m\libc.a(lib_a-malloc.o)
                0x00004d7c                free
 .text._malloc_r
                0x00004d90      0x528 c:/nxp/lpcxpresso_6.0.4_159/lpcxpresso/tools/bin/../lib/gcc/arm-none-eabi/4.6.2/../../../../arm-none-eabi/lib/armv7-m\libc.a(lib_a-mallocr.o)
                0x00004d90                _malloc_r
 .text.memchr   0x000052b8       0x84 c:/nxp/lpcxpresso_6.0.4_159/lpcxpresso/tools/bin/../lib/gcc/arm-none-eabi/4.6.2/../../../../arm-none-eabi/lib/armv7-m\libc.a(lib_a-memchr.o)
                0x000052b8                memchr
 .text.memcpy   0x0000533c       0x84 c:/nxp/lpcxpresso_6.0.4_159/lpcxpresso/tools/bin/../lib/gcc/arm-none-eabi/4.6.2/../../../../arm-none-eabi/lib/armv7-m\libc.a(lib_a-memcpy.o)
                0x0000533c                memcpy
 .text.memmove  0x000053c0       0xb0 c:/nxp/lpcxpresso_6.0.4_159/lpcxpresso/tools/bin/../lib/gcc/arm-none-eabi/4.6.2/../../../../arm-none-eabi/lib/armv7-m\libc.a(lib_a-memmove.o)
                0x000053c0                memmove
 .text.memset   0x00005470       0x90 c:/nxp/lpcxpresso_6.0.4_159/lpcxpresso/tools/bin/../lib/gcc/arm-none-eabi/4.6.2/../../../../arm-none-eabi/lib/armv7-m\libc.a(lib_a-memset.o)
                0x00005470                memset
 .text.__malloc_lock
                0x00005500        0x4 c:/nxp/lpcxpresso_6.0.4_159/lpcxpresso/tools/bin/../lib/gcc/arm-none-eabi/4.6.2/../../../../arm-none-eabi/lib/armv7-m\libc.a(lib_a-mlock.o)
                0x00005500                __malloc_lock
 .text.__malloc_unlock
                0x00005504        0x4 c:/nxp/lpcxpresso_6.0.4_159/lpcxpresso/tools/bin/../lib/gcc/arm-none-eabi/4.6.2/../../../../arm-none-eabi/lib/armv7-m\libc.a(lib_a-mlock.o)
                0x00005504                __malloc_unlock
 .text._open_r  0x00005508       0x28 c:/nxp/lpcxpresso_6.0.4_159/lpcxpresso/tools/bin/../lib/gcc/arm-none-eabi/4.6.2/../../../../arm-none-eabi/lib/armv7-m\libc.a(lib_a-openr.o)
                0x00005508                _open_r
 .text._realloc_r
                0x00005530      0x3f4 c:/nxp/lpcxpresso_6.0.4_159/lpcxpresso/tools/bin/../lib/gcc/arm-none-eabi/4.6.2/../../../../arm-none-eabi/lib/armv7-m\libc.a(lib_a-reallocr.o)
                0x00005530                _realloc_r
 .text.lflush   0x00005924       0x14 c:/nxp/lpcxpresso_6.0.4_159/lpcxpresso/tools/bin/../lib/gcc/arm-none-eabi/4.6.2/../../../../arm-none-eabi/lib/armv7-m\libc.a(lib_a-refill.o)
 .text.__srefill_r
                0x00005938      0x100 c:/nxp/lpcxpresso_6.0.4_159/lpcxpresso/tools/bin/../lib/gcc/arm-none-eabi/4.6.2/../../../../arm-none-eabi/lib/armv7-m\libc.a(lib_a-refill.o)
                0x00005938                __srefill_r
 .text.__srget_r
                0x00005a38       0x34 c:/nxp/lpcxpresso_6.0.4_159/lpcxpresso/tools/bin/../lib/gcc/arm-none-eabi/4.6.2/../../../../arm-none-eabi/lib/armv7-m\libc.a(lib_a-rget.o)
                0x00005a38                __srget_r
 .text._sbrk_r  0x00005a6c       0x24 c:/nxp/lpcxpresso_6.0.4_159/lpcxpresso/tools/bin/../lib/gcc/arm-none-eabi/4.6.2/../../../../arm-none-eabi/lib/armv7-m\libc.a(lib_a-sbrkr.o)
                0x00005a6c                _sbrk_r
 .text.setbuf   0x00005a90       0x10 c:/nxp/lpcxpresso_6.0.4_159/lpcxpresso/tools/bin/../lib/gcc/arm-none-eabi/4.6.2/../../../../arm-none-eabi/lib/armv7-m\libc.a(lib_a-setbuf.o)
                0x00005a90                setbuf
 .text.setvbuf  0x00005aa0      0x10c c:/nxp/lpcxpresso_6.0.4_159/lpcxpresso/tools/bin/../lib/gcc/arm-none-eabi/4.6.2/../../../../arm-none-eabi/lib/armv7-m\libc.a(lib_a-setvbuf.o)
                0x00005aa0                setvbuf
 .text.sprintf  0x00005bac       0x50 c:/nxp/lpcxpresso_6.0.4_159/lpcxpresso/tools/bin/../lib/gcc/arm-none-eabi/4.6.2/../../../../arm-none-eabi/lib/armv7-m\libc.a(lib_a-sprintf.o)
                0x00005bac                sprintf
 .text.sscanf   0x00005bfc       0x5c c:/nxp/lpcxpresso_6.0.4_159/lpcxpresso/tools/bin/../lib/gcc/arm-none-eabi/4.6.2/../../../../arm-none-eabi/lib/armv7-m\libc.a(lib_a-sscanf.o)
                0x00005bfc                sscanf
 .text.__sread  0x00005c58       0x24 c:/nxp/lpcxpresso_6.0.4_159/lpcxpresso/tools/bin/../lib/gcc/arm-none-eabi/4.6.2/../../../../arm-none-eabi/lib/armv7-m\libc.a(lib_a-stdio.o)
                0x00005c58                __sread
 .text.__seofread
                0x00005c7c        0x4 c:/nxp/lpcxpresso_6.0.4_159/lpcxpresso/tools/bin/../lib/gcc/arm-none-eabi/4.6.2/../../../../arm-none-eabi/lib/armv7-m\libc.a(lib_a-stdio.o)
                0x00005c7c                __seofread
 .text.__swrite
                0x00005c80       0x40 c:/nxp/lpcxpresso_6.0.4_159/lpcxpresso/tools/bin/../lib/gcc/arm-none-eabi/4.6.2/../../../../arm-none-eabi/lib/armv7-m\libc.a(lib_a-stdio.o)
                0x00005c80                __swrite
 .text.__sseek  0x00005cc0       0x24 c:/nxp/lpcxpresso_6.0.4_159/lpcxpresso/tools/bin/../lib/gcc/arm-none-eabi/4.6.2/../../../../arm-none-eabi/lib/armv7-m\libc.a(lib_a-stdio.o)
                0x00005cc0                __sseek
 .text.__sclose
                0x00005ce4        0x8 c:/nxp/lpcxpresso_6.0.4_159/lpcxpresso/tools/bin/../lib/gcc/arm-none-eabi/4.6.2/../../../../arm-none-eabi/lib/armv7-m\libc.a(lib_a-stdio.o)
                0x00005ce4                __sclose
 .text.strcmp   0x00005cec       0x80 c:/nxp/lpcxpresso_6.0.4_159/lpcxpresso/tools/bin/../lib/gcc/arm-none-eabi/4.6.2/../../../../arm-none-eabi/lib/armv7-m\libc.a(lib_a-strcmp.o)
                0x00005cec                strcmp
 .text.strcmp_unaligned
                0x00005d6c      0x15c c:/nxp/lpcxpresso_6.0.4_159/lpcxpresso/tools/bin/../lib/gcc/arm-none-eabi/4.6.2/../../../../arm-none-eabi/lib/armv7-m\libc.a(lib_a-strcmp.o)
 .text.strlen   0x00005ec8       0x60 c:/nxp/lpcxpresso_6.0.4_159/lpcxpresso/tools/bin/../lib/gcc/arm-none-eabi/4.6.2/../../../../arm-none-eabi/lib/armv7-m\libc.a(lib_a-strlen.o)
                0x00005ec8                strlen
 .text.strncmp  0x00005f28       0xa4 c:/nxp/lpcxpresso_6.0.4_159/lpcxpresso/tools/bin/../lib/gcc/arm-none-eabi/4.6.2/../../../../arm-none-eabi/lib/armv7-m\libc.a(lib_a-strncmp.o)
                0x00005f28                strncmp
 .text._svfprintf_r
                0x00005fcc     0x1408 c:/nxp/lpcxpresso_6.0.4_159/lpcxpresso/tools/bin/../lib/gcc/arm-none-eabi/4.6.2/../../../../arm-none-eabi/lib/armv7-m\libc.a(lib_a-svfprintf.o)
                0x00005fcc                _svfprintf_r
 .text.__ssvfscanf_r
                0x000073d4      0xeac c:/nxp/lpcxpresso_6.0.4_159/lpcxpresso/tools/bin/../lib/gcc/arm-none-eabi/4.6.2/../../../../arm-none-eabi/lib/armv7-m\libc.a(lib_a-svfscanf.o)
                0x000073d4                __ssvfscanf_r
 .text._vfprintf_r
                0x00008280     0x171c c:/nxp/lpcxpresso_6.0.4_159/lpcxpresso/tools/bin/../lib/gcc/arm-none-eabi/4.6.2/../../../../arm-none-eabi/lib/armv7-m\libc.a(lib_a-vfprintf.o)
                0x00008280                _vfprintf_r
 .text.vfprintf
                0x0000999c       0x1c c:/nxp/lpcxpresso_6.0.4_159/lpcxpresso/tools/bin/../lib/gcc/arm-none-eabi/4.6.2/../../../../arm-none-eabi/lib/armv7-m\libc.a(lib_a-vfprintf.o)
                0x0000999c                vfprintf
 .text.__swbuf_r
                0x000099b8       0xc0 c:/nxp/lpcxpresso_6.0.4_159/lpcxpresso/tools/bin/../lib/gcc/arm-none-eabi/4.6.2/../../../../arm-none-eabi/lib/armv7-m\libc.a(lib_a-wbuf.o)
                0x000099b8                __swbuf_r
 .text._write_r
                0x00009a78       0x28 c:/nxp/lpcxpresso_6.0.4_159/lpcxpresso/tools/bin/../lib/gcc/arm-none-eabi/4.6.2/../../../../arm-none-eabi/lib/armv7-m\libc.a(lib_a-writer.o)
                0x00009a78                _write_r
 .text.__swsetup_r
                0x00009aa0       0xb8 c:/nxp/lpcxpresso_6.0.4_159/lpcxpresso/tools/bin/../lib/gcc/arm-none-eabi/4.6.2/../../../../arm-none-eabi/lib/armv7-m\libc.a(lib_a-wsetup.o)
                0x00009aa0                __swsetup_r
 .text._close_r
                0x00009b58       0x24 c:/nxp/lpcxpresso_6.0.4_159/lpcxpresso/tools/bin/../lib/gcc/arm-none-eabi/4.6.2/../../../../arm-none-eabi/lib/armv7-m\libc.a(lib_a-closer.o)
                0x00009b58                _close_r
 .text.quorem   0x00009b7c      0x150 c:/nxp/lpcxpresso_6.0.4_159/lpcxpresso/tools/bin/../lib/gcc/arm-none-eabi/4.6.2/../../../../arm-none-eabi/lib/armv7-m\libc.a(lib_a-dtoa.o)
 *fill*         0x00009ccc        0x4 00
 .text._dtoa_r  0x00009cd0      0xe60 c:/nxp/lpcxpresso_6.0.4_159/lpcxpresso/tools/bin/../lib/gcc/arm-none-eabi/4.6.2/../../../../arm-none-eabi/lib/armv7-m\libc.a(lib_a-dtoa.o)
                0x00009cd0                _dtoa_r
 .text.__sflags
                0x0000ab30       0x6c c:/nxp/lpcxpresso_6.0.4_159/lpcxpresso/tools/bin/../lib/gcc/arm-none-eabi/4.6.2/../../../../arm-none-eabi/lib/armv7-m\libc.a(lib_a-flags.o)
                0x0000ab30                __sflags
 .text._isatty_r
                0x0000ab9c       0x24 c:/nxp/lpcxpresso_6.0.4_159/lpcxpresso/tools/bin/../lib/gcc/arm-none-eabi/4.6.2/../../../../arm-none-eabi/lib/armv7-m\libc.a(lib_a-isattyr.o)
                0x0000ab9c                _isatty_r
 .text.iswspace
                0x0000abc0       0x1c c:/nxp/lpcxpresso_6.0.4_159/lpcxpresso/tools/bin/../lib/gcc/arm-none-eabi/4.6.2/../../../../arm-none-eabi/lib/armv7-m\libc.a(lib_a-iswspace.o)
                0x0000abc0                iswspace
 .text.__locale_charset
                0x0000abdc        0xc c:/nxp/lpcxpresso_6.0.4_159/lpcxpresso/tools/bin/../lib/gcc/arm-none-eabi/4.6.2/../../../../arm-none-eabi/lib/armv7-m\libc.a(lib_a-locale.o)
                0x0000abdc                __locale_charset
 .text.__locale_mb_cur_max
                0x0000abe8        0xc c:/nxp/lpcxpresso_6.0.4_159/lpcxpresso/tools/bin/../lib/gcc/arm-none-eabi/4.6.2/../../../../arm-none-eabi/lib/armv7-m\libc.a(lib_a-locale.o)
                0x0000abe8                __locale_mb_cur_max
 .text._localeconv_r
                0x0000abf4        0xc c:/nxp/lpcxpresso_6.0.4_159/lpcxpresso/tools/bin/../lib/gcc/arm-none-eabi/4.6.2/../../../../arm-none-eabi/lib/armv7-m\libc.a(lib_a-locale.o)
                0x0000abf4                _localeconv_r
 .text._lseek_r
                0x0000ac00       0x28 c:/nxp/lpcxpresso_6.0.4_159/lpcxpresso/tools/bin/../lib/gcc/arm-none-eabi/4.6.2/../../../../arm-none-eabi/lib/armv7-m\libc.a(lib_a-lseekr.o)
                0x0000ac00                _lseek_r
 .text._mbrtowc_r
                0x0000ac28       0x58 c:/nxp/lpcxpresso_6.0.4_159/lpcxpresso/tools/bin/../lib/gcc/arm-none-eabi/4.6.2/../../../../arm-none-eabi/lib/armv7-m\libc.a(lib_a-mbrtowc.o)
                0x0000ac28                _mbrtowc_r
 .text.__ascii_mbtowc
                0x0000ac80       0x28 c:/nxp/lpcxpresso_6.0.4_159/lpcxpresso/tools/bin/../lib/gcc/arm-none-eabi/4.6.2/../../../../arm-none-eabi/lib/armv7-m\libc.a(lib_a-mbtowc_r.o)
                0x0000ac80                __ascii_mbtowc
 .text._Balloc  0x0000aca8       0x4c c:/nxp/lpcxpresso_6.0.4_159/lpcxpresso/tools/bin/../lib/gcc/arm-none-eabi/4.6.2/../../../../arm-none-eabi/lib/armv7-m\libc.a(lib_a-mprec.o)
                0x0000aca8                _Balloc
 .text._Bfree   0x0000acf4       0x14 c:/nxp/lpcxpresso_6.0.4_159/lpcxpresso/tools/bin/../lib/gcc/arm-none-eabi/4.6.2/../../../../arm-none-eabi/lib/armv7-m\libc.a(lib_a-mprec.o)
                0x0000acf4                _Bfree
 .text.__multadd
                0x0000ad08       0x84 c:/nxp/lpcxpresso_6.0.4_159/lpcxpresso/tools/bin/../lib/gcc/arm-none-eabi/4.6.2/../../../../arm-none-eabi/lib/armv7-m\libc.a(lib_a-mprec.o)
                0x0000ad08                __multadd
 .text.__s2b    0x0000ad8c       0x98 c:/nxp/lpcxpresso_6.0.4_159/lpcxpresso/tools/bin/../lib/gcc/arm-none-eabi/4.6.2/../../../../arm-none-eabi/lib/armv7-m\libc.a(lib_a-mprec.o)
                0x0000ad8c                __s2b
 .text.__hi0bits
                0x0000ae24       0x3c c:/nxp/lpcxpresso_6.0.4_159/lpcxpresso/tools/bin/../lib/gcc/arm-none-eabi/4.6.2/../../../../arm-none-eabi/lib/armv7-m\libc.a(lib_a-mprec.o)
                0x0000ae24                __hi0bits
 .text.__lo0bits
                0x0000ae60       0x5c c:/nxp/lpcxpresso_6.0.4_159/lpcxpresso/tools/bin/../lib/gcc/arm-none-eabi/4.6.2/../../../../arm-none-eabi/lib/armv7-m\libc.a(lib_a-mprec.o)
                0x0000ae60                __lo0bits
 .text.__i2b    0x0000aebc       0x14 c:/nxp/lpcxpresso_6.0.4_159/lpcxpresso/tools/bin/../lib/gcc/arm-none-eabi/4.6.2/../../../../arm-none-eabi/lib/armv7-m\libc.a(lib_a-mprec.o)
                0x0000aebc                __i2b
 .text.__multiply
                0x0000aed0      0x144 c:/nxp/lpcxpresso_6.0.4_159/lpcxpresso/tools/bin/../lib/gcc/arm-none-eabi/4.6.2/../../../../arm-none-eabi/lib/armv7-m\libc.a(lib_a-mprec.o)
                0x0000aed0                __multiply
 .text.__pow5mult
                0x0000b014       0x98 c:/nxp/lpcxpresso_6.0.4_159/lpcxpresso/tools/bin/../lib/gcc/arm-none-eabi/4.6.2/../../../../arm-none-eabi/lib/armv7-m\libc.a(lib_a-mprec.o)
                0x0000b014                __pow5mult
 .text.__lshift
                0x0000b0ac       0xc0 c:/nxp/lpcxpresso_6.0.4_159/lpcxpresso/tools/bin/../lib/gcc/arm-none-eabi/4.6.2/../../../../arm-none-eabi/lib/armv7-m\libc.a(lib_a-mprec.o)
                0x0000b0ac                __lshift
 .text.__mcmp   0x0000b16c       0x3c c:/nxp/lpcxpresso_6.0.4_159/lpcxpresso/tools/bin/../lib/gcc/arm-none-eabi/4.6.2/../../../../arm-none-eabi/lib/armv7-m\libc.a(lib_a-mprec.o)
                0x0000b16c                __mcmp
 .text.__mdiff  0x0000b1a8       0xd8 c:/nxp/lpcxpresso_6.0.4_159/lpcxpresso/tools/bin/../lib/gcc/arm-none-eabi/4.6.2/../../../../arm-none-eabi/lib/armv7-m\libc.a(lib_a-mprec.o)
                0x0000b1a8                __mdiff
 .text.__ulp    0x0000b280       0x44 c:/nxp/lpcxpresso_6.0.4_159/lpcxpresso/tools/bin/../lib/gcc/arm-none-eabi/4.6.2/../../../../arm-none-eabi/lib/armv7-m\libc.a(lib_a-mprec.o)
                0x0000b280                __ulp
 .text.__b2d    0x0000b2c4       0xb8 c:/nxp/lpcxpresso_6.0.4_159/lpcxpresso/tools/bin/../lib/gcc/arm-none-eabi/4.6.2/../../../../arm-none-eabi/lib/armv7-m\libc.a(lib_a-mprec.o)
                0x0000b2c4                __b2d
 .text.__d2b    0x0000b37c       0xcc c:/nxp/lpcxpresso_6.0.4_159/lpcxpresso/tools/bin/../lib/gcc/arm-none-eabi/4.6.2/../../../../arm-none-eabi/lib/armv7-m\libc.a(lib_a-mprec.o)
                0x0000b37c                __d2b
 .text.__ratio  0x0000b448       0x54 c:/nxp/lpcxpresso_6.0.4_159/lpcxpresso/tools/bin/../lib/gcc/arm-none-eabi/4.6.2/../../../../arm-none-eabi/lib/armv7-m\libc.a(lib_a-mprec.o)
                0x0000b448                __ratio
 .text.__copybits
                0x0000b49c       0x48 c:/nxp/lpcxpresso_6.0.4_159/lpcxpresso/tools/bin/../lib/gcc/arm-none-eabi/4.6.2/../../../../arm-none-eabi/lib/armv7-m\libc.a(lib_a-mprec.o)
                0x0000b49c                __copybits
 .text.__any_on
                0x0000b4e4       0x60 c:/nxp/lpcxpresso_6.0.4_159/lpcxpresso/tools/bin/../lib/gcc/arm-none-eabi/4.6.2/../../../../arm-none-eabi/lib/armv7-m\libc.a(lib_a-mprec.o)
                0x0000b4e4                __any_on
 .text._read_r  0x0000b544       0x28 c:/nxp/lpcxpresso_6.0.4_159/lpcxpresso/tools/bin/../lib/gcc/arm-none-eabi/4.6.2/../../../../arm-none-eabi/lib/armv7-m\libc.a(lib_a-readr.o)
                0x0000b544                _read_r
 .text.__fpclassifyd
                0x0000b56c       0x68 c:/nxp/lpcxpresso_6.0.4_159/lpcxpresso/tools/bin/../lib/gcc/arm-none-eabi/4.6.2/../../../../arm-none-eabi/lib/armv7-m\libc.a(lib_a-s_fpclassify.o)
                0x0000b56c                __fpclassifyd
 .text.__sccl   0x0000b5d4       0x68 c:/nxp/lpcxpresso_6.0.4_159/lpcxpresso/tools/bin/../lib/gcc/arm-none-eabi/4.6.2/../../../../arm-none-eabi/lib/armv7-m\libc.a(lib_a-sccl.o)
                0x0000b5d4                __sccl
 .text.nanf     0x0000b63c        0x8 c:/nxp/lpcxpresso_6.0.4_159/lpcxpresso/tools/bin/../lib/gcc/arm-none-eabi/4.6.2/../../../../arm-none-eabi/lib/armv7-m\libc.a(lib_a-sf_nan.o)
                0x0000b63c                nanf
 .text.match    0x0000b644       0x30 c:/nxp/lpcxpresso_6.0.4_159/lpcxpresso/tools/bin/../lib/gcc/arm-none-eabi/4.6.2/../../../../arm-none-eabi/lib/armv7-m\libc.a(lib_a-strtod.o)
 *fill*         0x0000b674        0x4 00
 .text._strtod_r
                0x0000b678      0xe38 c:/nxp/lpcxpresso_6.0.4_159/lpcxpresso/tools/bin/../lib/gcc/arm-none-eabi/4.6.2/../../../../arm-none-eabi/lib/armv7-m\libc.a(lib_a-strtod.o)
                0x0000b678                _strtod_r
 .text._strtol_r
                0x0000c4b0      0x120 c:/nxp/lpcxpresso_6.0.4_159/lpcxpresso/tools/bin/../lib/gcc/arm-none-eabi/4.6.2/../../../../arm-none-eabi/lib/armv7-m\libc.a(lib_a-strtol.o)
                0x0000c4b0                _strtol_r
 .text._strtoll_r
                0x0000c5d0      0x1b4 c:/nxp/lpcxpresso_6.0.4_159/lpcxpresso/tools/bin/../lib/gcc/arm-none-eabi/4.6.2/../../../../arm-none-eabi/lib/armv7-m\libc.a(lib_a-strtoll_r.o)
                0x0000c5d0                _strtoll_r
 .text._strtoul_r
                0x0000c784      0x12c c:/nxp/lpcxpresso_6.0.4_159/lpcxpresso/tools/bin/../lib/gcc/arm-none-eabi/4.6.2/../../../../arm-none-eabi/lib/armv7-m\libc.a(lib_a-strtoul.o)
                0x0000c784                _strtoul_r
 .text._strtoull_r
                0x0000c8b0      0x1c8 c:/nxp/lpcxpresso_6.0.4_159/lpcxpresso/tools/bin/../lib/gcc/arm-none-eabi/4.6.2/../../../../arm-none-eabi/lib/armv7-m\libc.a(lib_a-strtoull_r.o)
                0x0000c8b0                _strtoull_r
 .text.__ssprint_r
                0x0000ca78       0xf8 c:/nxp/lpcxpresso_6.0.4_159/lpcxpresso/tools/bin/../lib/gcc/arm-none-eabi/4.6.2/../../../../arm-none-eabi/lib/armv7-m\libc.a(lib_a-svfiprintf.o)
                0x0000ca78                __ssprint_r
 .text._sungetc_r
                0x0000cb70       0x84 c:/nxp/lpcxpresso_6.0.4_159/lpcxpresso/tools/bin/../lib/gcc/arm-none-eabi/4.6.2/../../../../arm-none-eabi/lib/armv7-m\libc.a(lib_a-svfiscanf.o)
                0x0000cb70                _sungetc_r
 .text.__ssrefill_r
                0x0000cbf4       0x3c c:/nxp/lpcxpresso_6.0.4_159/lpcxpresso/tools/bin/../lib/gcc/arm-none-eabi/4.6.2/../../../../arm-none-eabi/lib/armv7-m\libc.a(lib_a-svfiscanf.o)
                0x0000cbf4                __ssrefill_r
 .text._sfread_r
                0x0000cc30       0x74 c:/nxp/lpcxpresso_6.0.4_159/lpcxpresso/tools/bin/../lib/gcc/arm-none-eabi/4.6.2/../../../../arm-none-eabi/lib/armv7-m\libc.a(lib_a-svfiscanf.o)
                0x0000cc30                _sfread_r
 .text.__submore
                0x0000cca4       0x84 c:/nxp/lpcxpresso_6.0.4_159/lpcxpresso/tools/bin/../lib/gcc/arm-none-eabi/4.6.2/../../../../arm-none-eabi/lib/armv7-m\libc.a(lib_a-ungetc.o)
                0x0000cca4                __submore
 .text.__sprint_r
                0x0000cd28       0x80 c:/nxp/lpcxpresso_6.0.4_159/lpcxpresso/tools/bin/../lib/gcc/arm-none-eabi/4.6.2/../../../../arm-none-eabi/lib/armv7-m\libc.a(lib_a-vfiprintf.o)
                0x0000cd28                __sprint_r
 .text._calloc_r
                0x0000cda8       0x60 c:/nxp/lpcxpresso_6.0.4_159/lpcxpresso/tools/bin/../lib/gcc/arm-none-eabi/4.6.2/../../../../arm-none-eabi/lib/armv7-m\libc.a(lib_a-callocr.o)
                0x0000cda8                _calloc_r
 .text._fputwc_r
                0x0000ce08       0xd0 c:/nxp/lpcxpresso_6.0.4_159/lpcxpresso/tools/bin/../lib/gcc/arm-none-eabi/4.6.2/../../../../arm-none-eabi/lib/armv7-m\libc.a(lib_a-fputwc.o)
                0x0000ce08                _fputwc_r
 .text.rshift   0x0000ced8       0xa8 c:/nxp/lpcxpresso_6.0.4_159/lpcxpresso/tools/bin/../lib/gcc/arm-none-eabi/4.6.2/../../../../arm-none-eabi/lib/armv7-m\libc.a(lib_a-gdtoa-gethex.o)
 .text.__hexdig_init
                0x0000cf80       0x50 c:/nxp/lpcxpresso_6.0.4_159/lpcxpresso/tools/bin/../lib/gcc/arm-none-eabi/4.6.2/../../../../arm-none-eabi/lib/armv7-m\libc.a(lib_a-gdtoa-gethex.o)
                0x0000cf80                __hexdig_init
 .text.__gethex
                0x0000cfd0      0x558 c:/nxp/lpcxpresso_6.0.4_159/lpcxpresso/tools/bin/../lib/gcc/arm-none-eabi/4.6.2/../../../../arm-none-eabi/lib/armv7-m\libc.a(lib_a-gdtoa-gethex.o)
                0x0000cfd0                __gethex
 .text.__hexnan
                0x0000d528      0x1c0 c:/nxp/lpcxpresso_6.0.4_159/lpcxpresso/tools/bin/../lib/gcc/arm-none-eabi/4.6.2/../../../../arm-none-eabi/lib/armv7-m\libc.a(lib_a-gdtoa-hexnan.o)
                0x0000d528                __hexnan
 .text._wcrtomb_r
                0x0000d6e8       0x4c c:/nxp/lpcxpresso_6.0.4_159/lpcxpresso/tools/bin/../lib/gcc/arm-none-eabi/4.6.2/../../../../arm-none-eabi/lib/armv7-m\libc.a(lib_a-wcrtomb.o)
                0x0000d6e8                _wcrtomb_r
 .text.__ascii_wctomb
                0x0000d734       0x1c c:/nxp/lpcxpresso_6.0.4_159/lpcxpresso/tools/bin/../lib/gcc/arm-none-eabi/4.6.2/../../../../arm-none-eabi/lib/armv7-m\libc.a(lib_a-wctomb_r.o)
                0x0000d734                __ascii_wctomb
 .text._sbrk    0x0000d750       0x3c c:/nxp/lpcxpresso_6.0.4_159/lpcxpresso/tools/bin/../lib/gcc/arm-none-eabi/4.6.2/../../../../arm-none-eabi/lib/armv7-m\libcr_newlib_nohost.a(_cr_sbrk.o)
                0x0000d750                _sbrk
 .text.__check_heap_overflow
                0x0000d78c       0x2c c:/nxp/lpcxpresso_6.0.4_159/lpcxpresso/tools/bin/../lib/gcc/arm-none-eabi/4.6.2/../../../../arm-none-eabi/lib/armv7-m\libcr_newlib_nohost.a(_cr_check_heap.o)
                0x0000d78c                __check_heap_overflow
 .text          0x0000d7b8       0x54 c:/nxp/lpcxpresso_6.0.4_159/lpcxpresso/tools/bin/../lib/gcc/arm-none-eabi/4.6.2/armv7-m\crtbegin.o
 .text          0x0000d80c       0x40 c:/nxp/lpcxpresso_6.0.4_159/lpcxpresso/tools/bin/../lib/gcc/arm-none-eabi/4.6.2/armv7-m\libgcc.a(_arm_fixunsdfsi.o)
                0x0000d80c                __aeabi_d2uiz
                0x0000d80c                __fixunsdfsi
 *(.rodata .rodata.*)
 *fill*         0x0000d84c        0x4 00
 .rodata._ZTVN4mbed10SerialBaseE
                0x0000d850       0x10 ./main.o
                0x0000d850                vtable for mbed::SerialBase
 .rodata.str1.1
                0x0000d860       0x9b ./main.o
 *fill*         0x0000d8fb        0x1 00
 .rodata.str1.4
                0x0000d8fc       0x80 C:/Users/fill/Documents/LPCXpresso_6.0.4_159/workspace/Cruz_2WD_mothor/mbed/TARGET_LPC1768/TOOLCHAIN_GCC_CR/board.o
 .rodata.__stdin_name
                0x0000d97c        0x8 C:/Users/fill/Documents/LPCXpresso_6.0.4_159/workspace/Cruz_2WD_mothor/mbed/TARGET_LPC1768/TOOLCHAIN_GCC_CR/retarget.o
                0x0000d97c                __stdin_name
 .rodata.__stderr_name
                0x0000d984        0x8 C:/Users/fill/Documents/LPCXpresso_6.0.4_159/workspace/Cruz_2WD_mothor/mbed/TARGET_LPC1768/TOOLCHAIN_GCC_CR/retarget.o
                0x0000d984                __stderr_name
 .rodata.__stdout_name
                0x0000d98c        0x8 C:/Users/fill/Documents/LPCXpresso_6.0.4_159/workspace/Cruz_2WD_mothor/mbed/TARGET_LPC1768/TOOLCHAIN_GCC_CR/retarget.o
                0x0000d98c                __stdout_name
 *fill*         0x0000d994        0x4 00
 .rodata._ZTVN4mbed10FileHandleE
                0x0000d998       0x30 C:/Users/fill/Documents/LPCXpresso_6.0.4_159/workspace/Cruz_2WD_mothor/mbed/TARGET_LPC1768/TOOLCHAIN_GCC_CR/retarget.o
                0x0000d998                vtable for mbed::FileHandle
 .rodata.str1.4
                0x0000d9c8        0xe C:/Users/fill/Documents/LPCXpresso_6.0.4_159/workspace/Cruz_2WD_mothor/mbed/TARGET_LPC1768/TOOLCHAIN_GCC_CR/retarget.o
                                 0x10 (size before relaxing)
 *fill*         0x0000d9d6        0x2 00
 .rodata.PinMap_PWM
                0x0000d9d8       0xb4 C:\Users\fill\Documents\LPCXpresso_6.0.4_159\workspace\Cruz_2WD_mothor\mbed\TARGET_LPC1768\TOOLCHAIN_GCC_CR\libmbed.a(pwmout_api.o)
 .rodata.str1.4
                0x0000da8c       0x7c C:\Users\fill\Documents\LPCXpresso_6.0.4_159\workspace\Cruz_2WD_mothor\mbed\TARGET_LPC1768\TOOLCHAIN_GCC_CR\libmbed.a(pwmout_api.o)
 .rodata.PinMap_UART_RTS
                0x0000db08       0x24 C:\Users\fill\Documents\LPCXpresso_6.0.4_159\workspace\Cruz_2WD_mothor\mbed\TARGET_LPC1768\TOOLCHAIN_GCC_CR\libmbed.a(serial_api.o)
 .rodata.CSWTCH.24
                0x0000db2c       0x10 C:\Users\fill\Documents\LPCXpresso_6.0.4_159\workspace\Cruz_2WD_mothor\mbed\TARGET_LPC1768\TOOLCHAIN_GCC_CR\libmbed.a(serial_api.o)
 .rodata.PinMap_UART_RX
                0x0000db3c       0x6c C:\Users\fill\Documents\LPCXpresso_6.0.4_159\workspace\Cruz_2WD_mothor\mbed\TARGET_LPC1768\TOOLCHAIN_GCC_CR\libmbed.a(serial_api.o)
 .rodata.str1.4
                0x0000dba8      0x1d0 C:\Users\fill\Documents\LPCXpresso_6.0.4_159\workspace\Cruz_2WD_mothor\mbed\TARGET_LPC1768\TOOLCHAIN_GCC_CR\libmbed.a(serial_api.o)
                                0x1e8 (size before relaxing)
 .rodata.PinMap_UART_TX
                0x0000dd78       0x6c C:\Users\fill\Documents\LPCXpresso_6.0.4_159\workspace\Cruz_2WD_mothor\mbed\TARGET_LPC1768\TOOLCHAIN_GCC_CR\libmbed.a(serial_api.o)
 .rodata.PinMap_UART_CTS
                0x0000dde4       0x24 C:\Users\fill\Documents\LPCXpresso_6.0.4_159\workspace\Cruz_2WD_mothor\mbed\TARGET_LPC1768\TOOLCHAIN_GCC_CR\libmbed.a(serial_api.o)
 .rodata._ZTVN4mbed6SerialE
                0x0000de08       0x60 C:\Users\fill\Documents\LPCXpresso_6.0.4_159\workspace\Cruz_2WD_mothor\mbed\TARGET_LPC1768\TOOLCHAIN_GCC_CR\libmbed.a(Serial.o)
                0x0000de08                vtable for mbed::Serial
 .rodata._ZTVN4mbed7TimeoutE
                0x0000de68       0x18 C:\Users\fill\Documents\LPCXpresso_6.0.4_159\workspace\Cruz_2WD_mothor\mbed\TARGET_LPC1768\TOOLCHAIN_GCC_CR\libmbed.a(Timeout.o)
                0x0000de68                vtable for mbed::Timeout
 .rodata._ZTVN4mbed6StreamE
                0x0000de80       0x48 C:\Users\fill\Documents\LPCXpresso_6.0.4_159\workspace\Cruz_2WD_mothor\mbed\TARGET_LPC1768\TOOLCHAIN_GCC_CR\libmbed.a(Stream.o)
                0x0000de80                vtable for mbed::Stream
 .rodata.str1.4
                0x0000dec8        0x3 C:\Users\fill\Documents\LPCXpresso_6.0.4_159\workspace\Cruz_2WD_mothor\mbed\TARGET_LPC1768\TOOLCHAIN_GCC_CR\libmbed.a(Stream.o)
                                  0x8 (size before relaxing)
 *fill*         0x0000decb        0x5 00
 .rodata._ZTVN4mbed6TickerE
                0x0000ded0       0x18 C:\Users\fill\Documents\LPCXpresso_6.0.4_159\workspace\Cruz_2WD_mothor\mbed\TARGET_LPC1768\TOOLCHAIN_GCC_CR\libmbed.a(Ticker.o)
                0x0000ded0                vtable for mbed::Ticker
 .rodata.str1.4
                0x0000dee8       0x31 C:\Users\fill\Documents\LPCXpresso_6.0.4_159\workspace\Cruz_2WD_mothor\mbed\TARGET_LPC1768\TOOLCHAIN_GCC_CR\libmbed.a(assert.o)
                                 0x34 (size before relaxing)
 *fill*         0x0000df19        0x7 00
 .rodata._ZTVN4mbed10TimerEventE
                0x0000df20       0x18 C:\Users\fill\Documents\LPCXpresso_6.0.4_159\workspace\Cruz_2WD_mothor\mbed\TARGET_LPC1768\TOOLCHAIN_GCC_CR\libmbed.a(TimerEvent.o)
                0x0000df20                vtable for mbed::TimerEvent
 .rodata.str1.4
                0x00000000       0x80 C:\Users\fill\Documents\LPCXpresso_6.0.4_159\workspace\Cruz_2WD_mothor\mbed\TARGET_LPC1768\TOOLCHAIN_GCC_CR\libmbed.a(gpio.o)
 .rodata.str1.4
                0x0000df38       0x66 C:\Users\fill\Documents\LPCXpresso_6.0.4_159\workspace\Cruz_2WD_mothor\mbed\TARGET_LPC1768\TOOLCHAIN_GCC_CR\libmbed.a(pinmap_common.o)
                                 0x68 (size before relaxing)
 *fill*         0x0000df9e        0x2 00
 .rodata.us_interface
                0x0000dfa0       0x14 C:\Users\fill\Documents\LPCXpresso_6.0.4_159\workspace\Cruz_2WD_mothor\mbed\TARGET_LPC1768\TOOLCHAIN_GCC_CR\libmbed.a(us_ticker_api.o)
 .rodata.us_data
                0x0000dfb4        0x8 C:\Users\fill\Documents\LPCXpresso_6.0.4_159\workspace\Cruz_2WD_mothor\mbed\TARGET_LPC1768\TOOLCHAIN_GCC_CR\libmbed.a(us_ticker_api.o)
 .rodata.str1.4
                0x0000dfbc       0x7a C:\Users\fill\Documents\LPCXpresso_6.0.4_159\workspace\Cruz_2WD_mothor\mbed\TARGET_LPC1768\TOOLCHAIN_GCC_CR\libmbed.a(gpio_api.o)
                                 0x94 (size before relaxing)
 *fill*         0x0000e036        0x2 00
 .rodata.str1.4
                0x0000e038       0x64 C:\Users\fill\Documents\LPCXpresso_6.0.4_159\workspace\Cruz_2WD_mothor\mbed\TARGET_LPC1768\TOOLCHAIN_GCC_CR\libmbed.a(pinmap.o)
                                 0x78 (size before relaxing)
 *fill*         0x0000e09c        0x4 00
 .rodata._ZTVN4mbed8FileLikeE
                0x0000e0a0       0x40 C:\Users\fill\Documents\LPCXpresso_6.0.4_159\workspace\Cruz_2WD_mothor\mbed\TARGET_LPC1768\TOOLCHAIN_GCC_CR\libmbed.a(FileLike.o)
                0x0000e0a0                vtable for mbed::FileLike
 .rodata._ZTVN4mbed8FileBaseE
                0x0000e0e0       0x10 C:\Users\fill\Documents\LPCXpresso_6.0.4_159\workspace\Cruz_2WD_mothor\mbed\TARGET_LPC1768\TOOLCHAIN_GCC_CR\libmbed.a(FileBase.o)
                0x0000e0e0                vtable for mbed::FileBase
 .rodata.str1.4
                0x0000e0f0        0x2 c:/nxp/lpcxpresso_6.0.4_159/lpcxpresso/tools/bin/../lib/gcc/arm-none-eabi/4.6.2/../../../../arm-none-eabi/lib/armv7-m\libc.a(lib_a-impure.o)
                                  0x4 (size before relaxing)
 *fill*         0x0000e0f2        0x2 00
 .rodata._global_impure_ptr
                0x0000e0f4        0x4 c:/nxp/lpcxpresso_6.0.4_159/lpcxpresso/tools/bin/../lib/gcc/arm-none-eabi/4.6.2/../../../../arm-none-eabi/lib/armv7-m\libc.a(lib_a-impure.o)
                0x0000e0f4                _global_impure_ptr
 .rodata.zeroes.6590
                0x0000e0f8       0x10 c:/nxp/lpcxpresso_6.0.4_159/lpcxpresso/tools/bin/../lib/gcc/arm-none-eabi/4.6.2/../../../../arm-none-eabi/lib/armv7-m\libc.a(lib_a-svfprintf.o)
 .rodata.str1.4
                0x0000e108       0x42 c:/nxp/lpcxpresso_6.0.4_159/lpcxpresso/tools/bin/../lib/gcc/arm-none-eabi/4.6.2/../../../../arm-none-eabi/lib/armv7-m\libc.a(lib_a-svfprintf.o)
                                 0x44 (size before relaxing)
 *fill*         0x0000e14a        0x2 00
 .rodata.blanks.6589
                0x0000e14c       0x10 c:/nxp/lpcxpresso_6.0.4_159/lpcxpresso/tools/bin/../lib/gcc/arm-none-eabi/4.6.2/../../../../arm-none-eabi/lib/armv7-m\libc.a(lib_a-svfprintf.o)
 .rodata.str1.4
                0x0000e15c        0x5 c:/nxp/lpcxpresso_6.0.4_159/lpcxpresso/tools/bin/../lib/gcc/arm-none-eabi/4.6.2/../../../../arm-none-eabi/lib/armv7-m\libc.a(lib_a-svfscanf.o)
                                  0x8 (size before relaxing)
 *fill*         0x0000e161        0x3 00
 .rodata.basefix.6510
                0x0000e164       0x24 c:/nxp/lpcxpresso_6.0.4_159/lpcxpresso/tools/bin/../lib/gcc/arm-none-eabi/4.6.2/../../../../arm-none-eabi/lib/armv7-m\libc.a(lib_a-svfscanf.o)
 .rodata.zeroes.6605
                0x0000e188       0x10 c:/nxp/lpcxpresso_6.0.4_159/lpcxpresso/tools/bin/../lib/gcc/arm-none-eabi/4.6.2/../../../../arm-none-eabi/lib/armv7-m\libc.a(lib_a-vfprintf.o)
 .rodata.str1.4
                0x00000000       0x44 c:/nxp/lpcxpresso_6.0.4_159/lpcxpresso/tools/bin/../lib/gcc/arm-none-eabi/4.6.2/../../../../arm-none-eabi/lib/armv7-m\libc.a(lib_a-vfprintf.o)
 .rodata.blanks.6604
                0x0000e198       0x10 c:/nxp/lpcxpresso_6.0.4_159/lpcxpresso/tools/bin/../lib/gcc/arm-none-eabi/4.6.2/../../../../arm-none-eabi/lib/armv7-m\libc.a(lib_a-vfprintf.o)
 .rodata._ctype_
                0x0000e1a8      0x104 c:/nxp/lpcxpresso_6.0.4_159/lpcxpresso/tools/bin/../lib/gcc/arm-none-eabi/4.6.2/../../../../arm-none-eabi/lib/armv7-m\libc.a(lib_a-ctype_.o)
                0x0000e1a8                _ctype_
 .rodata.str1.4
                0x0000e2ac       0x10 c:/nxp/lpcxpresso_6.0.4_159/lpcxpresso/tools/bin/../lib/gcc/arm-none-eabi/4.6.2/../../../../arm-none-eabi/lib/armv7-m\libc.a(lib_a-dtoa.o)
                                 0x14 (size before relaxing)
 .rodata.str1.4
                0x0000e2bc        0xa c:/nxp/lpcxpresso_6.0.4_159/lpcxpresso/tools/bin/../lib/gcc/arm-none-eabi/4.6.2/../../../../arm-none-eabi/lib/armv7-m\libc.a(lib_a-locale.o)
                                 0x14 (size before relaxing)
 .rodata.str1.4
                0x00000000        0x4 c:/nxp/lpcxpresso_6.0.4_159/lpcxpresso/tools/bin/../lib/gcc/arm-none-eabi/4.6.2/../../../../arm-none-eabi/lib/armv7-m\libc.a(lib_a-mbrtowc.o)
 *fill*         0x0000e2c6        0x2 00
 .rodata.__mprec_tens
                0x0000e2c8       0xc8 c:/nxp/lpcxpresso_6.0.4_159/lpcxpresso/tools/bin/../lib/gcc/arm-none-eabi/4.6.2/../../../../arm-none-eabi/lib/armv7-m\libc.a(lib_a-mprec.o)
                0x0000e2c8                __mprec_tens
 .rodata.__mprec_bigtens
                0x0000e390       0x28 c:/nxp/lpcxpresso_6.0.4_159/lpcxpresso/tools/bin/../lib/gcc/arm-none-eabi/4.6.2/../../../../arm-none-eabi/lib/armv7-m\libc.a(lib_a-mprec.o)
                0x0000e390                __mprec_bigtens
 .rodata.p05.5111
                0x0000e3b8        0xc c:/nxp/lpcxpresso_6.0.4_159/lpcxpresso/tools/bin/../lib/gcc/arm-none-eabi/4.6.2/../../../../arm-none-eabi/lib/armv7-m\libc.a(lib_a-mprec.o)
 .rodata.str1.4
                0x0000e3c4        0xf c:/nxp/lpcxpresso_6.0.4_159/lpcxpresso/tools/bin/../lib/gcc/arm-none-eabi/4.6.2/../../../../arm-none-eabi/lib/armv7-m\libc.a(lib_a-strtod.o)
                                 0x10 (size before relaxing)
 *fill*         0x0000e3d3        0x5 00
 .rodata.tinytens
                0x0000e3d8       0x28 c:/nxp/lpcxpresso_6.0.4_159/lpcxpresso/tools/bin/../lib/gcc/arm-none-eabi/4.6.2/../../../../arm-none-eabi/lib/armv7-m\libc.a(lib_a-strtod.o)
 .rodata.str1.4
                0x0000e400       0x1c c:/nxp/lpcxpresso_6.0.4_159/lpcxpresso/tools/bin/../lib/gcc/arm-none-eabi/4.6.2/../../../../arm-none-eabi/lib/armv7-m\libc.a(lib_a-gdtoa-gethex.o)
                0x0000e41c                . = ALIGN (0x4)