Archive member included because of file (symbol)

C:\nxp\LPCXpresso_6.0.4_159\lpcxpresso\C\workspac\LPC_slaveHata\mbed\TARGET_LPC1768\TOOLCHAIN_GCC_CR\libmbed.a(pwmout_api.o)
                              ./Motor/Motor.o (pwmout_write)
C:\nxp\LPCXpresso_6.0.4_159\lpcxpresso\C\workspac\LPC_slaveHata\mbed\TARGET_LPC1768\TOOLCHAIN_GCC_CR\libmbed.a(serial_api.o)
                              C:/nxp/LPCXpresso_6.0.4_159/lpcxpresso/C/workspac/LPC_slaveHata/mbed/TARGET_LPC1768/TOOLCHAIN_GCC_CR/retarget.o (serial_getc)
C:\nxp\LPCXpresso_6.0.4_159\lpcxpresso\C\workspac\LPC_slaveHata\mbed\TARGET_LPC1768\TOOLCHAIN_GCC_CR\libmbed.a(CAN.o)
                              ./main.o (mbed::CAN::~CAN())
C:\nxp\LPCXpresso_6.0.4_159\lpcxpresso\C\workspac\LPC_slaveHata\mbed\TARGET_LPC1768\TOOLCHAIN_GCC_CR\libmbed.a(FilePath.o)
                              C:/nxp/LPCXpresso_6.0.4_159/lpcxpresso/C/workspac/LPC_slaveHata/mbed/TARGET_LPC1768/TOOLCHAIN_GCC_CR/retarget.o (mbed::FilePath::FilePath(char const*))
C:\nxp\LPCXpresso_6.0.4_159\lpcxpresso\C\workspac\LPC_slaveHata\mbed\TARGET_LPC1768\TOOLCHAIN_GCC_CR\libmbed.a(FileSystemLike.o)
                              C:/nxp/LPCXpresso_6.0.4_159/lpcxpresso/C/workspac/LPC_slaveHata/mbed/TARGET_LPC1768/TOOLCHAIN_GCC_CR/retarget.o (mbed::FileSystemLike::opendir())
C:\nxp\LPCXpresso_6.0.4_159\lpcxpresso\C\workspac\LPC_slaveHata\mbed\TARGET_LPC1768\TOOLCHAIN_GCC_CR\libmbed.a(Serial.o)
                              ./main.o (mbed::Serial::Serial(PinName, PinName, char const*))
C:\nxp\LPCXpresso_6.0.4_159\lpcxpresso\C\workspac\LPC_slaveHata\mbed\TARGET_LPC1768\TOOLCHAIN_GCC_CR\libmbed.a(SerialBase.o)
                              C:\nxp\LPCXpresso_6.0.4_159\lpcxpresso\C\workspac\LPC_slaveHata\mbed\TARGET_LPC1768\TOOLCHAIN_GCC_CR\libmbed.a(Serial.o) (mbed::SerialBase::SerialBase(PinName, PinName))
C:\nxp\LPCXpresso_6.0.4_159\lpcxpresso\C\workspac\LPC_slaveHata\mbed\TARGET_LPC1768\TOOLCHAIN_GCC_CR\libmbed.a(Stream.o)
                              C:\nxp\LPCXpresso_6.0.4_159\lpcxpresso\C\workspac\LPC_slaveHata\mbed\TARGET_LPC1768\TOOLCHAIN_GCC_CR\libmbed.a(Serial.o) (mbed::Stream::close())
C:\nxp\LPCXpresso_6.0.4_159\lpcxpresso\C\workspac\LPC_slaveHata\mbed\TARGET_LPC1768\TOOLCHAIN_GCC_CR\libmbed.a(Timer.o)
                              ./myLIB/mySerial.o (mbed::Timer::Timer())
C:\nxp\LPCXpresso_6.0.4_159\lpcxpresso\C\workspac\LPC_slaveHata\mbed\TARGET_LPC1768\TOOLCHAIN_GCC_CR\libmbed.a(assert.o)
                              ./main.o (mbed_assert_internal)
C:\nxp\LPCXpresso_6.0.4_159\lpcxpresso\C\workspac\LPC_slaveHata\mbed\TARGET_LPC1768\TOOLCHAIN_GCC_CR\libmbed.a(error.o)
                              C:/nxp/LPCXpresso_6.0.4_159/lpcxpresso/C/workspac/LPC_slaveHata/mbed/TARGET_LPC1768/TOOLCHAIN_GCC_CR/retarget.o (error)
C:\nxp\LPCXpresso_6.0.4_159\lpcxpresso\C\workspac\LPC_slaveHata\mbed\TARGET_LPC1768\TOOLCHAIN_GCC_CR\libmbed.a(gpio.o)
                              C:\nxp\LPCXpresso_6.0.4_159\lpcxpresso\C\workspac\LPC_slaveHata\mbed\TARGET_LPC1768\TOOLCHAIN_GCC_CR\libmbed.a(serial_api.o) (gpio_init_in)
C:\nxp\LPCXpresso_6.0.4_159\lpcxpresso\C\workspac\LPC_slaveHata\mbed\TARGET_LPC1768\TOOLCHAIN_GCC_CR\libmbed.a(mbed_interface.o)
                              C:/nxp/LPCXpresso_6.0.4_159/lpcxpresso/C/workspac/LPC_slaveHata/mbed/TARGET_LPC1768/TOOLCHAIN_GCC_CR/retarget.o (mbed_interface_connected)
C:\nxp\LPCXpresso_6.0.4_159\lpcxpresso\C\workspac\LPC_slaveHata\mbed\TARGET_LPC1768\TOOLCHAIN_GCC_CR\libmbed.a(pinmap_common.o)
                              C:\nxp\LPCXpresso_6.0.4_159\lpcxpresso\C\workspac\LPC_slaveHata\mbed\TARGET_LPC1768\TOOLCHAIN_GCC_CR\libmbed.a(pwmout_api.o) (pinmap_pinout)
C:\nxp\LPCXpresso_6.0.4_159\lpcxpresso\C\workspac\LPC_slaveHata\mbed\TARGET_LPC1768\TOOLCHAIN_GCC_CR\libmbed.a(semihost_api.o)
                              C:/nxp/LPCXpresso_6.0.4_159/lpcxpresso/C/workspac/LPC_slaveHata/mbed/TARGET_LPC1768/TOOLCHAIN_GCC_CR/retarget.o (semihost_exit)
C:\nxp\LPCXpresso_6.0.4_159\lpcxpresso\C\workspac\LPC_slaveHata\mbed\TARGET_LPC1768\TOOLCHAIN_GCC_CR\libmbed.a(wait_api.o)
                              C:\nxp\LPCXpresso_6.0.4_159\lpcxpresso\C\workspac\LPC_slaveHata\mbed\TARGET_LPC1768\TOOLCHAIN_GCC_CR\libmbed.a(SerialBase.o) (wait_us)
C:\nxp\LPCXpresso_6.0.4_159\lpcxpresso\C\workspac\LPC_slaveHata\mbed\TARGET_LPC1768\TOOLCHAIN_GCC_CR\libmbed.a(ticker_api.o)
                              C:\nxp\LPCXpresso_6.0.4_159\lpcxpresso\C\workspac\LPC_slaveHata\mbed\TARGET_LPC1768\TOOLCHAIN_GCC_CR\libmbed.a(Timer.o) (ticker_read)
C:\nxp\LPCXpresso_6.0.4_159\lpcxpresso\C\workspac\LPC_slaveHata\mbed\TARGET_LPC1768\TOOLCHAIN_GCC_CR\libmbed.a(us_ticker_api.o)
                              C:\nxp\LPCXpresso_6.0.4_159\lpcxpresso\C\workspac\LPC_slaveHata\mbed\TARGET_LPC1768\TOOLCHAIN_GCC_CR\libmbed.a(Timer.o) (get_us_ticker_data)
C:\nxp\LPCXpresso_6.0.4_159\lpcxpresso\C\workspac\LPC_slaveHata\mbed\TARGET_LPC1768\TOOLCHAIN_GCC_CR\libmbed.a(can_api.o)
[...]
Memory Configuration

Name             Origin             Length             Attributes
MFlash512        0x00000000         0x00080000         xr
RamLoc32         0x100000c8         0x00007f38         xrw
RamAHB_USB       0x2007c000         0x00004000         xrw
RamAHB_Eth       0x20080000         0x00004000         xrw
*default*        0x00000000         0xffffffff

Linker script and memory map

LOAD ./myLIB/button.o
LOAD ./myLIB/mySerial.o
LOAD ./Motor/Motor.o
LOAD ./main.o
LOAD C:/nxp/LPCXpresso_6.0.4_159/lpcxpresso/C/workspac/LPC_slaveHata/mbed/TARGET_LPC1768/TOOLCHAIN_GCC_CR/board.o
LOAD C:/nxp/LPCXpresso_6.0.4_159/lpcxpresso/C/workspac/LPC_slaveHata/mbed/TARGET_LPC1768/TOOLCHAIN_GCC_CR/cmsis_nvic.o
LOAD C:/nxp/LPCXpresso_6.0.4_159/lpcxpresso/C/workspac/LPC_slaveHata/mbed/TARGET_LPC1768/TOOLCHAIN_GCC_CR/retarget.o
LOAD C:/nxp/LPCXpresso_6.0.4_159/lpcxpresso/C/workspac/LPC_slaveHata/mbed/TARGET_LPC1768/TOOLCHAIN_GCC_CR/startup_LPC17xx.o
LOAD C:/nxp/LPCXpresso_6.0.4_159/lpcxpresso/C/workspac/LPC_slaveHata/mbed/TARGET_LPC1768/TOOLCHAIN_GCC_CR/system_LPC17xx.o
LOAD C:\nxp\LPCXpresso_6.0.4_159\lpcxpresso\C\workspac\LPC_slaveHata\mbed\TARGET_LPC1768\TOOLCHAIN_GCC_CR\libmbed.a
START GROUP
LOAD c:/nxp/lpcxpresso_6.0.4_159/lpcxpresso/tools/bin/../lib/gcc/arm-none-eabi/4.6.2/armv7-m\libgcc.a
LOAD c:/nxp/lpcxpresso_6.0.4_159/lpcxpresso/tools/bin/../lib/gcc/arm-none-eabi/4.6.2/../../../../arm-none-eabi/lib/armv7-m\libc.a
LOAD c:/nxp/lpcxpresso_6.0.4_159/lpcxpresso/tools/bin/../lib/gcc/arm-none-eabi/4.6.2/../../../../arm-none-eabi/lib/armv7-m\libstdc++.a
LOAD c:/nxp/lpcxpresso_6.0.4_159/lpcxpresso/tools/bin/../lib/gcc/arm-none-eabi/4.6.2/../../../../arm-none-eabi/lib/armv7-m\libm.a
LOAD c:/nxp/lpcxpresso_6.0.4_159/lpcxpresso/tools/bin/../lib/gcc/arm-none-eabi/4.6.2/../../../../arm-none-eabi/lib/armv7-m\libcr_newlib_nohost.a
LOAD c:/nxp/lpcxpresso_6.0.4_159/lpcxpresso/tools/bin/../lib/gcc/arm-none-eabi/4.6.2/armv7-m\crti.o
LOAD c:/nxp/lpcxpresso_6.0.4_159/lpcxpresso/tools/bin/../lib/gcc/arm-none-eabi/4.6.2/armv7-m\crtn.o
LOAD c:/nxp/lpcxpresso_6.0.4_159/lpcxpresso/tools/bin/../lib/gcc/arm-none-eabi/4.6.2/armv7-m\crtbegin.o
LOAD c:/nxp/lpcxpresso_6.0.4_159/lpcxpresso/tools/bin/../lib/gcc/arm-none-eabi/4.6.2/armv7-m\crtend.o
END GROUP
                0x00080000                __top_MFlash512 = 0x80000
                0x10008000                __top_RamLoc32 = 0x10008000
                0x20084000                __top_RamAHB32 = 0x20084000

.text           0x00000000     0xe2ac
 FILL mask 0xff
 *(.isr_vector)
 .isr_vector    0x00000000       0xcc C:/nxp/LPCXpresso_6.0.4_159/lpcxpresso/C/workspac/LPC_slaveHata/mbed/TARGET_LPC1768/TOOLCHAIN_GCC_CR/startup_LPC17xx.o
                0x00000000                g_pfnVectors
                0x000000cc                . = ALIGN (0x4)
                0x000000cc                __section_table_start = .
                0x000000cc                __data_section_table = .
                0x000000cc        0x4 LONG 0xe2b4 LOADADDR (.data)
                0x000000d0        0x4 LONG 0x100000c8 ADDR (.data)
                0x000000d4        0x4 LONG 0x8f0 SIZEOF (.data)
                0x000000d8        0x4 LONG 0xe2b4 LOADADDR (.data_RAM2)
                0x000000dc        0x4 LONG 0x2007c000 ADDR (.data_RAM2)
                0x000000e0        0x4 LONG 0x0 SIZEOF (.data_RAM2)
                0x000000e4                __data_section_table_end = .
                0x000000e4                __bss_section_table = .
                0x000000e4        0x4 LONG 0x100009b8 ADDR (.bss)
                0x000000e8        0x4 LONG 0x5d4 SIZEOF (.bss)
                0x000000ec        0x4 LONG 0x2007c000 ADDR (.bss_RAM2)
                0x000000f0        0x4 LONG 0x0 SIZEOF (.bss_RAM2)
                0x000000f4                __bss_section_table_end = .
                0x000000f4                __section_table_end = .
 *(.after_vectors*)
 .after_vectors
                0x000000f4       0xd0 C:/nxp/LPCXpresso_6.0.4_159/lpcxpresso/C/workspac/LPC_slaveHata/mbed/TARGET_LPC1768/TOOLCHAIN_GCC_CR/startup_LPC17xx.o
                0x000000f4                NMI_Handler
                0x000000f8                HardFault_Handler
                0x000000fc                MemManage_Handler
                0x00000100                BusFault_Handler
                0x00000104                UsageFault_Handler
                0x00000108                SVC_Handler
                0x0000010c                DebugMon_Handler
                0x00000110                PendSV_Handler
                0x00000114                SysTick_Handler
                0x00000118                PWM1_IRQHandler
                0x00000118                I2C1_IRQHandler
                0x00000118                EINT2_IRQHandler
                0x00000118                UART1_IRQHandler
                0x00000118                EINT3_IRQHandler
                0x00000118                CANActivity_IRQHandler
                0x00000118                TIMER3_IRQHandler
                0x00000118                UART0_IRQHandler
                0x00000118                MCPWM_IRQHandler
                0x00000118                I2C0_IRQHandler
                0x00000118                IntDefaultHandler
                0x00000118                RIT_IRQHandler
                0x00000118                CAN_IRQHandler
                0x00000118                PLL1_IRQHandler
                0x00000118                SSP0_IRQHandler
                0x00000118                I2S_IRQHandler
                0x00000118                I2C2_IRQHandler
                0x00000118                RTC_IRQHandler
                0x00000118                TIMER0_IRQHandler
                0x00000118                SPI_IRQHandler
                0x00000118                UART3_IRQHandler
                0x00000118                EINT1_IRQHandler
                0x00000118                TIMER1_IRQHandler
                0x00000118                UART2_IRQHandler
                0x00000118                ADC_IRQHandler
                0x00000118                SSP1_IRQHandler
                0x00000118                USB_IRQHandler
                0x00000118                BOD_IRQHandler
                0x00000118                USBActivity_IRQHandler
                0x00000118                WDT_IRQHandler
                0x00000118                PLL0_IRQHandler
                0x00000118                QEI_IRQHandler
                0x00000118                EINT0_IRQHandler
                0x00000118                TIMER2_IRQHandler
                0x00000118                DMA_IRQHandler
                0x00000118                ENET_IRQHandler
                0x0000011c                ResetISR
                0x0000019c                data_init
                0x000001b4                bss_init
 *(.text*)
 .text._ZN6ButtonC2Ev
                0x000001c4        0x8 ./myLIB/button.o
                0x000001c4                Button::Button()
                0x000001c4                Button::Button()
 .text._ZN6Button4pushEi
                0x000001cc        0xc ./myLIB/button.o
                0x000001cc                Button::push(int)
 .text._ZN6Button8set_DataEi
                0x000001d8        0x8 ./myLIB/button.o
                0x000001d8                Button::set_Data(int)
 .text._ZN8MySerialC2EPN4mbed6SerialE
                0x000001e0        0x4 ./myLIB/mySerial.o
                0x000001e0                MySerial::MySerial(mbed::Serial*)
                0x000001e0                MySerial::MySerial(mbed::Serial*)
 .text._ZN8MySerial5inputEv
                0x000001e4       0x38 ./myLIB/mySerial.o
                0x000001e4                MySerial::input()
 .text.startup._GLOBAL__sub_I_stopper_
                0x0000021c        0xc ./myLIB/mySerial.o
 .text._ZN5MotorC2Ev
                0x00000228        0x2 ./Motor/Motor.o
                0x00000228                Motor::Motor()
                0x00000228                Motor::Motor()
 *fill*         0x0000022a        0x2 00
 .text._ZN5Motor4initEv
                0x0000022c       0x7c ./Motor/Motor.o
                0x0000022c                Motor::init()
 .text._ZN5Motor5driveEi
                0x000002a8      0x128 ./Motor/Motor.o
                0x000002a8                Motor::drive(int)
 .text._ZN5Motor3offEv
                0x000003d0       0x46 ./Motor/Motor.o
                0x000003d0                Motor::off()
 *fill*         0x00000416        0x2 00
 .text.startup._GLOBAL__sub_I_p1
                0x00000418       0x48 ./Motor/Motor.o
 .text._ZN4mbed10SerialBaseD2Ev
                0x00000460        0xc ./main.o
                0x00000460                mbed::SerialBase::~SerialBase()
                0x00000460                mbed::SerialBase::~SerialBase()
 .text._ZN4mbed6SerialD1Ev
                0x0000046c       0x10 ./main.o
                0x0000046c                non-virtual thunk to mbed::Serial::~Serial()
                0x00000474                non-virtual thunk to mbed::Serial::~Serial()
 .text._ZN4mbed6SerialD2Ev
                0x0000047c       0x2c ./main.o
                0x0000047c                mbed::Serial::~Serial()
                0x0000047c                mbed::Serial::~Serial()
 .text._ZN4mbed10SerialBaseD0Ev
                0x000004a8       0x14 ./main.o
                0x000004a8                mbed::SerialBase::~SerialBase()
 .text._ZN4mbed10DigitalOutaSEi
                0x000004bc       0x30 ./main.o
                0x000004bc                mbed::DigitalOut::operator=(int)
 .text._Z8CheckSumPh
                0x000004ec       0x12 ./main.o
                0x000004ec                CheckSum(unsigned char*)
 *fill*         0x000004fe        0x2 00
 .text._Z5setupv
                0x00000500       0x48 ./main.o
                0x00000500                setup()
 .text._Z8XBeeReadv
                0x00000548       0xac ./main.o
                0x00000548                XBeeRead()
 .text._Z9input_valv
                0x000005f4       0x60 ./main.o
                0x000005f4                input_val()
 .text._Z11normal_movev
                0x00000654       0x98 ./main.o
                0x00000654                normal_move()
 .text._Z7makeCANi
                0x000006ec       0x5c ./main.o
                0x000006ec                makeCAN(int)
 .text._Z8arm_ctrlv
                0x00000748       0x40 ./main.o
                0x00000748                arm_ctrl()
 .text._Z4loopv
                0x00000788       0x40 ./main.o
                0x00000788                loop()
 .text.startup.main
                0x000007c8        0xc ./main.o
                0x000007c8                main
 .text._ZN4mbed6SerialD0Ev
                0x000007d4       0x1e ./main.o
                0x000007d4                non-virtual thunk to mbed::Serial::~Serial()
                0x000007da                non-virtual thunk to mbed::Serial::~Serial()
                0x000007e0                mbed::Serial::~Serial()
 *fill*         0x000007f2        0x2 00
 .text.startup._GLOBAL__sub_I_motor
                0x000007f4       0xdc ./main.o
 .text.mbed_die
                0x000008d0      0x10c C:/nxp/LPCXpresso_6.0.4_159/lpcxpresso/C/workspac/LPC_slaveHata/mbed/TARGET_LPC1768/TOOLCHAIN_GCC_CR/board.o
                0x000008d0                mbed_die
 .text.NVIC_SetVector
                0x000009dc       0x3c C:/nxp/LPCXpresso_6.0.4_159/lpcxpresso/C/workspac/LPC_slaveHata/mbed/TARGET_LPC1768/TOOLCHAIN_GCC_CR/cmsis_nvic.o
                0x000009dc                NVIC_SetVector
 .text._ZN4mbed10FileHandle4flenEv
                0x00000a18       0x34 C:/nxp/LPCXpresso_6.0.4_159/lpcxpresso/C/workspac/LPC_slaveHata/mbed/TARGET_LPC1768/TOOLCHAIN_GCC_CR/retarget.o
                0x00000a18                mbed::FileHandle::flen()
 .text._ZN4mbed10FileHandleD2Ev
                0x00000a4c       0x2c C:/nxp/LPCXpresso_6.0.4_159/lpcxpresso/C/workspac/LPC_slaveHata/mbed/TARGET_LPC1768/TOOLCHAIN_GCC_CR/retarget.o
                0x00000a4c                mbed::FileHandle::~FileHandle()
                0x00000a4c                mbed::FileHandle::~FileHandle()
 .text._ZN4mbed10FileHandleD0Ev
                0x00000a78       0x34 C:/nxp/LPCXpresso_6.0.4_159/lpcxpresso/C/workspac/LPC_slaveHata/mbed/TARGET_LPC1768/TOOLCHAIN_GCC_CR/retarget.o
                0x00000a78                mbed::FileHandle::~FileHandle()
 .text._ZL11init_serialv.part.0
                0x00000aac       0x18 C:/nxp/LPCXpresso_6.0.4_159/lpcxpresso/C/workspac/LPC_slaveHata/mbed/TARGET_LPC1768/TOOLCHAIN_GCC_CR/retarget.o
 .text._open    0x00000ac4       0xfc C:/nxp/LPCXpresso_6.0.4_159/lpcxpresso/C/workspac/LPC_slaveHata/mbed/TARGET_LPC1768/TOOLCHAIN_GCC_CR/retarget.o
                0x00000ac4                _open
 .text._close   0x00000bc0       0x2c C:/nxp/LPCXpresso_6.0.4_159/lpcxpresso/C/workspac/LPC_slaveHata/mbed/TARGET_LPC1768/TOOLCHAIN_GCC_CR/retarget.o
                0x00000bc0                _close
 .text._write   0x00000bec       0x50 C:/nxp/LPCXpresso_6.0.4_159/lpcxpresso/C/workspac/LPC_slaveHata/mbed/TARGET_LPC1768/TOOLCHAIN_GCC_CR/retarget.o
                0x00000bec                _write
 .text._read    0x00000c3c       0x4c C:/nxp/LPCXpresso_6.0.4_159/lpcxpresso/C/workspac/LPC_slaveHata/mbed/TARGET_LPC1768/TOOLCHAIN_GCC_CR/retarget.o
                0x00000c3c                _read
 .text._isatty  0x00000c88       0x28 C:/nxp/LPCXpresso_6.0.4_159/lpcxpresso/C/workspac/LPC_slaveHata/mbed/TARGET_LPC1768/TOOLCHAIN_GCC_CR/retarget.o
                0x00000c88                _isatty
 .text._lseek   0x00000cb0       0x28 C:/nxp/LPCXpresso_6.0.4_159/lpcxpresso/C/workspac/LPC_slaveHata/mbed/TARGET_LPC1768/TOOLCHAIN_GCC_CR/retarget.o
                0x00000cb0                _lseek
 .text._fstat   0x00000cd8       0x20 C:/nxp/LPCXpresso_6.0.4_159/lpcxpresso/C/workspac/LPC_slaveHata/mbed/TARGET_LPC1768/TOOLCHAIN_GCC_CR/retarget.o
                0x00000cd8                _fstat
 .text.exit     0x00000cf8       0x30 C:/nxp/LPCXpresso_6.0.4_159/lpcxpresso/C/workspac/LPC_slaveHata/mbed/TARGET_LPC1768/TOOLCHAIN_GCC_CR/retarget.o
                0x00000cf8                exit
 .text.__cxa_pure_virtual
                0x00000d28        0x8 C:/nxp/LPCXpresso_6.0.4_159/lpcxpresso/C/workspac/LPC_slaveHata/mbed/TARGET_LPC1768/TOOLCHAIN_GCC_CR/retarget.o
                0x00000d28                __cxa_pure_virtual
 .text._ZN4mbed26mbed_set_unbuffered_streamEP7__sFILE
                0x00000d30        0x8 C:/nxp/LPCXpresso_6.0.4_159/lpcxpresso/C/workspac/LPC_slaveHata/mbed/TARGET_LPC1768/TOOLCHAIN_GCC_CR/retarget.o
                0x00000d30                mbed::mbed_set_unbuffered_stream(__sFILE*)
 .text._ZN4mbed9mbed_getcEP7__sFILE
                0x00000d38        0x4 C:/nxp/LPCXpresso_6.0.4_159/lpcxpresso/C/workspac/LPC_slaveHata/mbed/TARGET_LPC1768/TOOLCHAIN_GCC_CR/retarget.o
                0x00000d38                mbed::mbed_getc(__sFILE*)
 .text.__aeabi_atexit
                0x00000d3c        0x4 C:/nxp/LPCXpresso_6.0.4_159/lpcxpresso/C/workspac/LPC_slaveHata/mbed/TARGET_LPC1768/TOOLCHAIN_GCC_CR/startup_LPC17xx.o
                0x00000d3c                __aeabi_atexit
 .text._ZdlPv   0x00000d40        0x4 C:/nxp/LPCXpresso_6.0.4_159/lpcxpresso/C/workspac/LPC_slaveHata/mbed/TARGET_LPC1768/TOOLCHAIN_GCC_CR/startup_LPC17xx.o
                0x00000d40                operator delete(void*)
 .text.SystemInit
                0x00000d44       0xb8 C:/nxp/LPCXpresso_6.0.4_159/lpcxpresso/C/workspac/LPC_slaveHata/mbed/TARGET_LPC1768/TOOLCHAIN_GCC_CR/system_LPC17xx.o
                0x00000d44                SystemInit
 .text.pwmout_write
                0x00000dfc       0x5c C:\nxp\LPCXpresso_6.0.4_159\lpcxpresso\C\workspac\LPC_slaveHata\mbed\TARGET_LPC1768\TOOLCHAIN_GCC_CR\libmbed.a(pwmout_api.o)
                0x00000dfc                pwmout_write
 .text.pwmout_period_us
                0x00000e58       0x44 C:\nxp\LPCXpresso_6.0.4_159\lpcxpresso\C\workspac\LPC_slaveHata\mbed\TARGET_LPC1768\TOOLCHAIN_GCC_CR\libmbed.a(pwmout_api.o)
                0x00000e58                pwmout_period_us
 .text.pwmout_init
                0x00000e9c       0xd8 C:\nxp\LPCXpresso_6.0.4_159\lpcxpresso\C\workspac\LPC_slaveHata\mbed\TARGET_LPC1768\TOOLCHAIN_GCC_CR\libmbed.a(pwmout_api.o)
                0x00000e9c                pwmout_init
 .text.uart2_irq
                0x00000f74       0x64 C:\nxp\LPCXpresso_6.0.4_159\lpcxpresso\C\workspac\LPC_slaveHata\mbed\TARGET_LPC1768\TOOLCHAIN_GCC_CR\libmbed.a(serial_api.o)
                0x00000f74                uart2_irq
 .text.serial_irq_set_internal
                0x00000fd8       0xcc C:\nxp\LPCXpresso_6.0.4_159\lpcxpresso\C\workspac\LPC_slaveHata\mbed\TARGET_LPC1768\TOOLCHAIN_GCC_CR\libmbed.a(serial_api.o)
 .text.uart0_irq
                0x000010a4       0x64 C:\nxp\LPCXpresso_6.0.4_159\lpcxpresso\C\workspac\LPC_slaveHata\mbed\TARGET_LPC1768\TOOLCHAIN_GCC_CR\libmbed.a(serial_api.o)
                0x000010a4                uart0_irq
 .text.uart3_irq
                0x00001108       0x6c C:\nxp\LPCXpresso_6.0.4_159\lpcxpresso\C\workspac\LPC_slaveHata\mbed\TARGET_LPC1768\TOOLCHAIN_GCC_CR\libmbed.a(serial_api.o)
                0x00001108                uart3_irq
 .text.uart1_irq
                0x00001174       0x64 C:\nxp\LPCXpresso_6.0.4_159\lpcxpresso\C\workspac\LPC_slaveHata\mbed\TARGET_LPC1768\TOOLCHAIN_GCC_CR\libmbed.a(serial_api.o)
                0x00001174                uart1_irq
 .text.serial_baud
                0x000011d8      0x244 C:\nxp\LPCXpresso_6.0.4_159\lpcxpresso\C\workspac\LPC_slaveHata\mbed\TARGET_LPC1768\TOOLCHAIN_GCC_CR\libmbed.a(serial_api.o)
                0x000011d8                serial_baud
 .text.serial_format
                0x0000141c       0x78 C:\nxp\LPCXpresso_6.0.4_159\lpcxpresso\C\workspac\LPC_slaveHata\mbed\TARGET_LPC1768\TOOLCHAIN_GCC_CR\libmbed.a(serial_api.o)
                0x0000141c                serial_format
 .text.serial_irq_handler
                0x00001494       0x20 C:\nxp\LPCXpresso_6.0.4_159\lpcxpresso\C\workspac\LPC_slaveHata\mbed\TARGET_LPC1768\TOOLCHAIN_GCC_CR\libmbed.a(serial_api.o)
                0x00001494                serial_irq_handler
 .text.serial_getc
                0x000014b4       0x38 C:\nxp\LPCXpresso_6.0.4_159\lpcxpresso\C\workspac\LPC_slaveHata\mbed\TARGET_LPC1768\TOOLCHAIN_GCC_CR\libmbed.a(serial_api.o)
                0x000014b4                serial_getc
 .text.serial_readable
                0x000014ec        0xc C:\nxp\LPCXpresso_6.0.4_159\lpcxpresso\C\workspac\LPC_slaveHata\mbed\TARGET_LPC1768\TOOLCHAIN_GCC_CR\libmbed.a(serial_api.o)
                0x000014ec                serial_readable
 .text.serial_writable
                0x000014f8       0x74 C:\nxp\LPCXpresso_6.0.4_159\lpcxpresso\C\workspac\LPC_slaveHata\mbed\TARGET_LPC1768\TOOLCHAIN_GCC_CR\libmbed.a(serial_api.o)
                0x000014f8                serial_writable
 .text.serial_putc
                0x0000156c       0x34 C:\nxp\LPCXpresso_6.0.4_159\lpcxpresso\C\workspac\LPC_slaveHata\mbed\TARGET_LPC1768\TOOLCHAIN_GCC_CR\libmbed.a(serial_api.o)
                0x0000156c                serial_putc
 .text.serial_set_flow_control
                0x000015a0      0x12c C:\nxp\LPCXpresso_6.0.4_159\lpcxpresso\C\workspac\LPC_slaveHata\mbed\TARGET_LPC1768\TOOLCHAIN_GCC_CR\libmbed.a(serial_api.o)
                0x000015a0                serial_set_flow_control
 .text.serial_init
                0x000016cc      0x1bc C:\nxp\LPCXpresso_6.0.4_159\lpcxpresso\C\workspac\LPC_slaveHata\mbed\TARGET_LPC1768\TOOLCHAIN_GCC_CR\libmbed.a(serial_api.o)
                0x000016cc                serial_init
 .text._ZN4mbed3CAN12_irq_handlerEm10CanIrqType
                0x00001888       0x28 C:\nxp\LPCXpresso_6.0.4_159\lpcxpresso\C\workspac\LPC_slaveHata\mbed\TARGET_LPC1768\TOOLCHAIN_GCC_CR\libmbed.a(CAN.o)
                0x00001888                mbed::CAN::_irq_handler(unsigned long, CanIrqType)
 .text._ZN4mbed3CAND2Ev
                0x000018b0       0x20 C:\nxp\LPCXpresso_6.0.4_159\lpcxpresso\C\workspac\LPC_slaveHata\mbed\TARGET_LPC1768\TOOLCHAIN_GCC_CR\libmbed.a(CAN.o)
                0x000018b0                mbed::CAN::~CAN()
                0x000018b0                mbed::CAN::~CAN()
 .text._ZN4mbed3CAND0Ev
                0x000018d0       0x28 C:\nxp\LPCXpresso_6.0.4_159\lpcxpresso\C\workspac\LPC_slaveHata\mbed\TARGET_LPC1768\TOOLCHAIN_GCC_CR\libmbed.a(CAN.o)
                0x000018d0                mbed::CAN::~CAN()
 .text._ZN4mbed3CANC2E7PinNameS1_
                0x000018f8       0x44 C:\nxp\LPCXpresso_6.0.4_159\lpcxpresso\C\workspac\LPC_slaveHata\mbed\TARGET_LPC1768\TOOLCHAIN_GCC_CR\libmbed.a(CAN.o)
                0x000018f8                mbed::CAN::CAN(PinName, PinName)
                0x000018f8                mbed::CAN::CAN(PinName, PinName)
 .text._ZN4mbed3CAN9frequencyEi
                0x0000193c        0x8 C:\nxp\LPCXpresso_6.0.4_159\lpcxpresso\C\workspac\LPC_slaveHata\mbed\TARGET_LPC1768\TOOLCHAIN_GCC_CR\libmbed.a(CAN.o)
                0x0000193c                mbed::CAN::frequency(int)
 .text._ZN4mbed3CAN5writeENS_10CANMessageE
                0x00001944       0x28 C:\nxp\LPCXpresso_6.0.4_159\lpcxpresso\C\workspac\LPC_slaveHata\mbed\TARGET_LPC1768\TOOLCHAIN_GCC_CR\libmbed.a(CAN.o)
                0x00001944                mbed::CAN::write(mbed::CANMessage)
 .text._ZN4mbed8FilePathC2EPKc
                0x0000196c       0x58 C:\nxp\LPCXpresso_6.0.4_159\lpcxpresso\C\workspac\LPC_slaveHata\mbed\TARGET_LPC1768\TOOLCHAIN_GCC_CR\libmbed.a(FilePath.o)
                0x0000196c                mbed::FilePath::FilePath(char const*)
                0x0000196c                mbed::FilePath::FilePath(char const*)
 .text._ZN4mbed8FilePath8fileNameEv
                0x000019c4        0x4 C:\nxp\LPCXpresso_6.0.4_159\lpcxpresso\C\workspac\LPC_slaveHata\mbed\TARGET_LPC1768\TOOLCHAIN_GCC_CR\libmbed.a(FilePath.o)
                0x000019c4                mbed::FilePath::fileName()
 .text._ZN4mbed8FilePath10fileSystemEv
                0x000019c8       0x18 C:\nxp\LPCXpresso_6.0.4_159\lpcxpresso\C\workspac\LPC_slaveHata\mbed\TARGET_LPC1768\TOOLCHAIN_GCC_CR\libmbed.a(FilePath.o)
                0x000019c8                mbed::FilePath::fileSystem()
 .text._ZN4mbed8FilePath6isFileEv
                0x000019e0       0x14 C:\nxp\LPCXpresso_6.0.4_159\lpcxpresso\C\workspac\LPC_slaveHata\mbed\TARGET_LPC1768\TOOLCHAIN_GCC_CR\libmbed.a(FilePath.o)
                0x000019e0                mbed::FilePath::isFile()
 .text._ZN4mbed8FilePath4fileEv
                0x000019f4       0x1c C:\nxp\LPCXpresso_6.0.4_159\lpcxpresso\C\workspac\LPC_slaveHata\mbed\TARGET_LPC1768\TOOLCHAIN_GCC_CR\libmbed.a(FilePath.o)
                0x000019f4                mbed::FilePath::file()
 .text._ZN4mbed8FilePath6existsEv
                0x00001a10        0xc C:\nxp\LPCXpresso_6.0.4_159\lpcxpresso\C\workspac\LPC_slaveHata\mbed\TARGET_LPC1768\TOOLCHAIN_GCC_CR\libmbed.a(FilePath.o)
                0x00001a10                mbed::FilePath::exists()
 .text._ZN4mbed6Serial5_getcEv
                0x00001a1c        0x4 C:\nxp\LPCXpresso_6.0.4_159\lpcxpresso\C\workspac\LPC_slaveHata\mbed\TARGET_LPC1768\TOOLCHAIN_GCC_CR\libmbed.a(Serial.o)
                0x00001a1c                mbed::Serial::_getc()
 .text._ZThn64_N4mbed6Serial5_getcEv
                0x00001a20        0x8 C:\nxp\LPCXpresso_6.0.4_159\lpcxpresso\C\workspac\LPC_slaveHata\mbed\TARGET_LPC1768\TOOLCHAIN_GCC_CR\libmbed.a(Serial.o)
                0x00001a20                non-virtual thunk to mbed::Serial::_getc()
 .text._ZN4mbed6Serial5_putcEi
                0x00001a28        0x4 C:\nxp\LPCXpresso_6.0.4_159\lpcxpresso\C\workspac\LPC_slaveHata\mbed\TARGET_LPC1768\TOOLCHAIN_GCC_CR\libmbed.a(Serial.o)
                0x00001a28                mbed::Serial::_putc(int)
 .text._ZThn64_N4mbed6Serial5_putcEi
                0x00001a2c        0x8 C:\nxp\LPCXpresso_6.0.4_159\lpcxpresso\C\workspac\LPC_slaveHata\mbed\TARGET_LPC1768\TOOLCHAIN_GCC_CR\libmbed.a(Serial.o)
                0x00001a2c                non-virtual thunk to mbed::Serial::_putc(int)
 .text._ZN4mbed6SerialC2E7PinNameS1_PKc
                0x00001a34       0x30 C:\nxp\LPCXpresso_6.0.4_159\lpcxpresso\C\workspac\LPC_slaveHata\mbed\TARGET_LPC1768\TOOLCHAIN_GCC_CR\libmbed.a(Serial.o)
                0x00001a34                mbed::Serial::Serial(PinName, PinName, char const*)
                0x00001a34                mbed::Serial::Serial(PinName, PinName, char const*)
 .text._ZN4mbed10SerialBase12_irq_handlerEm9SerialIrq
                0x00001a64       0x28 C:\nxp\LPCXpresso_6.0.4_159\lpcxpresso\C\workspac\LPC_slaveHata\mbed\TARGET_LPC1768\TOOLCHAIN_GCC_CR\libmbed.a(SerialBase.o)
                0x00001a64                mbed::SerialBase::_irq_handler(unsigned long, SerialIrq)
 .text._ZN4mbed10SerialBaseC2E7PinNameS1_
                0x00001a8c       0x3c C:\nxp\LPCXpresso_6.0.4_159\lpcxpresso\C\workspac\LPC_slaveHata\mbed\TARGET_LPC1768\TOOLCHAIN_GCC_CR\libmbed.a(SerialBase.o)
                0x00001a8c                mbed::SerialBase::SerialBase(PinName, PinName)
                0x00001a8c                mbed::SerialBase::SerialBase(PinName, PinName)
 .text._ZN4mbed10SerialBase4baudEi
                0x00001ac8       0x10 C:\nxp\LPCXpresso_6.0.4_159\lpcxpresso\C\workspac\LPC_slaveHata\mbed\TARGET_LPC1768\TOOLCHAIN_GCC_CR\libmbed.a(SerialBase.o)
                0x00001ac8                mbed::SerialBase::baud(int)
 .text._ZN4mbed10SerialBase8readableEv
                0x00001ad8        0x8 C:\nxp\LPCXpresso_6.0.4_159\lpcxpresso\C\workspac\LPC_slaveHata\mbed\TARGET_LPC1768\TOOLCHAIN_GCC_CR\libmbed.a(SerialBase.o)
                0x00001ad8                mbed::SerialBase::readable()
 .text._ZN4mbed10SerialBase10_base_getcEv
                0x00001ae0        0x8 C:\nxp\LPCXpresso_6.0.4_159\lpcxpresso\C\workspac\LPC_slaveHata\mbed\TARGET_LPC1768\TOOLCHAIN_GCC_CR\libmbed.a(SerialBase.o)
                0x00001ae0                mbed::SerialBase::_base_getc()
 .text._ZN4mbed10SerialBase10_base_putcEi
                0x00001ae8       0x10 C:\nxp\LPCXpresso_6.0.4_159\lpcxpresso\C\workspac\LPC_slaveHata\mbed\TARGET_LPC1768\TOOLCHAIN_GCC_CR\libmbed.a(SerialBase.o)
                0x00001ae8                mbed::SerialBase::_base_putc(int)
 .text._ZN4mbed6Stream5closeEv
                0x00001af8        0x4 C:\nxp\LPCXpresso_6.0.4_159\lpcxpresso\C\workspac\LPC_slaveHata\mbed\TARGET_LPC1768\TOOLCHAIN_GCC_CR\libmbed.a(Stream.o)
                0x00001af8                mbed::Stream::close()
 .text._ZN4mbed6Stream5writeEPKvj
                0x00001afc       0x30 C:\nxp\LPCXpresso_6.0.4_159\lpcxpresso\C\workspac\LPC_slaveHata\mbed\TARGET_LPC1768\TOOLCHAIN_GCC_CR\libmbed.a(Stream.o)
                0x00001afc                mbed::Stream::write(void const*, unsigned int)
 .text._ZN4mbed6Stream4readEPvj
                0x00001b2c       0x30 C:\nxp\LPCXpresso_6.0.4_159\lpcxpresso\C\workspac\LPC_slaveHata\mbed\TARGET_LPC1768\TOOLCHAIN_GCC_CR\libmbed.a(Stream.o)
                0x00001b2c                mbed::Stream::read(void*, unsigned int)
 .text._ZN4mbed6Stream5lseekEli
                0x00001b5c        0x4 C:\nxp\LPCXpresso_6.0.4_159\lpcxpresso\C\workspac\LPC_slaveHata\mbed\TARGET_LPC1768\TOOLCHAIN_GCC_CR\libmbed.a(Stream.o)
                0x00001b5c                mbed::Stream::lseek(long, int)
 .text._ZN4mbed6Stream6isattyEv
                0x00001b60        0x4 C:\nxp\LPCXpresso_6.0.4_159\lpcxpresso\C\workspac\LPC_slaveHata\mbed\TARGET_LPC1768\TOOLCHAIN_GCC_CR\libmbed.a(Stream.o)
                0x00001b60                mbed::Stream::isatty()
 .text._ZN4mbed6Stream5fsyncEv
                0x00001b64        0x4 C:\nxp\LPCXpresso_6.0.4_159\lpcxpresso\C\workspac\LPC_slaveHata\mbed\TARGET_LPC1768\TOOLCHAIN_GCC_CR\libmbed.a(Stream.o)
                0x00001b64                mbed::Stream::fsync()
 .text._ZN4mbed6Stream4flenEv
                0x00001b68        0x4 C:\nxp\LPCXpresso_6.0.4_159\lpcxpresso\C\workspac\LPC_slaveHata\mbed\TARGET_LPC1768\TOOLCHAIN_GCC_CR\libmbed.a(Stream.o)
                0x00001b68                mbed::Stream::flen()
 .text._ZN4mbed6StreamD2Ev
                0x00001b6c       0x24 C:\nxp\LPCXpresso_6.0.4_159\lpcxpresso\C\workspac\LPC_slaveHata\mbed\TARGET_LPC1768\TOOLCHAIN_GCC_CR\libmbed.a(Stream.o)
                0x00001b6c                mbed::Stream::~Stream()
                0x00001b6c                mbed::Stream::~Stream()
 .text._ZThn4_N4mbed6StreamD1Ev
                0x00001b90        0x8 C:\nxp\LPCXpresso_6.0.4_159\lpcxpresso\C\workspac\LPC_slaveHata\mbed\TARGET_LPC1768\TOOLCHAIN_GCC_CR\libmbed.a(Stream.o)
                0x00001b90                non-virtual thunk to mbed::Stream::~Stream()
 .text._ZN4mbed6StreamD0Ev
                0x00001b98       0x14 C:\nxp\LPCXpresso_6.0.4_159\lpcxpresso\C\workspac\LPC_slaveHata\mbed\TARGET_LPC1768\TOOLCHAIN_GCC_CR\libmbed.a(Stream.o)
                0x00001b98                mbed::Stream::~Stream()
 .text._ZThn4_N4mbed6StreamD0Ev
                0x00001bac        0x8 C:\nxp\LPCXpresso_6.0.4_159\lpcxpresso\C\workspac\LPC_slaveHata\mbed\TARGET_LPC1768\TOOLCHAIN_GCC_CR\libmbed.a(Stream.o)
                0x00001bac                non-virtual thunk to mbed::Stream::~Stream()
 .text._ZN4mbed6StreamC2EPKc
                0x00001bb4       0x44 C:\nxp\LPCXpresso_6.0.4_159\lpcxpresso\C\workspac\LPC_slaveHata\mbed\TARGET_LPC1768\TOOLCHAIN_GCC_CR\libmbed.a(Stream.o)
                0x00001bb4                mbed::Stream::Stream(char const*)
                0x00001bb4                mbed::Stream::Stream(char const*)
 .text._ZN4mbed6Stream4getcEv
                0x00001bf8       0x14 C:\nxp\LPCXpresso_6.0.4_159\lpcxpresso\C\workspac\LPC_slaveHata\mbed\TARGET_LPC1768\TOOLCHAIN_GCC_CR\libmbed.a(Stream.o)
                0x00001bf8                mbed::Stream::getc()
 .text._ZN4mbed6Stream6printfEPKcz
                0x00001c0c       0x2c C:\nxp\LPCXpresso_6.0.4_159\lpcxpresso\C\workspac\LPC_slaveHata\mbed\TARGET_LPC1768\TOOLCHAIN_GCC_CR\libmbed.a(Stream.o)
                0x00001c0c                mbed::Stream::printf(char const*, ...)
 .text._ZN4mbed5Timer9slicetimeEv.part.0
                0x00001c38       0x10 C:\nxp\LPCXpresso_6.0.4_159\lpcxpresso\C\workspac\LPC_slaveHata\mbed\TARGET_LPC1768\TOOLCHAIN_GCC_CR\libmbed.a(Timer.o)
 .text._ZN4mbed5TimerC2Ev
                0x00001c48       0x20 C:\nxp\LPCXpresso_6.0.4_159\lpcxpresso\C\workspac\LPC_slaveHata\mbed\TARGET_LPC1768\TOOLCHAIN_GCC_CR\libmbed.a(Timer.o)
                0x00001c48                mbed::Timer::Timer()
                0x00001c48                mbed::Timer::Timer()
 .text._ZN4mbed5Timer5startEv
                0x00001c68       0x18 C:\nxp\LPCXpresso_6.0.4_159\lpcxpresso\C\workspac\LPC_slaveHata\mbed\TARGET_LPC1768\TOOLCHAIN_GCC_CR\libmbed.a(Timer.o)
                0x00001c68                mbed::Timer::start()
 .text._ZN4mbed5Timer7read_msEv
                0x00001c80       0x24 C:\nxp\LPCXpresso_6.0.4_159\lpcxpresso\C\workspac\LPC_slaveHata\mbed\TARGET_LPC1768\TOOLCHAIN_GCC_CR\libmbed.a(Timer.o)
                0x00001c80                mbed::Timer::read_ms()
 .text._ZN4mbed5Timer5resetEv
                0x00001ca4       0x14 C:\nxp\LPCXpresso_6.0.4_159\lpcxpresso\C\workspac\LPC_slaveHata\mbed\TARGET_LPC1768\TOOLCHAIN_GCC_CR\libmbed.a(Timer.o)
                0x00001ca4                mbed::Timer::reset()
 .text.mbed_assert_internal
                0x00001cb8       0x18 C:\nxp\LPCXpresso_6.0.4_159\lpcxpresso\C\workspac\LPC_slaveHata\mbed\TARGET_LPC1768\TOOLCHAIN_GCC_CR\libmbed.a(assert.o)
                0x00001cb8                mbed_assert_internal
 .text.error    0x00001cd0       0x24 C:\nxp\LPCXpresso_6.0.4_159\lpcxpresso\C\workspac\LPC_slaveHata\mbed\TARGET_LPC1768\TOOLCHAIN_GCC_CR\libmbed.a(error.o)
                0x00001cd0                error
 .text.gpio_init_in
                0x00001cf4       0x24 C:\nxp\LPCXpresso_6.0.4_159\lpcxpresso\C\workspac\LPC_slaveHata\mbed\TARGET_LPC1768\TOOLCHAIN_GCC_CR\libmbed.a(gpio.o)
                0x00001cf4                gpio_init_in
 .text.gpio_init_out
                0x00001d18       0x44 C:\nxp\LPCXpresso_6.0.4_159\lpcxpresso\C\workspac\LPC_slaveHata\mbed\TARGET_LPC1768\TOOLCHAIN_GCC_CR\libmbed.a(gpio.o)
                0x00001d18                gpio_init_out
 .text.gpio_init_out_ex
                0x00001d5c       0x54 C:\nxp\LPCXpresso_6.0.4_159\lpcxpresso\C\workspac\LPC_slaveHata\mbed\TARGET_LPC1768\TOOLCHAIN_GCC_CR\libmbed.a(gpio.o)
                0x00001d5c                gpio_init_out_ex
 .text.mbed_interface_connected
                0x00001db0        0x4 C:\nxp\LPCXpresso_6.0.4_159\lpcxpresso\C\workspac\LPC_slaveHata\mbed\TARGET_LPC1768\TOOLCHAIN_GCC_CR\libmbed.a(mbed_interface.o)
                0x00001db0                mbed_interface_connected
 .text.pinmap_pinout
                0x00001db4       0x40 C:\nxp\LPCXpresso_6.0.4_159\lpcxpresso\C\workspac\LPC_slaveHata\mbed\TARGET_LPC1768\TOOLCHAIN_GCC_CR\libmbed.a(pinmap_common.o)
                0x00001db4                pinmap_pinout
 .text.pinmap_merge
                0x00001df4       0x24 C:\nxp\LPCXpresso_6.0.4_159\lpcxpresso\C\workspac\LPC_slaveHata\mbed\TARGET_LPC1768\TOOLCHAIN_GCC_CR\libmbed.a(pinmap_common.o)
                0x00001df4                pinmap_merge
 .text.pinmap_find_peripheral
                0x00001e18       0x1c C:\nxp\LPCXpresso_6.0.4_159\lpcxpresso\C\workspac\LPC_slaveHata\mbed\TARGET_LPC1768\TOOLCHAIN_GCC_CR\libmbed.a(pinmap_common.o)
                0x00001e18                pinmap_find_peripheral
 .text.pinmap_peripheral
                0x00001e34       0x34 C:\nxp\LPCXpresso_6.0.4_159\lpcxpresso\C\workspac\LPC_slaveHata\mbed\TARGET_LPC1768\TOOLCHAIN_GCC_CR\libmbed.a(pinmap_common.o)
                0x00001e34                pinmap_peripheral
 .text.semihost_exit
                0x00001e68       0x18 C:\nxp\LPCXpresso_6.0.4_159\lpcxpresso\C\workspac\LPC_slaveHata\mbed\TARGET_LPC1768\TOOLCHAIN_GCC_CR\libmbed.a(semihost_api.o)
                0x00001e68                semihost_exit
 .text.semihost_connected
                0x00001e80       0x10 C:\nxp\LPCXpresso_6.0.4_159\lpcxpresso\C\workspac\LPC_slaveHata\mbed\TARGET_LPC1768\TOOLCHAIN_GCC_CR\libmbed.a(semihost_api.o)
                0x00001e80                semihost_connected
 .text.wait_us  0x00001e90       0x18 C:\nxp\LPCXpresso_6.0.4_159\lpcxpresso\C\workspac\LPC_slaveHata\mbed\TARGET_LPC1768\TOOLCHAIN_GCC_CR\libmbed.a(wait_api.o)
                0x00001e90                wait_us
 .text.wait_ms  0x00001ea8        0xc C:\nxp\LPCXpresso_6.0.4_159\lpcxpresso\C\workspac\LPC_slaveHata\mbed\TARGET_LPC1768\TOOLCHAIN_GCC_CR\libmbed.a(wait_api.o)
                0x00001ea8                wait_ms
 .text.ticker_irq_handler
                0x00001eb4       0x48 C:\nxp\LPCXpresso_6.0.4_159\lpcxpresso\C\workspac\LPC_slaveHata\mbed\TARGET_LPC1768\TOOLCHAIN_GCC_CR\libmbed.a(ticker_api.o)
                0x00001eb4                ticker_irq_handler
 .text.ticker_read
                0x00001efc        0xc C:\nxp\LPCXpresso_6.0.4_159\lpcxpresso\C\workspac\LPC_slaveHata\mbed\TARGET_LPC1768\TOOLCHAIN_GCC_CR\libmbed.a(ticker_api.o)
                0x00001efc                ticker_read
 .text.get_us_ticker_data
                0x00001f08        0x8 C:\nxp\LPCXpresso_6.0.4_159\lpcxpresso\C\workspac\LPC_slaveHata\mbed\TARGET_LPC1768\TOOLCHAIN_GCC_CR\libmbed.a(us_ticker_api.o)
                0x00001f08                get_us_ticker_data
 .text.us_ticker_irq_handler
                0x00001f10        0xc C:\nxp\LPCXpresso_6.0.4_159\lpcxpresso\C\workspac\LPC_slaveHata\mbed\TARGET_LPC1768\TOOLCHAIN_GCC_CR\libmbed.a(us_ticker_api.o)
                0x00001f10                us_ticker_irq_handler
 .text.can_irq_init
                0x00001f1c       0x1c C:\nxp\LPCXpresso_6.0.4_159\lpcxpresso\C\workspac\LPC_slaveHata\mbed\TARGET_LPC1768\TOOLCHAIN_GCC_CR\libmbed.a(can_api.o)
                0x00001f1c                can_irq_init
 .text.can_irq_free
                0x00001f38       0x30 C:\nxp\LPCXpresso_6.0.4_159\lpcxpresso\C\workspac\LPC_slaveHata\mbed\TARGET_LPC1768\TOOLCHAIN_GCC_CR\libmbed.a(can_api.o)
                0x00001f38                can_irq_free
 .text.can_free
                0x00001f68       0x3c C:\nxp\LPCXpresso_6.0.4_159\lpcxpresso\C\workspac\LPC_slaveHata\mbed\TARGET_LPC1768\TOOLCHAIN_GCC_CR\libmbed.a(can_api.o)
                0x00001f68                can_free
 .text.can_frequency
                0x00001fa4       0xc8 C:\nxp\LPCXpresso_6.0.4_159\lpcxpresso\C\workspac\LPC_slaveHata\mbed\TARGET_LPC1768\TOOLCHAIN_GCC_CR\libmbed.a(can_api.o)
                0x00001fa4                can_frequency
 .text.can_init
                0x0000206c       0xd0 C:\nxp\LPCXpresso_6.0.4_159\lpcxpresso\C\workspac\LPC_slaveHata\mbed\TARGET_LPC1768\TOOLCHAIN_GCC_CR\libmbed.a(can_api.o)
                0x0000206c                can_init
 .text.can_write
                0x0000213c      0x108 C:\nxp\LPCXpresso_6.0.4_159\lpcxpresso\C\workspac\LPC_slaveHata\mbed\TARGET_LPC1768\TOOLCHAIN_GCC_CR\libmbed.a(can_api.o)
                0x0000213c                can_write
 .text.gpio_set
                0x00002244       0x30 C:\nxp\LPCXpresso_6.0.4_159\lpcxpresso\C\workspac\LPC_slaveHata\mbed\TARGET_LPC1768\TOOLCHAIN_GCC_CR\libmbed.a(gpio_api.o)
                0x00002244                gpio_set
 .text.gpio_init
                0x00002274       0x30 C:\nxp\LPCXpresso_6.0.4_159\lpcxpresso\C\workspac\LPC_slaveHata\mbed\TARGET_LPC1768\TOOLCHAIN_GCC_CR\libmbed.a(gpio_api.o)
                0x00002274                gpio_init
 .text.gpio_mode
                0x000022a4        0x8 C:\nxp\LPCXpresso_6.0.4_159\lpcxpresso\C\workspac\LPC_slaveHata\mbed\TARGET_LPC1768\TOOLCHAIN_GCC_CR\libmbed.a(gpio_api.o)
                0x000022a4                gpio_mode
 .text.gpio_dir
                0x000022ac       0x44 C:\nxp\LPCXpresso_6.0.4_159\lpcxpresso\C\workspac\LPC_slaveHata\mbed\TARGET_LPC1768\TOOLCHAIN_GCC_CR\libmbed.a(gpio_api.o)
                0x000022ac                gpio_dir
 .text.pin_function
                0x000022f0       0x50 C:\nxp\LPCXpresso_6.0.4_159\lpcxpresso\C\workspac\LPC_slaveHata\mbed\TARGET_LPC1768\TOOLCHAIN_GCC_CR\libmbed.a(pinmap.o)
                0x000022f0                pin_function
 .text.pin_mode
                0x00002340       0x78 C:\nxp\LPCXpresso_6.0.4_159\lpcxpresso\C\workspac\LPC_slaveHata\mbed\TARGET_LPC1768\TOOLCHAIN_GCC_CR\libmbed.a(pinmap.o)
                0x00002340                pin_mode
 .text.us_ticker_init
                0x000023b8       0x68 C:\nxp\LPCXpresso_6.0.4_159\lpcxpresso\C\workspac\LPC_slaveHata\mbed\TARGET_LPC1768\TOOLCHAIN_GCC_CR\libmbed.a(us_ticker.o)
                0x000023b8                us_ticker_init
 .text.us_ticker_read
                0x00002420       0x1c C:\nxp\LPCXpresso_6.0.4_159\lpcxpresso\C\workspac\LPC_slaveHata\mbed\TARGET_LPC1768\TOOLCHAIN_GCC_CR\libmbed.a(us_ticker.o)
                0x00002420                us_ticker_read
 .text.us_ticker_set_interrupt
                0x0000243c       0x14 C:\nxp\LPCXpresso_6.0.4_159\lpcxpresso\C\workspac\LPC_slaveHata\mbed\TARGET_LPC1768\TOOLCHAIN_GCC_CR\libmbed.a(us_ticker.o)
                0x0000243c                us_ticker_set_interrupt
 .text.us_ticker_disable_interrupt
                0x00002450       0x10 C:\nxp\LPCXpresso_6.0.4_159\lpcxpresso\C\workspac\LPC_slaveHata\mbed\TARGET_LPC1768\TOOLCHAIN_GCC_CR\libmbed.a(us_ticker.o)
                0x00002450                us_ticker_disable_interrupt
 .text.us_ticker_clear_interrupt
                0x00002460        0xc C:\nxp\LPCXpresso_6.0.4_159\lpcxpresso\C\workspac\LPC_slaveHata\mbed\TARGET_LPC1768\TOOLCHAIN_GCC_CR\libmbed.a(us_ticker.o)
                0x00002460                us_ticker_clear_interrupt
 .text._ZN4mbed8FileLikeD2Ev
                0x0000246c       0x24 C:\nxp\LPCXpresso_6.0.4_159\lpcxpresso\C\workspac\LPC_slaveHata\mbed\TARGET_LPC1768\TOOLCHAIN_GCC_CR\libmbed.a(FileLike.o)
                0x0000246c                mbed::FileLike::~FileLike()
                0x0000246c                mbed::FileLike::~FileLike()
 .text._ZThn4_N4mbed8FileLikeD1Ev
                0x00002490        0x8 C:\nxp\LPCXpresso_6.0.4_159\lpcxpresso\C\workspac\LPC_slaveHata\mbed\TARGET_LPC1768\TOOLCHAIN_GCC_CR\libmbed.a(FileLike.o)
                0x00002490                non-virtual thunk to mbed::FileLike::~FileLike()
 .text._ZN4mbed8FileLikeD0Ev
                0x00002498       0x2c C:\nxp\LPCXpresso_6.0.4_159\lpcxpresso\C\workspac\LPC_slaveHata\mbed\TARGET_LPC1768\TOOLCHAIN_GCC_CR\libmbed.a(FileLike.o)
                0x00002498                mbed::FileLike::~FileLike()
 .text._ZThn4_N4mbed8FileLikeD0Ev
                0x000024c4        0x8 C:\nxp\LPCXpresso_6.0.4_159\lpcxpresso\C\workspac\LPC_slaveHata\mbed\TARGET_LPC1768\TOOLCHAIN_GCC_CR\libmbed.a(FileLike.o)
                0x000024c4                non-virtual thunk to mbed::FileLike::~FileLike()
 .text._ZN4mbed8FileLikeC2EPKc
                0x000024cc       0x28 C:\nxp\LPCXpresso_6.0.4_159\lpcxpresso\C\workspac\LPC_slaveHata\mbed\TARGET_LPC1768\TOOLCHAIN_GCC_CR\libmbed.a(FileLike.o)
                0x000024cc                mbed::FileLike::FileLike(char const*)
                0x000024cc                mbed::FileLike::FileLike(char const*)
 .text._ZN4mbed8FileBaseD2Ev
                0x000024f4       0x30 C:\nxp\LPCXpresso_6.0.4_159\lpcxpresso\C\workspac\LPC_slaveHata\mbed\TARGET_LPC1768\TOOLCHAIN_GCC_CR\libmbed.a(FileBase.o)
                0x000024f4                mbed::FileBase::~FileBase()
                0x000024f4                mbed::FileBase::~FileBase()
 .text._ZN4mbed8FileBaseD0Ev
                0x00002524       0x3c C:\nxp\LPCXpresso_6.0.4_159\lpcxpresso\C\workspac\LPC_slaveHata\mbed\TARGET_LPC1768\TOOLCHAIN_GCC_CR\libmbed.a(FileBase.o)
                0x00002524                mbed::FileBase::~FileBase()
 .text._ZN4mbed8FileBaseC2EPKcNS_8PathTypeE
                0x00002560       0x28 C:\nxp\LPCXpresso_6.0.4_159\lpcxpresso\C\workspac\LPC_slaveHata\mbed\TARGET_LPC1768\TOOLCHAIN_GCC_CR\libmbed.a(FileBase.o)
                0x00002560                mbed::FileBase::FileBase(char const*, mbed::PathType)
                0x00002560                mbed::FileBase::FileBase(char const*, mbed::PathType)
 .text._ZN4mbed8FileBase6lookupEPKcj
                0x00002588       0x3c C:\nxp\LPCXpresso_6.0.4_159\lpcxpresso\C\workspac\LPC_slaveHata\mbed\TARGET_LPC1768\TOOLCHAIN_GCC_CR\libmbed.a(FileBase.o)
                0x00002588                mbed::FileBase::lookup(char const*, unsigned int)
 .text._ZN4mbed8FileBase11getPathTypeEv
                0x000025c4        0x4 C:\nxp\LPCXpresso_6.0.4_159\lpcxpresso\C\workspac\LPC_slaveHata\mbed\TARGET_LPC1768\TOOLCHAIN_GCC_CR\libmbed.a(FileBase.o)
                0x000025c4                mbed::FileBase::getPathType()
 .text          0x000025c8      0x370 c:/nxp/lpcxpresso_6.0.4_159/lpcxpresso/tools/bin/../lib/gcc/arm-none-eabi/4.6.2/armv7-m\libgcc.a(_arm_addsubdf3.o)
                0x000025c8                __aeabi_drsub
                0x000025d0                __aeabi_dsub
                0x000025d0                __subdf3
                0x000025d4                __aeabi_dadd
                0x000025d4                __adddf3
                0x0000284c                __floatunsidf
                0x0000284c                __aeabi_ui2d
                0x0000286c                __floatsidf
                0x0000286c                __aeabi_i2d
                0x00002890                __aeabi_f2d
                0x00002890                __extendsfdf2
                0x000028cc                __floatundidf
                0x000028cc                __aeabi_ul2d
                0x000028dc                __floatdidf
                0x000028dc                __aeabi_l2d
 .text          0x00002938      0x424 c:/nxp/lpcxpresso_6.0.4_159/lpcxpresso/tools/bin/../lib/gcc/arm-none-eabi/4.6.2/armv7-m\libgcc.a(_arm_muldivdf3.o)
                0x00002938                __aeabi_dmul
                0x00002938                __muldf3
                0x00002b8c                __divdf3
                0x00002b8c                __aeabi_ddiv
 .text          0x00002d5c       0xa0 c:/nxp/lpcxpresso_6.0.4_159/lpcxpresso/tools/bin/../lib/gcc/arm-none-eabi/4.6.2/armv7-m\libgcc.a(_arm_truncdfsf2.o)
                0x00002d5c                __truncdfsf2
                0x00002d5c                __aeabi_d2f
 .text          0x00002dfc      0x21c c:/nxp/lpcxpresso_6.0.4_159/lpcxpresso/tools/bin/../lib/gcc/arm-none-eabi/4.6.2/armv7-m\libgcc.a(_arm_addsubsf3.o)
                0x00002dfc                __aeabi_frsub
                0x00002e04                __subsf3
                0x00002e04                __aeabi_fsub
                0x00002e08                __aeabi_fadd
                0x00002e08                __addsf3
                0x00002f68                __aeabi_ui2f
                0x00002f68                __floatunsisf
                0x00002f70                __aeabi_i2f
                0x00002f70                __floatsisf
                0x00002f8c                __aeabi_ul2f
                0x00002f8c                __floatundisf
                0x00002f9c                __aeabi_l2f
                0x00002f9c                __floatdisf
 .text          0x00003018      0x2a0 c:/nxp/lpcxpresso_6.0.4_159/lpcxpresso/tools/bin/../lib/gcc/arm-none-eabi/4.6.2/armv7-m\libgcc.a(_arm_muldivsf3.o)
                0x00003018                __mulsf3
                0x00003018                __aeabi_fmul
                0x00003180                __aeabi_fdiv
                0x00003180                __divsf3
 .text          0x000032b8       0xec c:/nxp/lpcxpresso_6.0.4_159/lpcxpresso/tools/bin/../lib/gcc/arm-none-eabi/4.6.2/armv7-m\libgcc.a(_arm_cmpsf2.o)
                0x000032b8                __gesf2
                0x000032b8                __gtsf2
                0x000032c0                __lesf2
                0x000032c0                __ltsf2
                0x000032c8                __nesf2
                0x000032c8                __eqsf2
                0x000032c8                __cmpsf2
                0x00003328                __aeabi_cfrcmple
                0x00003330                __aeabi_cfcmpeq
                0x00003330                __aeabi_cfcmple
                0x00003340                __aeabi_fcmpeq
                0x00003354                __aeabi_fcmplt
                0x00003368                __aeabi_fcmple
                0x0000337c                __aeabi_fcmpge
                0x00003390                __aeabi_fcmpgt
 .text          0x000033a4       0x4c c:/nxp/lpcxpresso_6.0.4_159/lpcxpresso/tools/bin/../lib/gcc/arm-none-eabi/4.6.2/armv7-m\libgcc.a(_arm_fixsfsi.o)
                0x000033a4                __aeabi_f2iz
                0x000033a4                __fixsfsi
 .text          0x000033f0       0x40 c:/nxp/lpcxpresso_6.0.4_159/lpcxpresso/tools/bin/../lib/gcc/arm-none-eabi/4.6.2/armv7-m\libgcc.a(_arm_fixunssfsi.o)
                0x000033f0                __fixunssfsi
                0x000033f0                __aeabi_f2uiz
 .text          0x00003430       0x2c c:/nxp/lpcxpresso_6.0.4_159/lpcxpresso/tools/bin/../lib/gcc/arm-none-eabi/4.6.2/armv7-m\libgcc.a(_aeabi_uldivmod.o)
                0x00003430                __aeabi_uldivmod
 .text          0x0000345c       0x5c c:/nxp/lpcxpresso_6.0.4_159/lpcxpresso/tools/bin/../lib/gcc/arm-none-eabi/4.6.2/armv7-m\libgcc.a(bpabi.o)
                0x0000345c                __gnu_ldivmod_helper
                0x0000348c                __gnu_uldivmod_helper
 .text          0x000034b8        0x4 c:/nxp/lpcxpresso_6.0.4_159/lpcxpresso/tools/bin/../lib/gcc/arm-none-eabi/4.6.2/armv7-m\libgcc.a(_dvmd_tls.o)
                0x000034b8                __aeabi_idiv0
                0x000034b8                __aeabi_ldiv0
 .text          0x000034bc      0x2c8 c:/nxp/lpcxpresso_6.0.4_159/lpcxpresso/tools/bin/../lib/gcc/arm-none-eabi/4.6.2/armv7-m\libgcc.a(_divdi3.o)
                0x000034bc                __divdi3
 .text          0x00003784      0x298 c:/nxp/lpcxpresso_6.0.4_159/lpcxpresso/tools/bin/../lib/gcc/arm-none-eabi/4.6.2/armv7-m\libgcc.a(_udivdi3.o)
                0x00003784                __udivdi3
 .text.abs      0x00003a1c        0x8 c:/nxp/lpcxpresso_6.0.4_159/lpcxpresso/tools/bin/../lib/gcc/arm-none-eabi/4.6.2/../../../../arm-none-eabi/lib/armv7-m\libc.a(lib_a-abs.o)
                0x00003a1c                abs
 .text.__errno  0x00003a24        0xc c:/nxp/lpcxpresso_6.0.4_159/lpcxpresso/tools/bin/../lib/gcc/arm-none-eabi/4.6.2/../../../../arm-none-eabi/lib/armv7-m\libc.a(lib_a-errno.o)
                0x00003a24                __errno
 .text._fclose_r
                0x00003a30       0x90 c:/nxp/lpcxpresso_6.0.4_159/lpcxpresso/tools/bin/../lib/gcc/arm-none-eabi/4.6.2/../../../../arm-none-eabi/lib/armv7-m\libc.a(lib_a-fclose.o)
                0x00003a30                _fclose_r
 .text.fclose   0x00003ac0       0x14 c:/nxp/lpcxpresso_6.0.4_159/lpcxpresso/tools/bin/../lib/gcc/arm-none-eabi/4.6.2/../../../../arm-none-eabi/lib/armv7-m\libc.a(lib_a-fclose.o)
                0x00003ac0                fclose
 .text._fflush_r
                0x00003ad4      0x16c c:/nxp/lpcxpresso_6.0.4_159/lpcxpresso/tools/bin/../lib/gcc/arm-none-eabi/4.6.2/../../../../arm-none-eabi/lib/armv7-m\libc.a(lib_a-fflush.o)
                0x00003ad4                _fflush_r
 .text.fflush   0x00003c40       0x24 c:/nxp/lpcxpresso_6.0.4_159/lpcxpresso/tools/bin/../lib/gcc/arm-none-eabi/4.6.2/../../../../arm-none-eabi/lib/armv7-m\libc.a(lib_a-fflush.o)
                0x00003c40                fflush
 .text.fgetc    0x00003c64       0x44 c:/nxp/lpcxpresso_6.0.4_159/lpcxpresso/tools/bin/../lib/gcc/arm-none-eabi/4.6.2/../../../../arm-none-eabi/lib/armv7-m\libc.a(lib_a-fgetc.o)
                0x00003c64                fgetc
 .text._cleanup_r
                0x00003ca8        0xc c:/nxp/lpcxpresso_6.0.4_159/lpcxpresso/tools/bin/../lib/gcc/arm-none-eabi/4.6.2/../../../../arm-none-eabi/lib/armv7-m\libc.a(lib_a-findfp.o)
                0x00003ca8                _cleanup_r
 .text.std.isra.0
                0x00003cb4       0x50 c:/nxp/lpcxpresso_6.0.4_159/lpcxpresso/tools/bin/../lib/gcc/arm-none-eabi/4.6.2/../../../../arm-none-eabi/lib/armv7-m\libc.a(lib_a-findfp.o)
 .text.__sfmoreglue
                0x00003d04       0x2c c:/nxp/lpcxpresso_6.0.4_159/lpcxpresso/tools/bin/../lib/gcc/arm-none-eabi/4.6.2/../../../../arm-none-eabi/lib/armv7-m\libc.a(lib_a-findfp.o)
                0x00003d04                __sfmoreglue
 .text.__sinit  0x00003d30       0x4c c:/nxp/lpcxpresso_6.0.4_159/lpcxpresso/tools/bin/../lib/gcc/arm-none-eabi/4.6.2/../../../../arm-none-eabi/lib/armv7-m\libc.a(lib_a-findfp.o)
                0x00003d30                __sinit
 .text.__sfp    0x00003d7c       0x98 c:/nxp/lpcxpresso_6.0.4_159/lpcxpresso/tools/bin/../lib/gcc/arm-none-eabi/4.6.2/../../../../arm-none-eabi/lib/armv7-m\libc.a(lib_a-findfp.o)
                0x00003d7c                __sfp
 .text.__sfp_lock_acquire
                0x00003e14        0x4 c:/nxp/lpcxpresso_6.0.4_159/lpcxpresso/tools/bin/../lib/gcc/arm-none-eabi/4.6.2/../../../../arm-none-eabi/lib/armv7-m\libc.a(lib_a-findfp.o)
                0x00003e14                __sfp_lock_acquire
 .text.__sfp_lock_release
                0x00003e18        0x4 c:/nxp/lpcxpresso_6.0.4_159/lpcxpresso/tools/bin/../lib/gcc/arm-none-eabi/4.6.2/../../../../arm-none-eabi/lib/armv7-m\libc.a(lib_a-findfp.o)
                0x00003e18                __sfp_lock_release
 .text._fopen_r
                0x00003e1c       0x88 c:/nxp/lpcxpresso_6.0.4_159/lpcxpresso/tools/bin/../lib/gcc/arm-none-eabi/4.6.2/../../../../arm-none-eabi/lib/armv7-m\libc.a(lib_a-fopen.o)
                0x00003e1c                _fopen_r
 .text.fopen    0x00003ea4       0x14 c:/nxp/lpcxpresso_6.0.4_159/lpcxpresso/tools/bin/../lib/gcc/arm-none-eabi/4.6.2/../../../../arm-none-eabi/lib/armv7-m\libc.a(lib_a-fopen.o)
                0x00003ea4                fopen
 .text._malloc_trim_r
                0x00003eb8       0xa0 c:/nxp/lpcxpresso_6.0.4_159/lpcxpresso/tools/bin/../lib/gcc/arm-none-eabi/4.6.2/../../../../arm-none-eabi/lib/armv7-m\libc.a(lib_a-freer.o)
                0x00003eb8                _malloc_trim_r
 .text._free_r  0x00003f58      0x190 c:/nxp/lpcxpresso_6.0.4_159/lpcxpresso/tools/bin/../lib/gcc/arm-none-eabi/4.6.2/../../../../arm-none-eabi/lib/armv7-m\libc.a(lib_a-freer.o)
                0x00003f58                _free_r
 .text._fseek_r
                0x000040e8      0x300 c:/nxp/lpcxpresso_6.0.4_159/lpcxpresso/tools/bin/../lib/gcc/arm-none-eabi/4.6.2/../../../../arm-none-eabi/lib/armv7-m\libc.a(lib_a-fseek.o)
                0x000040e8                _fseek_r
 .text._fstat_r
                0x000043e8       0x28 c:/nxp/lpcxpresso_6.0.4_159/lpcxpresso/tools/bin/../lib/gcc/arm-none-eabi/4.6.2/../../../../arm-none-eabi/lib/armv7-m\libc.a(lib_a-fstatr.o)
                0x000043e8                _fstat_r
 .text.__sfvwrite_r
                0x00004410      0x2e8 c:/nxp/lpcxpresso_6.0.4_159/lpcxpresso/tools/bin/../lib/gcc/arm-none-eabi/4.6.2/../../../../arm-none-eabi/lib/armv7-m\libc.a(lib_a-fvwrite.o)
                0x00004410                __sfvwrite_r
 .text._fwalk   0x000046f8       0x54 c:/nxp/lpcxpresso_6.0.4_159/lpcxpresso/tools/bin/../lib/gcc/arm-none-eabi/4.6.2/../../../../arm-none-eabi/lib/armv7-m\libc.a(lib_a-fwalk.o)
                0x000046f8                _fwalk
 .text._fwalk_reent
                0x0000474c       0x58 c:/nxp/lpcxpresso_6.0.4_159/lpcxpresso/tools/bin/../lib/gcc/arm-none-eabi/4.6.2/../../../../arm-none-eabi/lib/armv7-m\libc.a(lib_a-fwalk.o)
                0x0000474c                _fwalk_reent
 .text.__libc_init_array
                0x000047a4       0x48 c:/nxp/lpcxpresso_6.0.4_159/lpcxpresso/tools/bin/../lib/gcc/arm-none-eabi/4.6.2/../../../../arm-none-eabi/lib/armv7-m\libc.a(lib_a-init.o)
                0x000047a4                __libc_init_array
 .text.__smakebuf_r
                0x000047ec       0xe0 c:/nxp/lpcxpresso_6.0.4_159/lpcxpresso/tools/bin/../lib/gcc/arm-none-eabi/4.6.2/../../../../arm-none-eabi/lib/armv7-m\libc.a(lib_a-makebuf.o)
                0x000047ec                __smakebuf_r
 .text.malloc   0x000048cc       0x14 c:/nxp/lpcxpresso_6.0.4_159/lpcxpresso/tools/bin/../lib/gcc/arm-none-eabi/4.6.2/../../../../arm-none-eabi/lib/armv7-m\libc.a(lib_a-malloc.o)
                0x000048cc                malloc
 .text.free     0x000048e0       0x14 c:/nxp/lpcxpresso_6.0.4_159/lpcxpresso/tools/bin/../lib/gcc/arm-none-eabi/4.6.2/../../../../arm-none-eabi/lib/armv7-m\libc.a(lib_a-malloc.o)
                0x000048e0                free
 .text._malloc_r
                0x000048f4      0x528 c:/nxp/lpcxpresso_6.0.4_159/lpcxpresso/tools/bin/../lib/gcc/arm-none-eabi/4.6.2/../../../../arm-none-eabi/lib/armv7-m\libc.a(lib_a-mallocr.o)
                0x000048f4                _malloc_r
 .text.memchr   0x00004e1c       0x84 c:/nxp/lpcxpresso_6.0.4_159/lpcxpresso/tools/bin/../lib/gcc/arm-none-eabi/4.6.2/../../../../arm-none-eabi/lib/armv7-m\libc.a(lib_a-memchr.o)
                0x00004e1c                memchr
 .text.memcpy   0x00004ea0       0x84 c:/nxp/lpcxpresso_6.0.4_159/lpcxpresso/tools/bin/../lib/gcc/arm-none-eabi/4.6.2/../../../../arm-none-eabi/lib/armv7-m\libc.a(lib_a-memcpy.o)
                0x00004ea0                memcpy
 .text.memmove  0x00004f24       0xb0 c:/nxp/lpcxpresso_6.0.4_159/lpcxpresso/tools/bin/../lib/gcc/arm-none-eabi/4.6.2/../../../../arm-none-eabi/lib/armv7-m\libc.a(lib_a-memmove.o)
                0x00004f24                memmove
 .text.memset   0x00004fd4       0x90 c:/nxp/lpcxpresso_6.0.4_159/lpcxpresso/tools/bin/../lib/gcc/arm-none-eabi/4.6.2/../../../../arm-none-eabi/lib/armv7-m\libc.a(lib_a-memset.o)
                0x00004fd4                memset
 .text.__malloc_lock
                0x00005064        0x4 c:/nxp/lpcxpresso_6.0.4_159/lpcxpresso/tools/bin/../lib/gcc/arm-none-eabi/4.6.2/../../../../arm-none-eabi/lib/armv7-m\libc.a(lib_a-mlock.o)
                0x00005064                __malloc_lock
 .text.__malloc_unlock
                0x00005068        0x4 c:/nxp/lpcxpresso_6.0.4_159/lpcxpresso/tools/bin/../lib/gcc/arm-none-eabi/4.6.2/../../../../arm-none-eabi/lib/armv7-m\libc.a(lib_a-mlock.o)
                0x00005068                __malloc_unlock
 .text._open_r  0x0000506c       0x28 c:/nxp/lpcxpresso_6.0.4_159/lpcxpresso/tools/bin/../lib/gcc/arm-none-eabi/4.6.2/../../../../arm-none-eabi/lib/armv7-m\libc.a(lib_a-openr.o)
                0x0000506c                _open_r
 .text._realloc_r
                0x00005094      0x3f4 c:/nxp/lpcxpresso_6.0.4_159/lpcxpresso/tools/bin/../lib/gcc/arm-none-eabi/4.6.2/../../../../arm-none-eabi/lib/armv7-m\libc.a(lib_a-reallocr.o)
                0x00005094                _realloc_r
 .text.lflush   0x00005488       0x14 c:/nxp/lpcxpresso_6.0.4_159/lpcxpresso/tools/bin/../lib/gcc/arm-none-eabi/4.6.2/../../../../arm-none-eabi/lib/armv7-m\libc.a(lib_a-refill.o)
 .text.__srefill_r
                0x0000549c      0x100 c:/nxp/lpcxpresso_6.0.4_159/lpcxpresso/tools/bin/../lib/gcc/arm-none-eabi/4.6.2/../../../../arm-none-eabi/lib/armv7-m\libc.a(lib_a-refill.o)
                0x0000549c                __srefill_r
 .text.__srget_r
                0x0000559c       0x34 c:/nxp/lpcxpresso_6.0.4_159/lpcxpresso/tools/bin/../lib/gcc/arm-none-eabi/4.6.2/../../../../arm-none-eabi/lib/armv7-m\libc.a(lib_a-rget.o)
                0x0000559c                __srget_r
 .text._sbrk_r  0x000055d0       0x24 c:/nxp/lpcxpresso_6.0.4_159/lpcxpresso/tools/bin/../lib/gcc/arm-none-eabi/4.6.2/../../../../arm-none-eabi/lib/armv7-m\libc.a(lib_a-sbrkr.o)
                0x000055d0                _sbrk_r
 .text.setbuf   0x000055f4       0x10 c:/nxp/lpcxpresso_6.0.4_159/lpcxpresso/tools/bin/../lib/gcc/arm-none-eabi/4.6.2/../../../../arm-none-eabi/lib/armv7-m\libc.a(lib_a-setbuf.o)
                0x000055f4                setbuf
 .text.setvbuf  0x00005604      0x10c c:/nxp/lpcxpresso_6.0.4_159/lpcxpresso/tools/bin/../lib/gcc/arm-none-eabi/4.6.2/../../../../arm-none-eabi/lib/armv7-m\libc.a(lib_a-setvbuf.o)
                0x00005604                setvbuf
 .text.sprintf  0x00005710       0x50 c:/nxp/lpcxpresso_6.0.4_159/lpcxpresso/tools/bin/../lib/gcc/arm-none-eabi/4.6.2/../../../../arm-none-eabi/lib/armv7-m\libc.a(lib_a-sprintf.o)
                0x00005710                sprintf
 .text.sscanf   0x00005760       0x5c c:/nxp/lpcxpresso_6.0.4_159/lpcxpresso/tools/bin/../lib/gcc/arm-none-eabi/4.6.2/../../../../arm-none-eabi/lib/armv7-m\libc.a(lib_a-sscanf.o)
                0x00005760                sscanf
 .text.__sread  0x000057bc       0x24 c:/nxp/lpcxpresso_6.0.4_159/lpcxpresso/tools/bin/../lib/gcc/arm-none-eabi/4.6.2/../../../../arm-none-eabi/lib/armv7-m\libc.a(lib_a-stdio.o)
                0x000057bc                __sread
 .text.__seofread
                0x000057e0        0x4 c:/nxp/lpcxpresso_6.0.4_159/lpcxpresso/tools/bin/../lib/gcc/arm-none-eabi/4.6.2/../../../../arm-none-eabi/lib/armv7-m\libc.a(lib_a-stdio.o)
                0x000057e0                __seofread
 .text.__swrite
                0x000057e4       0x40 c:/nxp/lpcxpresso_6.0.4_159/lpcxpresso/tools/bin/../lib/gcc/arm-none-eabi/4.6.2/../../../../arm-none-eabi/lib/armv7-m\libc.a(lib_a-stdio.o)
                0x000057e4                __swrite
 .text.__sseek  0x00005824       0x24 c:/nxp/lpcxpresso_6.0.4_159/lpcxpresso/tools/bin/../lib/gcc/arm-none-eabi/4.6.2/../../../../arm-none-eabi/lib/armv7-m\libc.a(lib_a-stdio.o)
                0x00005824                __sseek
 .text.__sclose
                0x00005848        0x8 c:/nxp/lpcxpresso_6.0.4_159/lpcxpresso/tools/bin/../lib/gcc/arm-none-eabi/4.6.2/../../../../arm-none-eabi/lib/armv7-m\libc.a(lib_a-stdio.o)
                0x00005848                __sclose
 .text.strcmp   0x00005850       0x80 c:/nxp/lpcxpresso_6.0.4_159/lpcxpresso/tools/bin/../lib/gcc/arm-none-eabi/4.6.2/../../../../arm-none-eabi/lib/armv7-m\libc.a(lib_a-strcmp.o)
                0x00005850                strcmp
 .text.strcmp_unaligned
                0x000058d0      0x15c c:/nxp/lpcxpresso_6.0.4_159/lpcxpresso/tools/bin/../lib/gcc/arm-none-eabi/4.6.2/../../../../arm-none-eabi/lib/armv7-m\libc.a(lib_a-strcmp.o)
 .text.strlen   0x00005a2c       0x60 c:/nxp/lpcxpresso_6.0.4_159/lpcxpresso/tools/bin/../lib/gcc/arm-none-eabi/4.6.2/../../../../arm-none-eabi/lib/armv7-m\libc.a(lib_a-strlen.o)
                0x00005a2c                strlen
 .text.strncmp  0x00005a8c       0xa4 c:/nxp/lpcxpresso_6.0.4_159/lpcxpresso/tools/bin/../lib/gcc/arm-none-eabi/4.6.2/../../../../arm-none-eabi/lib/armv7-m\libc.a(lib_a-strncmp.o)
                0x00005a8c                strncmp
 .text._svfprintf_r
                0x00005b30     0x1408 c:/nxp/lpcxpresso_6.0.4_159/lpcxpresso/tools/bin/../lib/gcc/arm-none-eabi/4.6.2/../../../../arm-none-eabi/lib/armv7-m\libc.a(lib_a-svfprintf.o)
                0x00005b30                _svfprintf_r
 .text.__ssvfscanf_r
                0x00006f38      0xeac c:/nxp/lpcxpresso_6.0.4_159/lpcxpresso/tools/bin/../lib/gcc/arm-none-eabi/4.6.2/../../../../arm-none-eabi/lib/armv7-m\libc.a(lib_a-svfscanf.o)
                0x00006f38                __ssvfscanf_r
 .text._vfprintf_r
                0x00007de4     0x171c c:/nxp/lpcxpresso_6.0.4_159/lpcxpresso/tools/bin/../lib/gcc/arm-none-eabi/4.6.2/../../../../arm-none-eabi/lib/armv7-m\libc.a(lib_a-vfprintf.o)
                0x00007de4                _vfprintf_r
 .text.vfprintf
                0x00009500       0x1c c:/nxp/lpcxpresso_6.0.4_159/lpcxpresso/tools/bin/../lib/gcc/arm-none-eabi/4.6.2/../../../../arm-none-eabi/lib/armv7-m\libc.a(lib_a-vfprintf.o)
                0x00009500                vfprintf
 .text.__swbuf_r
                0x0000951c       0xc0 c:/nxp/lpcxpresso_6.0.4_159/lpcxpresso/tools/bin/../lib/gcc/arm-none-eabi/4.6.2/../../../../arm-none-eabi/lib/armv7-m\libc.a(lib_a-wbuf.o)
                0x0000951c                __swbuf_r
 .text._write_r
                0x000095dc       0x28 c:/nxp/lpcxpresso_6.0.4_159/lpcxpresso/tools/bin/../lib/gcc/arm-none-eabi/4.6.2/../../../../arm-none-eabi/lib/armv7-m\libc.a(lib_a-writer.o)
                0x000095dc                _write_r
 .text.__swsetup_r
                0x00009604       0xb8 c:/nxp/lpcxpresso_6.0.4_159/lpcxpresso/tools/bin/../lib/gcc/arm-none-eabi/4.6.2/../../../../arm-none-eabi/lib/armv7-m\libc.a(lib_a-wsetup.o)
                0x00009604                __swsetup_r
 .text._close_r
                0x000096bc       0x24 c:/nxp/lpcxpresso_6.0.4_159/lpcxpresso/tools/bin/../lib/gcc/arm-none-eabi/4.6.2/../../../../arm-none-eabi/lib/armv7-m\libc.a(lib_a-closer.o)
                0x000096bc                _close_r
 .text.quorem   0x000096e0      0x150 c:/nxp/lpcxpresso_6.0.4_159/lpcxpresso/tools/bin/../lib/gcc/arm-none-eabi/4.6.2/../../../../arm-none-eabi/lib/armv7-m\libc.a(lib_a-dtoa.o)
 .text._dtoa_r  0x00009830      0xe60 c:/nxp/lpcxpresso_6.0.4_159/lpcxpresso/tools/bin/../lib/gcc/arm-none-eabi/4.6.2/../../../../arm-none-eabi/lib/armv7-m\libc.a(lib_a-dtoa.o)
                0x00009830                _dtoa_r
 .text.__sflags
                0x0000a690       0x6c c:/nxp/lpcxpresso_6.0.4_159/lpcxpresso/tools/bin/../lib/gcc/arm-none-eabi/4.6.2/../../../../arm-none-eabi/lib/armv7-m\libc.a(lib_a-flags.o)
                0x0000a690                __sflags
 .text._isatty_r
                0x0000a6fc       0x24 c:/nxp/lpcxpresso_6.0.4_159/lpcxpresso/tools/bin/../lib/gcc/arm-none-eabi/4.6.2/../../../../arm-none-eabi/lib/armv7-m\libc.a(lib_a-isattyr.o)
                0x0000a6fc                _isatty_r
 .text.iswspace
                0x0000a720       0x1c c:/nxp/lpcxpresso_6.0.4_159/lpcxpresso/tools/bin/../lib/gcc/arm-none-eabi/4.6.2/../../../../arm-none-eabi/lib/armv7-m\libc.a(lib_a-iswspace.o)
                0x0000a720                iswspace
 .text.__locale_charset
                0x0000a73c        0xc c:/nxp/lpcxpresso_6.0.4_159/lpcxpresso/tools/bin/../lib/gcc/arm-none-eabi/4.6.2/../../../../arm-none-eabi/lib/armv7-m\libc.a(lib_a-locale.o)
                0x0000a73c                __locale_charset
 .text.__locale_mb_cur_max
                0x0000a748        0xc c:/nxp/lpcxpresso_6.0.4_159/lpcxpresso/tools/bin/../lib/gcc/arm-none-eabi/4.6.2/../../../../arm-none-eabi/lib/armv7-m\libc.a(lib_a-locale.o)
                0x0000a748                __locale_mb_cur_max
 .text._localeconv_r
                0x0000a754        0xc c:/nxp/lpcxpresso_6.0.4_159/lpcxpresso/tools/bin/../lib/gcc/arm-none-eabi/4.6.2/../../../../arm-none-eabi/lib/armv7-m\libc.a(lib_a-locale.o)
                0x0000a754                _localeconv_r
 .text._lseek_r
                0x0000a760       0x28 c:/nxp/lpcxpresso_6.0.4_159/lpcxpresso/tools/bin/../lib/gcc/arm-none-eabi/4.6.2/../../../../arm-none-eabi/lib/armv7-m\libc.a(lib_a-lseekr.o)
                0x0000a760                _lseek_r
 .text._mbrtowc_r
                0x0000a788       0x58 c:/nxp/lpcxpresso_6.0.4_159/lpcxpresso/tools/bin/../lib/gcc/arm-none-eabi/4.6.2/../../../../arm-none-eabi/lib/armv7-m\libc.a(lib_a-mbrtowc.o)
                0x0000a788                _mbrtowc_r
 .text.__ascii_mbtowc
                0x0000a7e0       0x28 c:/nxp/lpcxpresso_6.0.4_159/lpcxpresso/tools/bin/../lib/gcc/arm-none-eabi/4.6.2/../../../../arm-none-eabi/lib/armv7-m\libc.a(lib_a-mbtowc_r.o)
                0x0000a7e0                __ascii_mbtowc
 .text._Balloc  0x0000a808       0x4c c:/nxp/lpcxpresso_6.0.4_159/lpcxpresso/tools/bin/../lib/gcc/arm-none-eabi/4.6.2/../../../../arm-none-eabi/lib/armv7-m\libc.a(lib_a-mprec.o)
                0x0000a808                _Balloc
 .text._Bfree   0x0000a854       0x14 c:/nxp/lpcxpresso_6.0.4_159/lpcxpresso/tools/bin/../lib/gcc/arm-none-eabi/4.6.2/../../../../arm-none-eabi/lib/armv7-m\libc.a(lib_a-mprec.o)
                0x0000a854                _Bfree
 .text.__multadd
                0x0000a868       0x84 c:/nxp/lpcxpresso_6.0.4_159/lpcxpresso/tools/bin/../lib/gcc/arm-none-eabi/4.6.2/../../../../arm-none-eabi/lib/armv7-m\libc.a(lib_a-mprec.o)
                0x0000a868                __multadd
 .text.__s2b    0x0000a8ec       0x98 c:/nxp/lpcxpresso_6.0.4_159/lpcxpresso/tools/bin/../lib/gcc/arm-none-eabi/4.6.2/../../../../arm-none-eabi/lib/armv7-m\libc.a(lib_a-mprec.o)
                0x0000a8ec                __s2b
 .text.__hi0bits
                0x0000a984       0x3c c:/nxp/lpcxpresso_6.0.4_159/lpcxpresso/tools/bin/../lib/gcc/arm-none-eabi/4.6.2/../../../../arm-none-eabi/lib/armv7-m\libc.a(lib_a-mprec.o)
                0x0000a984                __hi0bits
 .text.__lo0bits
                0x0000a9c0       0x5c c:/nxp/lpcxpresso_6.0.4_159/lpcxpresso/tools/bin/../lib/gcc/arm-none-eabi/4.6.2/../../../../arm-none-eabi/lib/armv7-m\libc.a(lib_a-mprec.o)
                0x0000a9c0                __lo0bits
 .text.__i2b    0x0000aa1c       0x14 c:/nxp/lpcxpresso_6.0.4_159/lpcxpresso/tools/bin/../lib/gcc/arm-none-eabi/4.6.2/../../../../arm-none-eabi/lib/armv7-m\libc.a(lib_a-mprec.o)
                0x0000aa1c                __i2b
 .text.__multiply
                0x0000aa30      0x144 c:/nxp/lpcxpresso_6.0.4_159/lpcxpresso/tools/bin/../lib/gcc/arm-none-eabi/4.6.2/../../../../arm-none-eabi/lib/armv7-m\libc.a(lib_a-mprec.o)
                0x0000aa30                __multiply
 .text.__pow5mult
                0x0000ab74       0x98 c:/nxp/lpcxpresso_6.0.4_159/lpcxpresso/tools/bin/../lib/gcc/arm-none-eabi/4.6.2/../../../../arm-none-eabi/lib/armv7-m\libc.a(lib_a-mprec.o)
                0x0000ab74                __pow5mult
 .text.__lshift
                0x0000ac0c       0xc0 c:/nxp/lpcxpresso_6.0.4_159/lpcxpresso/tools/bin/../lib/gcc/arm-none-eabi/4.6.2/../../../../arm-none-eabi/lib/armv7-m\libc.a(lib_a-mprec.o)
                0x0000ac0c                __lshift
 .text.__mcmp   0x0000accc       0x3c c:/nxp/lpcxpresso_6.0.4_159/lpcxpresso/tools/bin/../lib/gcc/arm-none-eabi/4.6.2/../../../../arm-none-eabi/lib/armv7-m\libc.a(lib_a-mprec.o)
                0x0000accc                __mcmp
 .text.__mdiff  0x0000ad08       0xd8 c:/nxp/lpcxpresso_6.0.4_159/lpcxpresso/tools/bin/../lib/gcc/arm-none-eabi/4.6.2/../../../../arm-none-eabi/lib/armv7-m\libc.a(lib_a-mprec.o)
                0x0000ad08                __mdiff
 .text.__ulp    0x0000ade0       0x44 c:/nxp/lpcxpresso_6.0.4_159/lpcxpresso/tools/bin/../lib/gcc/arm-none-eabi/4.6.2/../../../../arm-none-eabi/lib/armv7-m\libc.a(lib_a-mprec.o)
                0x0000ade0                __ulp
 .text.__b2d    0x0000ae24       0xb8 c:/nxp/lpcxpresso_6.0.4_159/lpcxpresso/tools/bin/../lib/gcc/arm-none-eabi/4.6.2/../../../../arm-none-eabi/lib/armv7-m\libc.a(lib_a-mprec.o)
                0x0000ae24                __b2d
 .text.__d2b    0x0000aedc       0xcc c:/nxp/lpcxpresso_6.0.4_159/lpcxpresso/tools/bin/../lib/gcc/arm-none-eabi/4.6.2/../../../../arm-none-eabi/lib/armv7-m\libc.a(lib_a-mprec.o)
                0x0000aedc                __d2b
 .text.__ratio  0x0000afa8       0x54 c:/nxp/lpcxpresso_6.0.4_159/lpcxpresso/tools/bin/../lib/gcc/arm-none-eabi/4.6.2/../../../../arm-none-eabi/lib/armv7-m\libc.a(lib_a-mprec.o)
                0x0000afa8                __ratio
 .text.__copybits
                0x0000affc       0x48 c:/nxp/lpcxpresso_6.0.4_159/lpcxpresso/tools/bin/../lib/gcc/arm-none-eabi/4.6.2/../../../../arm-none-eabi/lib/armv7-m\libc.a(lib_a-mprec.o)
                0x0000affc                __copybits
 .text.__any_on
                0x0000b044       0x60 c:/nxp/lpcxpresso_6.0.4_159/lpcxpresso/tools/bin/../lib/gcc/arm-none-eabi/4.6.2/../../../../arm-none-eabi/lib/armv7-m\libc.a(lib_a-mprec.o)
                0x0000b044                __any_on
 .text._read_r  0x0000b0a4       0x28 c:/nxp/lpcxpresso_6.0.4_159/lpcxpresso/tools/bin/../lib/gcc/arm-none-eabi/4.6.2/../../../../arm-none-eabi/lib/armv7-m\libc.a(lib_a-readr.o)
                0x0000b0a4                _read_r
 .text.__fpclassifyd
                0x0000b0cc       0x68 c:/nxp/lpcxpresso_6.0.4_159/lpcxpresso/tools/bin/../lib/gcc/arm-none-eabi/4.6.2/../../../../arm-none-eabi/lib/armv7-m\libc.a(lib_a-s_fpclassify.o)
                0x0000b0cc                __fpclassifyd
 .text.__sccl   0x0000b134       0x68 c:/nxp/lpcxpresso_6.0.4_159/lpcxpresso/tools/bin/../lib/gcc/arm-none-eabi/4.6.2/../../../../arm-none-eabi/lib/armv7-m\libc.a(lib_a-sccl.o)
                0x0000b134                __sccl
 .text.nanf     0x0000b19c        0x8 c:/nxp/lpcxpresso_6.0.4_159/lpcxpresso/tools/bin/../lib/gcc/arm-none-eabi/4.6.2/../../../../arm-none-eabi/lib/armv7-m\libc.a(lib_a-sf_nan.o)
                0x0000b19c                nanf
 .text.match    0x0000b1a4       0x30 c:/nxp/lpcxpresso_6.0.4_159/lpcxpresso/tools/bin/../lib/gcc/arm-none-eabi/4.6.2/../../../../arm-none-eabi/lib/armv7-m\libc.a(lib_a-strtod.o)
 *fill*         0x0000b1d4        0x4 00
 .text._strtod_r
                0x0000b1d8      0xe38 c:/nxp/lpcxpresso_6.0.4_159/lpcxpresso/tools/bin/../lib/gcc/arm-none-eabi/4.6.2/../../../../arm-none-eabi/lib/armv7-m\libc.a(lib_a-strtod.o)
                0x0000b1d8                _strtod_r
 .text._strtol_r
                0x0000c010      0x120 c:/nxp/lpcxpresso_6.0.4_159/lpcxpresso/tools/bin/../lib/gcc/arm-none-eabi/4.6.2/../../../../arm-none-eabi/lib/armv7-m\libc.a(lib_a-strtol.o)
                0x0000c010                _strtol_r
 .text._strtoll_r
                0x0000c130      0x1b4 c:/nxp/lpcxpresso_6.0.4_159/lpcxpresso/tools/bin/../lib/gcc/arm-none-eabi/4.6.2/../../../../arm-none-eabi/lib/armv7-m\libc.a(lib_a-strtoll_r.o)
                0x0000c130                _strtoll_r
 .text._strtoul_r
                0x0000c2e4      0x12c c:/nxp/lpcxpresso_6.0.4_159/lpcxpresso/tools/bin/../lib/gcc/arm-none-eabi/4.6.2/../../../../arm-none-eabi/lib/armv7-m\libc.a(lib_a-strtoul.o)
                0x0000c2e4                _strtoul_r
 .text._strtoull_r
                0x0000c410      0x1c8 c:/nxp/lpcxpresso_6.0.4_159/lpcxpresso/tools/bin/../lib/gcc/arm-none-eabi/4.6.2/../../../../arm-none-eabi/lib/armv7-m\libc.a(lib_a-strtoull_r.o)
                0x0000c410                _strtoull_r
 .text.__ssprint_r
                0x0000c5d8       0xf8 c:/nxp/lpcxpresso_6.0.4_159/lpcxpresso/tools/bin/../lib/gcc/arm-none-eabi/4.6.2/../../../../arm-none-eabi/lib/armv7-m\libc.a(lib_a-svfiprintf.o)
                0x0000c5d8                __ssprint_r
 .text._sungetc_r
                0x0000c6d0       0x84 c:/nxp/lpcxpresso_6.0.4_159/lpcxpresso/tools/bin/../lib/gcc/arm-none-eabi/4.6.2/../../../../arm-none-eabi/lib/armv7-m\libc.a(lib_a-svfiscanf.o)
                0x0000c6d0                _sungetc_r
 .text.__ssrefill_r
                0x0000c754       0x3c c:/nxp/lpcxpresso_6.0.4_159/lpcxpresso/tools/bin/../lib/gcc/arm-none-eabi/4.6.2/../../../../arm-none-eabi/lib/armv7-m\libc.a(lib_a-svfiscanf.o)
                0x0000c754                __ssrefill_r
 .text._sfread_r
                0x0000c790       0x74 c:/nxp/lpcxpresso_6.0.4_159/lpcxpresso/tools/bin/../lib/gcc/arm-none-eabi/4.6.2/../../../../arm-none-eabi/lib/armv7-m\libc.a(lib_a-svfiscanf.o)
                0x0000c790                _sfread_r
 .text.__submore
                0x0000c804       0x84 c:/nxp/lpcxpresso_6.0.4_159/lpcxpresso/tools/bin/../lib/gcc/arm-none-eabi/4.6.2/../../../../arm-none-eabi/lib/armv7-m\libc.a(lib_a-ungetc.o)
                0x0000c804                __submore
 .text.__sprint_r
                0x0000c888       0x80 c:/nxp/lpcxpresso_6.0.4_159/lpcxpresso/tools/bin/../lib/gcc/arm-none-eabi/4.6.2/../../../../arm-none-eabi/lib/armv7-m\libc.a(lib_a-vfiprintf.o)
                0x0000c888                __sprint_r
 .text._calloc_r
                0x0000c908       0x60 c:/nxp/lpcxpresso_6.0.4_159/lpcxpresso/tools/bin/../lib/gcc/arm-none-eabi/4.6.2/../../../../arm-none-eabi/lib/armv7-m\libc.a(lib_a-callocr.o)
                0x0000c908                _calloc_r
 .text._fputwc_r
                0x0000c968       0xd0 c:/nxp/lpcxpresso_6.0.4_159/lpcxpresso/tools/bin/../lib/gcc/arm-none-eabi/4.6.2/../../../../arm-none-eabi/lib/armv7-m\libc.a(lib_a-fputwc.o)
                0x0000c968                _fputwc_r
 .text.rshift   0x0000ca38       0xa8 c:/nxp/lpcxpresso_6.0.4_159/lpcxpresso/tools/bin/../lib/gcc/arm-none-eabi/4.6.2/../../../../arm-none-eabi/lib/armv7-m\libc.a(lib_a-gdtoa-gethex.o)
 .text.__hexdig_init
                0x0000cae0       0x50 c:/nxp/lpcxpresso_6.0.4_159/lpcxpresso/tools/bin/../lib/gcc/arm-none-eabi/4.6.2/../../../../arm-none-eabi/lib/armv7-m\libc.a(lib_a-gdtoa-gethex.o)
                0x0000cae0                __hexdig_init
 .text.__gethex
                0x0000cb30      0x558 c:/nxp/lpcxpresso_6.0.4_159/lpcxpresso/tools/bin/../lib/gcc/arm-none-eabi/4.6.2/../../../../arm-none-eabi/lib/armv7-m\libc.a(lib_a-gdtoa-gethex.o)
                0x0000cb30                __gethex
 .text.__hexnan
                0x0000d088      0x1c0 c:/nxp/lpcxpresso_6.0.4_159/lpcxpresso/tools/bin/../lib/gcc/arm-none-eabi/4.6.2/../../../../arm-none-eabi/lib/armv7-m\libc.a(lib_a-gdtoa-hexnan.o)
                0x0000d088                __hexnan
 .text._wcrtomb_r
                0x0000d248       0x4c c:/nxp/lpcxpresso_6.0.4_159/lpcxpresso/tools/bin/../lib/gcc/arm-none-eabi/4.6.2/../../../../arm-none-eabi/lib/armv7-m\libc.a(lib_a-wcrtomb.o)
                0x0000d248                _wcrtomb_r
 .text.__ascii_wctomb
                0x0000d294       0x1c c:/nxp/lpcxpresso_6.0.4_159/lpcxpresso/tools/bin/../lib/gcc/arm-none-eabi/4.6.2/../../../../arm-none-eabi/lib/armv7-m\libc.a(lib_a-wctomb_r.o)
                0x0000d294                __ascii_wctomb
 .text._sbrk    0x0000d2b0       0x3c c:/nxp/lpcxpresso_6.0.4_159/lpcxpresso/tools/bin/../lib/gcc/arm-none-eabi/4.6.2/../../../../arm-none-eabi/lib/armv7-m\libcr_newlib_nohost.a(_cr_sbrk.o)
                0x0000d2b0                _sbrk
 .text.__check_heap_overflow
                0x0000d2ec       0x2c c:/nxp/lpcxpresso_6.0.4_159/lpcxpresso/tools/bin/../lib/gcc/arm-none-eabi/4.6.2/../../../../arm-none-eabi/lib/armv7-m\libcr_newlib_nohost.a(_cr_check_heap.o)
                0x0000d2ec                __check_heap_overflow
 .text          0x0000d318       0x54 c:/nxp/lpcxpresso_6.0.4_159/lpcxpresso/tools/bin/../lib/gcc/arm-none-eabi/4.6.2/armv7-m\crtbegin.o
 .text          0x0000d36c      0x110 c:/nxp/lpcxpresso_6.0.4_159/lpcxpresso/tools/bin/../lib/gcc/arm-none-eabi/4.6.2/armv7-m\libgcc.a(_arm_cmpdf2.o)
                0x0000d36c                __gtdf2
                0x0000d36c                __gedf2
                0x0000d374                __ltdf2
                0x0000d374                __ledf2
                0x0000d37c                __nedf2
                0x0000d37c                __eqdf2
                0x0000d37c                __cmpdf2
                0x0000d3f8                __aeabi_cdrcmple
                0x0000d408                __aeabi_cdcmpeq
                0x0000d408                __aeabi_cdcmple
                0x0000d418                __aeabi_dcmpeq
                0x0000d42c                __aeabi_dcmplt
                0x0000d440                __aeabi_dcmple
                0x0000d454                __aeabi_dcmpge
                0x0000d468                __aeabi_dcmpgt
 .text          0x0000d47c       0x50 c:/nxp/lpcxpresso_6.0.4_159/lpcxpresso/tools/bin/../lib/gcc/arm-none-eabi/4.6.2/armv7-m\libgcc.a(_arm_fixdfsi.o)
                0x0000d47c                __aeabi_d2iz
                0x0000d47c                __fixdfsi
 .text          0x0000d4cc       0x40 c:/nxp/lpcxpresso_6.0.4_159/lpcxpresso/tools/bin/../lib/gcc/arm-none-eabi/4.6.2/armv7-m\libgcc.a(_arm_fixunsdfsi.o)
                0x0000d4cc                __aeabi_d2uiz
                0x0000d4cc                __fixunsdfsi
 *(.rodata .rodata.*)
 *fill*         0x0000d50c        0x4 00
 .rodata._ZTVN4mbed10SerialBaseE
                0x0000d510       0x10 ./main.o
                0x0000d510                vtable for mbed::SerialBase
 .rodata.str1.1
                0x0000d520       0xcc ./main.o
 .rodata.str1.4
                0x0000d5ec       0x80 C:/nxp/LPCXpresso_6.0.4_159/lpcxpresso/C/workspac/LPC_slaveHata/mbed/TARGET_LPC1768/TOOLCHAIN_GCC_CR/board.o
 .rodata.__stdin_name
                0x0000d66c        0x8 C:/nxp/LPCXpresso_6.0.4_159/lpcxpresso/C/workspac/LPC_slaveHata/mbed/TARGET_LPC1768/TOOLCHAIN_GCC_CR/retarget.o
                0x0000d66c                __stdin_name
 .rodata.__stderr_name
                0x0000d674        0x8 C:/nxp/LPCXpresso_6.0.4_159/lpcxpresso/C/workspac/LPC_slaveHata/mbed/TARGET_LPC1768/TOOLCHAIN_GCC_CR/retarget.o
                0x0000d674                __stderr_name
 .rodata.__stdout_name
                0x0000d67c        0x8 C:/nxp/LPCXpresso_6.0.4_159/lpcxpresso/C/workspac/LPC_slaveHata/mbed/TARGET_LPC1768/TOOLCHAIN_GCC_CR/retarget.o
                0x0000d67c                __stdout_name
 *fill*         0x0000d684        0x4 00
 .rodata._ZTVN4mbed10FileHandleE
                0x0000d688       0x30 C:/nxp/LPCXpresso_6.0.4_159/lpcxpresso/C/workspac/LPC_slaveHata/mbed/TARGET_LPC1768/TOOLCHAIN_GCC_CR/retarget.o
                0x0000d688                vtable for mbed::FileHandle
 .rodata.str1.4
                0x0000d6b8        0xe C:/nxp/LPCXpresso_6.0.4_159/lpcxpresso/C/workspac/LPC_slaveHata/mbed/TARGET_LPC1768/TOOLCHAIN_GCC_CR/retarget.o
                                 0x10 (size before relaxing)
 *fill*         0x0000d6c6        0x2 00
 .rodata.PinMap_PWM
                0x0000d6c8       0xb4 C:\nxp\LPCXpresso_6.0.4_159\lpcxpresso\C\workspac\LPC_slaveHata\mbed\TARGET_LPC1768\TOOLCHAIN_GCC_CR\libmbed.a(pwmout_api.o)
 .rodata.str1.4
                0x0000d77c       0x7c C:\nxp\LPCXpresso_6.0.4_159\lpcxpresso\C\workspac\LPC_slaveHata\mbed\TARGET_LPC1768\TOOLCHAIN_GCC_CR\libmbed.a(pwmout_api.o)
 .rodata.PinMap_UART_RTS
                0x0000d7f8       0x24 C:\nxp\LPCXpresso_6.0.4_159\lpcxpresso\C\workspac\LPC_slaveHata\mbed\TARGET_LPC1768\TOOLCHAIN_GCC_CR\libmbed.a(serial_api.o)
 .rodata.CSWTCH.24
                0x0000d81c       0x10 C:\nxp\LPCXpresso_6.0.4_159\lpcxpresso\C\workspac\LPC_slaveHata\mbed\TARGET_LPC1768\TOOLCHAIN_GCC_CR\libmbed.a(serial_api.o)
 .rodata.PinMap_UART_RX
                0x0000d82c       0x6c C:\nxp\LPCXpresso_6.0.4_159\lpcxpresso\C\workspac\LPC_slaveHata\mbed\TARGET_LPC1768\TOOLCHAIN_GCC_CR\libmbed.a(serial_api.o)
 .rodata.str1.4
                0x0000d898      0x1d0 C:\nxp\LPCXpresso_6.0.4_159\lpcxpresso\C\workspac\LPC_slaveHata\mbed\TARGET_LPC1768\TOOLCHAIN_GCC_CR\libmbed.a(serial_api.o)
                                0x1e8 (size before relaxing)
 .rodata.PinMap_UART_TX
                0x0000da68       0x6c C:\nxp\LPCXpresso_6.0.4_159\lpcxpresso\C\workspac\LPC_slaveHata\mbed\TARGET_LPC1768\TOOLCHAIN_GCC_CR\libmbed.a(serial_api.o)
 .rodata.PinMap_UART_CTS
                0x0000dad4       0x24 C:\nxp\LPCXpresso_6.0.4_159\lpcxpresso\C\workspac\LPC_slaveHata\mbed\TARGET_LPC1768\TOOLCHAIN_GCC_CR\libmbed.a(serial_api.o)
 .rodata._ZTVN4mbed3CANE
                0x0000daf8       0x10 C:\nxp\LPCXpresso_6.0.4_159\lpcxpresso\C\workspac\LPC_slaveHata\mbed\TARGET_LPC1768\TOOLCHAIN_GCC_CR\libmbed.a(CAN.o)
                0x0000daf8                vtable for mbed::CAN
 .rodata._ZTVN4mbed6SerialE
                0x0000db08       0x60 C:\nxp\LPCXpresso_6.0.4_159\lpcxpresso\C\workspac\LPC_slaveHata\mbed\TARGET_LPC1768\TOOLCHAIN_GCC_CR\libmbed.a(Serial.o)
                0x0000db08                vtable for mbed::Serial
 .rodata._ZTVN4mbed6StreamE
                0x0000db68       0x48 C:\nxp\LPCXpresso_6.0.4_159\lpcxpresso\C\workspac\LPC_slaveHata\mbed\TARGET_LPC1768\TOOLCHAIN_GCC_CR\libmbed.a(Stream.o)
                0x0000db68                vtable for mbed::Stream
 .rodata.str1.4
                0x0000dbb0        0x3 C:\nxp\LPCXpresso_6.0.4_159\lpcxpresso\C\workspac\LPC_slaveHata\mbed\TARGET_LPC1768\TOOLCHAIN_GCC_CR\libmbed.a(Stream.o)
                                  0x8 (size before relaxing)
 *fill*         0x0000dbb3        0x1 00
 .rodata.str1.4
                0x0000dbb4       0x31 C:\nxp\LPCXpresso_6.0.4_159\lpcxpresso\C\workspac\LPC_slaveHata\mbed\TARGET_LPC1768\TOOLCHAIN_GCC_CR\libmbed.a(assert.o)
                                 0x34 (size before relaxing)
 .rodata.str1.4
                0x00000000       0x80 C:\nxp\LPCXpresso_6.0.4_159\lpcxpresso\C\workspac\LPC_slaveHata\mbed\TARGET_LPC1768\TOOLCHAIN_GCC_CR\libmbed.a(gpio.o)
 *fill*         0x0000dbe5        0x3 00
 .rodata.str1.4
                0x0000dbe8       0x66 C:\nxp\LPCXpresso_6.0.4_159\lpcxpresso\C\workspac\LPC_slaveHata\mbed\TARGET_LPC1768\TOOLCHAIN_GCC_CR\libmbed.a(pinmap_common.o)
                                 0x68 (size before relaxing)
 *fill*         0x0000dc4e        0x2 00
 .rodata.us_interface
                0x0000dc50       0x14 C:\nxp\LPCXpresso_6.0.4_159\lpcxpresso\C\workspac\LPC_slaveHata\mbed\TARGET_LPC1768\TOOLCHAIN_GCC_CR\libmbed.a(us_ticker_api.o)
 .rodata.us_data
                0x0000dc64        0x8 C:\nxp\LPCXpresso_6.0.4_159\lpcxpresso\C\workspac\LPC_slaveHata\mbed\TARGET_LPC1768\TOOLCHAIN_GCC_CR\libmbed.a(us_ticker_api.o)
 .rodata.timing_pts
                0x0000dc6c       0xb8 C:\nxp\LPCXpresso_6.0.4_159\lpcxpresso\C\workspac\LPC_slaveHata\mbed\TARGET_LPC1768\TOOLCHAIN_GCC_CR\libmbed.a(can_api.o)
 .rodata.PinMap_CAN_RD
                0x0000dd24       0x3c C:\nxp\LPCXpresso_6.0.4_159\lpcxpresso\C\workspac\LPC_slaveHata\mbed\TARGET_LPC1768\TOOLCHAIN_GCC_CR\libmbed.a(can_api.o)
 .rodata.PinMap_CAN_TD
                0x0000dd60       0x3c C:\nxp\LPCXpresso_6.0.4_159\lpcxpresso\C\workspac\LPC_slaveHata\mbed\TARGET_LPC1768\TOOLCHAIN_GCC_CR\libmbed.a(can_api.o)
 .rodata.str1.4
                0x0000dd9c       0x79 C:\nxp\LPCXpresso_6.0.4_159\lpcxpresso\C\workspac\LPC_slaveHata\mbed\TARGET_LPC1768\TOOLCHAIN_GCC_CR\libmbed.a(can_api.o)
                                 0x7c (size before relaxing)
 *fill*         0x0000de15        0x3 00
 .rodata.CSWTCH.24
                0x0000de18        0xc C:\nxp\LPCXpresso_6.0.4_159\lpcxpresso\C\workspac\LPC_slaveHata\mbed\TARGET_LPC1768\TOOLCHAIN_GCC_CR\libmbed.a(can_api.o)
 .rodata.str1.4
                0x0000de24       0x7a C:\nxp\LPCXpresso_6.0.4_159\lpcxpresso\C\workspac\LPC_slaveHata\mbed\TARGET_LPC1768\TOOLCHAIN_GCC_CR\libmbed.a(gpio_api.o)
                                 0x94 (size before relaxing)
 *fill*         0x0000de9e        0x2 00
 .rodata.str1.4
                0x0000dea0       0x64 C:\nxp\LPCXpresso_6.0.4_159\lpcxpresso\C\workspac\LPC_slaveHata\mbed\TARGET_LPC1768\TOOLCHAIN_GCC_CR\libmbed.a(pinmap.o)
                                 0x78 (size before relaxing)
 *fill*         0x0000df04        0x4 00
 .rodata._ZTVN4mbed8FileLikeE
                0x0000df08       0x40 C:\nxp\LPCXpresso_6.0.4_159\lpcxpresso\C\workspac\LPC_slaveHata\mbed\TARGET_LPC1768\TOOLCHAIN_GCC_CR\libmbed.a(FileLike.o)
                0x0000df08                vtable for mbed::FileLike
 .rodata._ZTVN4mbed8FileBaseE
                0x0000df48       0x10 C:\nxp\LPCXpresso_6.0.4_159\lpcxpresso\C\workspac\LPC_slaveHata\mbed\TARGET_LPC1768\TOOLCHAIN_GCC_CR\libmbed.a(FileBase.o)
                0x0000df48                vtable for mbed::FileBase
 .rodata.str1.4
                0x0000df58        0x2 c:/nxp/lpcxpresso_6.0.4_159/lpcxpresso/tools/bin/../lib/gcc/arm-none-eabi/4.6.2/../../../../arm-none-eabi/lib/armv7-m\libc.a(lib_a-impure.o)
                                  0x4 (size before relaxing)
 *fill*         0x0000df5a        0x2 00
 .rodata._global_impure_ptr
                0x0000df5c        0x4 c:/nxp/lpcxpresso_6.0.4_159/lpcxpresso/tools/bin/../lib/gcc/arm-none-eabi/4.6.2/../../../../arm-none-eabi/lib/armv7-m\libc.a(lib_a-impure.o)
                0x0000df5c                _global_impure_ptr
 .rodata.zeroes.6590
                0x0000df60       0x10 c:/nxp/lpcxpresso_6.0.4_159/lpcxpresso/tools/bin/../lib/gcc/arm-none-eabi/4.6.2/../../../../arm-none-eabi/lib/armv7-m\libc.a(lib_a-svfprintf.o)
 .rodata.str1.4
                0x0000df70       0x42 c:/nxp/lpcxpresso_6.0.4_159/lpcxpresso/tools/bin/../lib/gcc/arm-none-eabi/4.6.2/../../../../arm-none-eabi/lib/armv7-m\libc.a(lib_a-svfprintf.o)
                                 0x44 (size before relaxing)
 *fill*         0x0000dfb2        0x2 00
 .rodata.blanks.6589
                0x0000dfb4       0x10 c:/nxp/lpcxpresso_6.0.4_159/lpcxpresso/tools/bin/../lib/gcc/arm-none-eabi/4.6.2/../../../../arm-none-eabi/lib/armv7-m\libc.a(lib_a-svfprintf.o)
 .rodata.str1.4
                0x0000dfc4        0x5 c:/nxp/lpcxpresso_6.0.4_159/lpcxpresso/tools/bin/../lib/gcc/arm-none-eabi/4.6.2/../../../../arm-none-eabi/lib/armv7-m\libc.a(lib_a-svfscanf.o)
                                  0x8 (size before relaxing)
 *fill*         0x0000dfc9        0x3 00
 .rodata.basefix.6510
                0x0000dfcc       0x24 c:/nxp/lpcxpresso_6.0.4_159/lpcxpresso/tools/bin/../lib/gcc/arm-none-eabi/4.6.2/../../../../arm-none-eabi/lib/armv7-m\libc.a(lib_a-svfscanf.o)
 .rodata.zeroes.6605
                0x0000dff0       0x10 c:/nxp/lpcxpresso_6.0.4_159/lpcxpresso/tools/bin/../lib/gcc/arm-none-eabi/4.6.2/../../../../arm-none-eabi/lib/armv7-m\libc.a(lib_a-vfprintf.o)
 .rodata.str1.4
                0x00000000       0x44 c:/nxp/lpcxpresso_6.0.4_159/lpcxpresso/tools/bin/../lib/gcc/arm-none-eabi/4.6.2/../../../../arm-none-eabi/lib/armv7-m\libc.a(lib_a-vfprintf.o)
 .rodata.blanks.6604
                0x0000e000       0x10 c:/nxp/lpcxpresso_6.0.4_159/lpcxpresso/tools/bin/../lib/gcc/arm-none-eabi/4.6.2/../../../../arm-none-eabi/lib/armv7-m\libc.a(lib_a-vfprintf.o)
 .rodata._ctype_
                0x0000e010      0x104 c:/nxp/lpcxpresso_6.0.4_159/lpcxpresso/tools/bin/../lib/gcc/arm-none-eabi/4.6.2/../../../../arm-none-eabi/lib/armv7-m\libc.a(lib_a-ctype_.o)
                0x0000e010                _ctype_
 .rodata.str1.4
                0x0000e114       0x10 c:/nxp/lpcxpresso_6.0.4_159/lpcxpresso/tools/bin/../lib/gcc/arm-none-eabi/4.6.2/../../../../arm-none-eabi/lib/armv7-m\libc.a(lib_a-dtoa.o)
                                 0x14 (size before relaxing)
 .rodata.str1.4
                0x0000e124        0xa c:/nxp/lpcxpresso_6.0.4_159/lpcxpresso/tools/bin/../lib/gcc/arm-none-eabi/4.6.2/../../../../arm-none-eabi/lib/armv7-m\libc.a(lib_a-locale.o)
                                 0x14 (size before relaxing)
 .rodata.str1.4
                0x00000000        0x4 c:/nxp/lpcxpresso_6.0.4_159/lpcxpresso/tools/bin/../lib/gcc/arm-none-eabi/4.6.2/../../../../arm-none-eabi/lib/armv7-m\libc.a(lib_a-mbrtowc.o)
 *fill*         0x0000e12e        0x2 00
 .rodata.__mprec_tens
                0x0000e130       0xc8 c:/nxp/lpcxpresso_6.0.4_159/lpcxpresso/tools/bin/../lib/gcc/arm-none-eabi/4.6.2/../../../../arm-none-eabi/lib/armv7-m\libc.a(lib_a-mprec.o)
                0x0000e130                __mprec_tens
 .rodata.__mprec_bigtens
                0x0000e1f8       0x28 c:/nxp/lpcxpresso_6.0.4_159/lpcxpresso/tools/bin/../lib/gcc/arm-none-eabi/4.6.2/../../../../arm-none-eabi/lib/armv7-m\libc.a(lib_a-mprec.o)
                0x0000e1f8                __mprec_bigtens
 .rodata.p05.5111
                0x0000e220        0xc c:/nxp/lpcxpresso_6.0.4_159/lpcxpresso/tools/bin/../lib/gcc/arm-none-eabi/4.6.2/../../../../arm-none-eabi/lib/armv7-m\libc.a(lib_a-mprec.o)
 .rodata.str1.4
                0x0000e22c        0xf c:/nxp/lpcxpresso_6.0.4_159/lpcxpresso/tools/bin/../lib/gcc/arm-none-eabi/4.6.2/../../../../arm-none-eabi/lib/armv7-m\libc.a(lib_a-strtod.o)
                                 0x10 (size before relaxing)
 *fill*         0x0000e23b        0x5 00
 .rodata.tinytens
                0x0000e240       0x28 c:/nxp/lpcxpresso_6.0.4_159/lpcxpresso/tools/bin/../lib/gcc/arm-none-eabi/4.6.2/../../../../arm-none-eabi/lib/armv7-m\libc.a(lib_a-strtod.o)
 .rodata.str1.4
                0x0000e268       0x1c c:/nxp/lpcxpresso_6.0.4_159/lpcxpresso/tools/bin/../lib/gcc/arm-none-eabi/4.6.2/../../../../arm-none-eabi/lib/armv7-m\libc.a(lib_a-gdtoa-gethex.o)
                0x0000e284                . = ALIGN (0x4)
                0x0000e284                . = ALIGN (0x4)
 *(.init)
 .init          0x0000e284        0x4 c:/nxp/lpcxpresso_6.0.4_159/lpcxpresso/tools/bin/../lib/gcc/arm-none-eabi/4.6.2/armv7-m\crti.o
                0x0000e284                _init
 .init          0x0000e288        0x8 c:/nxp/lpcxpresso_6.0.4_159/lpcxpresso/tools/bin/../lib/gcc/arm-none-eabi/4.6.2/armv7-m\crtn.o
                0x0000e290                . = ALIGN (0x4)
                0x0000e290                __preinit_array_start = .
 *(.preinit_array)
                0x0000e290                __preinit_array_end = .
                0x0000e290                . = ALIGN (0x4)
                0x0000e290                __init_array_start = .
 *(SORT(.init_array.*))
 *(.init_array)
 .init_array    0x0000e290        0x4 ./myLIB/mySerial.o
 .init_array    0x0000e294        0x4 ./Motor/Motor.o
 .init_array    0x0000e298        0x4 ./main.o
 .init_array    0x0000e29c        0x4 c:/nxp/lpcxpresso_6.0.4_159/lpcxpresso/tools/bin/../lib/gcc/arm-none-eabi/4.6.2/armv7-m\crtbegin.o
                0x0000e2a0                __init_array_end = .
 *(.fini)
 .fini          0x0000e2a0        0x4 c:/nxp/lpcxpresso_6.0.4_159/lpcxpresso/tools/bin/../lib/gcc/arm-none-eabi/4.6.2/armv7-m\crti.o
                0x0000e2a0                _fini
 .fini          0x0000e2a4        0x8 c:/nxp/lpcxpresso_6.0.4_159/lpcxpresso/tools/bin/../lib/gcc/arm-none-eabi/4.6.2/armv7-m\crtn.o
                0x0000e2ac                . = ALIGN (0x4)
 *crtbegin.o(.ctors)
 *(EXCLUDE_FILE(*crtend.o) .ctors)
 *(SORT(.ctors.*))
 *crtend.o(.ctors)
                0x0000e2ac                . = ALIGN (0x4)
 *crtbegin.o(.dtors)
 *(EXCLUDE_FILE(*crtend.o) .dtors)
 *(SORT(.dtors.*))
 *crtend.o(.dtors)

.glue_7         0x0000e2ac        0x0
 .glue_7        0x00000000        0x0 linker stubs

.glue_7t        0x0000e2ac        0x0
 .glue_7t       0x00000000        0x0 linker stubs

.vfp11_veneer   0x0000e2ac        0x0
 .vfp11_veneer  0x00000000        0x0 linker stubs

.v4_bx          0x0000e2ac        0x0
 .v4_bx         0x00000000        0x0 linker stubs

.ARM.extab
 *(.ARM.extab* .gnu.linkonce.armextab.*)
                0x0000e2ac                __exidx_start = .

.ARM.exidx      0x0000e2ac        0x8
 *(.ARM.exidx* .gnu.linkonce.armexidx.*)
 .ARM.exidx     0x0000e2ac        0x8 c:/nxp/lpcxpresso_6.0.4_159/lpcxpresso/tools/bin/../lib/gcc/arm-none-eabi/4.6.2/armv7-m\libgcc.a(_divdi3.o)
 .ARM.exidx     0x0000e2b4        0x0 c:/nxp/lpcxpresso_6.0.4_159/lpcxpresso/tools/bin/../lib/gcc/arm-none-eabi/4.6.2/armv7-m\libgcc.a(_udivdi3.o)
                                  0x8 (size before relaxing)
                0x0000e2b4                __exidx_end = .
                0x0000e2b4                _etext = .

.eh_frame       0x0000e2b4        0x0
 .eh_frame      0x0000e2b4        0x0 c:/nxp/lpcxpresso_6.0.4_159/lpcxpresso/tools/bin/../lib/gcc/arm-none-eabi/4.6.2/armv7-m\crtbegin.o

.data_RAM2      0x2007c000        0x0 load address 0x0000e2b4
 FILL mask 0xff
 *(.data.$RAM2*)
 *(.data.$RamAHB32*)
                0x2007c000                . = ALIGN (0x4)

.uninit_RESERVED
 *(.bss.$RESERVED*)

.data           0x100000c8      0x8f0 load address 0x0000e2b4
 FILL mask 0xff
                0x100000c8                _data = .
 *(vtable)
 *(.data*)
 .data.SystemCoreClock
                0x100000c8        0x4 C:/nxp/LPCXpresso_6.0.4_159/lpcxpresso/C/workspac/LPC_slaveHata/mbed/TARGET_LPC1768/TOOLCHAIN_GCC_CR/system_LPC17xx.o
                0x100000c8                SystemCoreClock
 .data.PWM_MATCH